******************************************************************************
               TMS320C6x Linker PC v7.3.4                      
******************************************************************************
>> Linked Thu Apr 21 17:48:52 2016

OUTPUT FILE NAME:   <vlfft_evmc6678l.out>
ENTRY POINT SYMBOL: "_c_int00"  address: 0c2310a0


MEMORY CONFIGURATION

         name            origin    length      used     unused   attr    fill
----------------------  --------  ---------  --------  --------  ----  --------
  L2SRAM                00800000   00400000  0002ff50  003d00b0  RW X
  L2SRAM_1              00c00000   0005a000  0005a000  00000000  RW X
  MSMCSRAM              0c000000   00200000  00200000  00000000  RW X
  MSMCSRAM_1            0c200000   00100000  00038920  000c76e0  RW X
  MSMCSRAM_2            0c300000   00100000  00000000  00100000  RW X
  DDR                   80000000   00200000  00000000  00200000  RW X
  DDR_1                 80200000   04000000  02000000  02000000  RW X


SEGMENT ALLOCATION MAP

run origin  load origin   length   init length attrs members
----------  ----------- ---------- ----------- ----- -------
00800000    00800000    00015f64   00000000    rw-
  00800000    00800000    00015f64   00000000    rw- .far.1
00815f70    00815f70    0000c758   00000000    rw-
  00815f70    00815f70    0000c758   00000000    rw- .far.2
008226d0    008226d0    00000096   00000000    rw-
  008226d0    008226d0    00000096   00000000    rw- .far.3
00822770    00822770    00004948   00004948    rw-
  00822770    00822770    00004948   00004948    rw- .fardata.1
008270c0    008270c0    00000548   00000548    rw-
  008270c0    008270c0    00000548   00000548    rw- .fardata.2
00827610    00827610    00000078   00000078    rw-
  00827610    00827610    00000078   00000078    rw- .fardata.3
00827690    00827690    00000408   00000408    rw-
  00827690    00827690    00000408   00000408    rw- .fardata.4
00827aa0    00827aa0    000000d8   000000d8    rw-
  00827aa0    00827aa0    000000d8   000000d8    rw- .fardata.5
00827b80    00827b80    00000014   00000014    rw-
  00827b80    00827b80    00000014   00000014    rw- .fardata.6
00827ba0    00827ba0    00000014   00000014    rw-
  00827ba0    00827ba0    00000014   00000014    rw- .fardata.7
00827bc0    00827bc0    00000014   00000014    rw-
  00827bc0    00827bc0    00000014   00000014    rw- .fardata.8
00827be0    00827be0    00000068   00000068    rw-
  00827be0    00827be0    00000068   00000068    rw- .fardata.9
00827c50    00827c50    00000008   00000008    rw-
  00827c50    00827c50    00000008   00000008    rw- .fardata.10
00827c60    00827c60    00000004   00000004    rw-
  00827c60    00827c60    00000004   00000004    rw- .fardata.11
00827c70    00827c70    00000004   00000004    rw-
  00827c70    00827c70    00000004   00000004    rw- .fardata.12
00827c80    00827c80    00000004   00000004    rw-
  00827c80    00827c80    00000004   00000004    rw- .fardata.13
00827c90    00827c90    00000004   00000004    rw-
  00827c90    00827c90    00000004   00000004    rw- .fardata.14
00827ca0    00827ca0    00000004   00000004    rw-
  00827ca0    00827ca0    00000004   00000004    rw- .fardata.15
00827cb0    00827cb0    00000004   00000004    rw-
  00827cb0    00827cb0    00000004   00000004    rw- .fardata.16
00827cc0    00827cc0    00000004   00000004    rw-
  00827cc0    00827cc0    00000004   00000004    rw- .fardata.17
00827cd0    00827cd0    00000004   00000004    rw-
  00827cd0    00827cd0    00000004   00000004    rw- .fardata.18
00827ce0    00827ce0    00000004   00000004    rw-
  00827ce0    00827ce0    00000004   00000004    rw- .fardata.19
00827cf0    00827cf0    00000004   00000004    rw-
  00827cf0    00827cf0    00000004   00000004    rw- .fardata.20
00827d00    00827d00    00000004   00000004    rw-
  00827d00    00827d00    00000004   00000004    rw- .fardata.21
00827d10    00827d10    0000487a   0000487a    r--
  00827d10    00827d10    0000487a   0000487a    r-- .const
0082c590    0082c590    00001120   00000000    rw-
  0082c590    0082c590    00001000   00000000    rw- .stack
  0082d590    0082d590    00000120   00000000    rw- .cio
0082d6b0    0082d6b0    00000058   00000058    r--
  0082d6b0    0082d6b0    00000058   00000058    r-- .switch
0082d708    0082d708    0000000c   00000000    rw-
  0082d708    0082d708    0000000c   00000000    rw- .bss
0082d714    0082d714    0000002a   0000002a    rw-
  0082d714    0082d714    0000002a   0000002a    rw- .neardata
0082d740    0082d740    00000008   00000008    r--
  0082d740    0082d740    00000008   00000008    r-- .rodata
0082d748    0082d748    0000290c   0000290c    r--
  0082d748    0082d748    0000290c   0000290c    r-- .cinit
00c00000    00c00000    0005a000   00000000    rw-
  00c00000    00c00000    0005a000   00000000    rw- .internalMEM
0c200000    0c200000    00038720   00038720    r-x
  0c200000    0c200000    00038720   00038720    r-x .text
0c238800    0c238800    00000200   00000200    r-x
  0c238800    0c238800    00000200   00000200    r-x .vecs
80200000    80200000    02000000   00000000    rw-
  80200000    80200000    02000000   00000000    rw- .externalMEM


SECTION ALLOCATION MAP

 output                                  attributes/
section   page    origin      length       input sections
--------  ----  ----------  ----------   ----------------
.init_array 
*          0    00800000    00000000     UNINITIALIZED

xdc.meta   0    00800000    00000118     COPY SECTION
                  00800000    00000118     vlfft_evmc6678l_pe66.oe66 (xdc.meta)

.far.1     0    00800000    00015f64     UNINITIALIZED
                  00800000    0000df40     edma3_lld_drv.ae66 : edma3_drv_init.oe66 (.far)
                  0080df40    00008024     vlfft_evmc6678l_pe66.oe66 (.far)

.far.2     0    00815f70    0000c758     UNINITIALIZED
                  00815f70    00007a60     edma3_lld_rm.ae66 : edma3resmgr.oe66 (.far)
                  0081d9d0    000042e0                       : edma3_rm_gbl_data.oe66 (.far)
                  00821cb0    00000800     vlfft_evmc6678l_pe66.oe66 (.far:taskStackSection)
                  008224b0    00000140     rts6600_elf.lib : defs.obj (.far)
                  008225f0    000000d8                     : trgdrv.obj (.far)

.far.3     0    008226d0    00000096     UNINITIALIZED
                  008226d0    00000096     vlfftApps.obj (.far)

.fardata.1 
*          0    00822770    00004948     
                  00822770    00000fc0     edma3_lld_rm.ae66 : edma3_c6678_cfg.oe66 (.fardata:defInstInitConfig)
                  00823730    00000fc0     edma3_lld_drv_sample.ae66 : sample_c6678_cfg.oe66 (.fardata:sampleInstInitConfig)
                  008246f0    00000888     edma3_lld_rm.ae66 : edma3_c6678_cfg.oe66 (.fardata:edma3GblCfgParams)
                  00824f78    00000008     rts6600_elf.lib : _lock.obj (.fardata)
                  00824f80    00000888     edma3_lld_drv_sample.ae66 : sample_c6678_cfg.oe66 (.fardata:sampleEdma3GblCfgParams)
                  00825808    00000004     rts6600_elf.lib : defs.obj (.fardata)
                  0082580c    00000004                     : dtor_list.obj (.fardata)
                  00825810    00000800     vlfft_evmc6678l_pe66.oe66 (.fardata:ti_sdo_ipc_GateMP_Module_State_0_remoteCustom1Gates__A)
                  00826010    00000730     vlfft_evmc6678l_pe66.oe66 (.fardata)
                  00826740    00000500     vlfft_evmc6678l_pe66.oe66 (.fardata:ti_sysbios_family_c66_tci66xx_CpIntc_Module_State_0_dispatchTab__A)
                  00826c40    000001e0     rts6600_elf.lib : defs.obj (.fardata:_ftable)
                  00826e20    00000180     vlfft_evmc6678l_pe66.oe66 (.fardata:ti_sysbios_timers_timer64_Timer_Module_State_0_device__A)
                  00826fa0    00000118     vlfft_evmc6678l_pe66.oe66 (.fardata:ti_sdo_utils_NameServer_Object__table__V)

.fardata.2 
*          0    008270c0    00000548     
                  008270c0    000000a0     rts6600_elf.lib : lowlev.obj (.fardata:_stream)
                  00827160    000000a0     vlfft_evmc6678l_pe66.oe66 (.fardata:ti_sdo_ipc_Ipc_Module_State_0_procEntry__A)
                  00827200    00000090     vlfft_evmc6678l_pe66.oe66 (.fardata:ti_sdo_ipc_SharedRegion_Module_State_0_regions__A)
                  00827290    00000080     vlfft_evmc6678l_pe66.oe66 (.fardata:ti_sdo_ipc_GateMP_Module_State_0_remoteSystemGates__A)
                  00827310    00000080     vlfft_evmc6678l_pe66.oe66 (.fardata:ti_sysbios_knl_Swi_Module_State_0_readyQ__A)
                  00827390    00000080     vlfft_evmc6678l_pe66.oe66 (.fardata:ti_sysbios_knl_Task_Module_State_0_readyQ__A)
                  00827410    00000080     vlfft_evmc6678l_pe66.oe66 (.fardata:ti_sysbios_timers_timer64_Timer_Module_State_0_gctrl__A)
                  00827490    00000080     vlfft_evmc6678l_pe66.oe66 (.fardata:ti_sysbios_timers_timer64_Timer_Module_State_0_handles__A)
                  00827510    00000080     vlfft_evmc6678l_pe66.oe66 (.fardata:ti_sysbios_timers_timer64_Timer_Module_State_0_intFreqs__A)
                  00827590    00000078     rts6600_elf.lib : lowlev.obj (.fardata:_device)

.fardata.3 
*          0    00827610    00000078     
                  00827610    00000078     vlfft_evmc6678l_pe66.oe66 (.fardata:ti_sysbios_family_c64p_Hwi_Object__table__V)

.fardata.4 
*          0    00827690    00000408     
                  00827690    00000060     edma3_lld_drv_sample.ae66 : sample_c6678_cfg.oe66 (.fardata:ccXferCompInt)
                  008276f0    00000060                               : sample_c6678_int_reg.oe66 (.fardata:ccXferHostInt)
                  00827750    00000060                               : sample_c6678_int_reg.oe66 (.fardata:edma3ErrHostInt)
                  008277b0    00000060                               : sample_c6678_cfg.oe66 (.fardata:tcErrorInt)
                  00827810    0000004c     vlfft_evmc6678l_pe66.oe66 (.fardata:ti_sysbios_family_c66_tci66xx_CpIntc_Module_State_0_hostIntToSysInt__A)
                  0082785c    00000004     --HOLE--
                  00827860    0000004c     vlfft_evmc6678l_pe66.oe66 (.fardata:ti_sysbios_timers_timer64_Timer_Object__table__V)
                  008278ac    00000004     --HOLE--
                  008278b0    00000044     vlfft_evmc6678l_pe66.oe66 (.fardata:ti_sysbios_knl_Task_Object__table__V)
                  008278f4    0000000c     rts6600_elf.lib : exit.obj (.fardata)
                  00827900    00000040                     : cos.obj (.fardata:R$1)
                  00827940    00000040                     : sin.obj (.fardata:R$1)
                  00827980    00000040     vlfft_evmc6678l_pe66.oe66 (.fardata:ti_sdo_ipc_MessageQ_Module_State_0_transports__A)
                  008279c0    00000040     vlfft_evmc6678l_pe66.oe66 (.fardata:ti_sdo_ipc_family_c647x_Interrupt_Module_State_0_fxnTable__A)
                  00827a00    00000040     vlfft_evmc6678l_pe66.oe66 (.fardata:ti_sysbios_gates_GateMutex_Object__table__V)
                  00827a40    00000030     vlfft_evmc6678l_pe66.oe66 (.fardata:ti_sysbios_knl_Swi_Object__table__V)
                  00827a70    00000028     edma3_lld_rm.ae66 : edma3resmgr.oe66 (.fardata:allocatedTCCs)

.fardata.5 
*          0    00827aa0    000000d8     
                  00827aa0    00000020     edma3_lld_drv_sample.ae66 : sample_c6678_cfg.oe66 (.fardata:gblCfgReqdArray)
                  00827ac0    00000020                               : sample_c6678_int_reg.oe66 (.fardata:ptrEdma3TcIsrHandler)
                  00827ae0    00000020     vlfft_evmc6678l_pe66.oe66 (.fardata:ti_sdo_ipc_MessageQ_Module_State_0_heaps__A)
                  00827b00    00000020     vlfft_evmc6678l_pe66.oe66 (.fardata:ti_sdo_ipc_Notify_Module_State_0_notifyHandles__A)
                  00827b20    00000020     vlfft_evmc6678l_pe66.oe66 (.fardata:ti_sdo_ipc_transports_TransportShmSetup_Module_State_0_handles__A)
                  00827b40    00000020     vlfft_evmc6678l_pe66.oe66 (.fardata:xdc_runtime_System_Module_State_0_atexitHandlers__A)
                  00827b60    00000018     vlfft_evmc6678l_pe66.oe66 (.fardata:ti_sysbios_gates_GateMutexPri_Object__table__V)

.fardata.6 
*          0    00827b80    00000014     
                  00827b80    00000014     edma3_lld_rm.ae66 : edma3resmgr.oe66 (.fardata:masterExists)

.fardata.7 
*          0    00827ba0    00000014     
                  00827ba0    00000014     vlfft_evmc6678l_pe66.oe66 (.fardata:ti_sysbios_family_c66_tci66xx_CpIntc_Module_State_0_initSIER__A)

.fardata.8 
*          0    00827bc0    00000014     
                  00827bc0    00000014     vlfft_evmc6678l_pe66.oe66 (.fardata:ti_sysbios_heaps_HeapMem_Object__table__V)

.fardata.9 
*          0    00827be0    00000068     
                  00827be0    00000010     vlfft_evmc6678l_pe66.oe66 (.fardata:ti_sysbios_family_c66_tci66xx_CpIntc_Module_State_0_controller__A)
                  00827bf0    00000010     vlfft_evmc6678l_pe66.oe66 (.fardata:ti_sysbios_gates_GateAll_Object__table__V)
                  00827c00    0000000c     edma3_lld_drv_sample.ae66 : sample_c6678_cfg.oe66 (.fardata:ccErrorInt)
                  00827c0c    00000004     --HOLE--
                  00827c10    0000000c                               : sample_c6678_cfg.oe66 (.fardata:numEdma3Tc)
                  00827c1c    00000004     --HOLE--
                  00827c20    0000000c                               : sample_c6678_cfg.oe66 (.fardata:semHandle)
                  00827c2c    00000004     --HOLE--
                  00827c30    0000000c     vlfft_evmc6678l_pe66.oe66 (.fardata:ti_sysbios_gates_GateSwi_Object__table__V)
                  00827c3c    00000004     --HOLE--
                  00827c40    00000008     vlfft_evmc6678l_pe66.oe66 (.fardata:ti_sysbios_hal_Hwi_Object__table__V)

.fardata.10 
*          0    00827c50    00000008     
                  00827c50    00000008     vlfft_evmc6678l_pe66.oe66 (.fardata:ti_sysbios_hal_Timer_Object__table__V)

.fardata.11 
*          0    00827c60    00000004     
                  00827c60    00000004     vlfft_evmc6678l_pe66.oe66 (.fardata:ti_sdo_ipc_GateMP_Module_State_0_remoteCustom2Gates__A)

.fardata.12 
*          0    00827c70    00000004     
                  00827c70    00000004     vlfft_evmc6678l_pe66.oe66 (.fardata:ti_sdo_ipc_Notify_Module_State_0_notifyHandles_0__A)

.fardata.13 
*          0    00827c80    00000004     
                  00827c80    00000004     vlfft_evmc6678l_pe66.oe66 (.fardata:ti_sdo_ipc_Notify_Module_State_0_notifyHandles_1__A)

.fardata.14 
*          0    00827c90    00000004     
                  00827c90    00000004     vlfft_evmc6678l_pe66.oe66 (.fardata:ti_sdo_ipc_Notify_Module_State_0_notifyHandles_2__A)

.fardata.15 
*          0    00827ca0    00000004     
                  00827ca0    00000004     vlfft_evmc6678l_pe66.oe66 (.fardata:ti_sdo_ipc_Notify_Module_State_0_notifyHandles_3__A)

.fardata.16 
*          0    00827cb0    00000004     
                  00827cb0    00000004     vlfft_evmc6678l_pe66.oe66 (.fardata:ti_sdo_ipc_Notify_Module_State_0_notifyHandles_4__A)

.fardata.17 
*          0    00827cc0    00000004     
                  00827cc0    00000004     vlfft_evmc6678l_pe66.oe66 (.fardata:ti_sdo_ipc_Notify_Module_State_0_notifyHandles_5__A)

.fardata.18 
*          0    00827cd0    00000004     
                  00827cd0    00000004     vlfft_evmc6678l_pe66.oe66 (.fardata:ti_sdo_ipc_Notify_Module_State_0_notifyHandles_6__A)

.fardata.19 
*          0    00827ce0    00000004     
                  00827ce0    00000004     vlfft_evmc6678l_pe66.oe66 (.fardata:ti_sdo_ipc_Notify_Module_State_0_notifyHandles_7__A)

.fardata.20 
*          0    00827cf0    00000004     
                  00827cf0    00000004     vlfft_evmc6678l_pe66.oe66 (.fardata:ti_sysbios_gates_GateHwi_Object__table__V)

.fardata.21 
*          0    00827d00    00000004     
                  00827d00    00000004     vlfft_evmc6678l_pe66.oe66 (.fardata:xdc_runtime_GateNull_Object__table__V)

.const     0    00827d10    0000487a     
                  00827d10    000025b4     vlfft_evmc6678l_pe66.oe66 (.const:xdc_runtime_Text_charTab__A)
                  0082a2c4    0000042c     sysbios.lib : BIOS.obj (.const:.string)
                  0082a6f0    00000400     vlfft_evmc6678l_pe66.oe66 (.const:ti_sysbios_family_c66_Cache_marvalues__C)
                  0082aaf0    00000178     vlfft_evmc6678l_pe66.oe66 (.const:xdc_runtime_Text_nodeTab__A)
                  0082ac68    00000008     ti.targets.rts6000.ae66 : System.oe66 (.const:.string)
                  0082ac70    00000101     rts6600_elf.lib : ctype.obj (.const:_ctypes_)
                  0082ad71    000000fd     edma3_lld_rm.ae66 : edma3resmgr.oe66 (.const)
                  0082ae6e    00000002     --HOLE-- [fill = 0]
                  0082ae70    000000d0     vlfft_evmc6678l_pe66.oe66 (.const:.string)
                  0082af40    000000a0     vlfft_evmc6678l_pe66.oe66 (.const:ti_sysbios_family_c66_tci66xx_CpIntc_sysIntToHostInt__A)
                  0082afe0    00000081     edma3_lld_drv.ae66 : edma3_drv_init.oe66 (.const)
                  0082b061    00000068                        : edma3_drv_basic.oe66 (.const)
                  0082b0c9    00000064     vlfftApps.obj (.const:.string)
                  0082b12d    00000059     vlfftUtil.obj (.const:.string)
                  0082b186    00000002     --HOLE-- [fill = 0]
                  0082b188    00000058     ti.targets.rts6000.ae66 : Error.oe66 (.const:.string)
                  0082b1e0    00000044     vlfft_evmc6678l_pe66.oe66 (.const:xdc_runtime_Startup_sfxnTab__A)
                  0082b224    00000040     ti.targets.rts6000.ae66 : Text.oe66 (.const:.string)
                  0082b264    0000003e     vlfftEdmaConfig.obj (.const:.string)
                  0082b2a2    00000002     --HOLE-- [fill = 0]
                  0082b2a4    00000038     vlfft_evmc6678l_pe66.oe66 (.const:ti_sdo_ipc_heaps_HeapBufMP_Object__PARAMS__C)
                  0082b2dc    00000038     vlfft_evmc6678l_pe66.oe66 (.const:ti_sdo_ipc_notifyDrivers_NotifyDriverShm_Module__FXNS__C)
                  0082b314    00000038     vlfft_evmc6678l_pe66.oe66 (.const:ti_sysbios_knl_Task_Object__PARAMS__C)
                  0082b34c    00000034     vlfft_evmc6678l_pe66.oe66 (.const:ti_sdo_ipc_GateMP_Object__PARAMS__C)
                  0082b380    00000034     vlfft_evmc6678l_pe66.oe66 (.const:ti_sdo_ipc_notifyDrivers_NotifyDriverShm_Object__PARAMS__C)
                  0082b3b4    00000030     vlfft_evmc6678l_pe66.oe66 (.const:ti_sdo_ipc_heaps_HeapMemMP_Object__PARAMS__C)
                  0082b3e4    00000030     vlfft_evmc6678l_pe66.oe66 (.const:ti_sysbios_family_c64p_Hwi_Object__PARAMS__C)
                  0082b414    0000002c     ti.targets.rts6000.ae66 : Startup.oe66 (.const:.string)
                  0082b440    0000002c     vlfft_evmc6678l_pe66.oe66 (.const:ti_sdo_ipc_ListMP_Object__PARAMS__C)
                  0082b46c    0000002c     vlfft_evmc6678l_pe66.oe66 (.const:ti_sdo_ipc_gates_GateHWSem_Module__FXNS__C)
                  0082b498    0000002c     vlfft_evmc6678l_pe66.oe66 (.const:ti_sdo_ipc_gates_GateMPSupportNull_Module__FXNS__C)
                  0082b4c4    0000002c     vlfft_evmc6678l_pe66.oe66 (.const:ti_sdo_ipc_gates_GatePeterson_Module__FXNS__C)
                  0082b4f0    00000028     vlfft_evmc6678l_pe66.oe66 (.const:ti_sdo_ipc_heaps_HeapBufMP_Module__FXNS__C)
                  0082b518    00000028     vlfft_evmc6678l_pe66.oe66 (.const:ti_sdo_ipc_heaps_HeapMemMP_Module__FXNS__C)
                  0082b540    00000028     vlfft_evmc6678l_pe66.oe66 (.const:ti_sdo_ipc_nsremote_NameServerRemoteNotify_Module__FXNS__C)
                  0082b568    00000028     vlfft_evmc6678l_pe66.oe66 (.const:ti_sdo_ipc_transports_TransportShm_Module__FXNS__C)
                  0082b590    00000028     vlfft_evmc6678l_pe66.oe66 (.const:ti_sdo_ipc_transports_TransportShm_Object__PARAMS__C)
                  0082b5b8    00000028     vlfft_evmc6678l_pe66.oe66 (.const:ti_sysbios_heaps_HeapMem_Module__FXNS__C)
                  0082b5e0    00000028     vlfft_evmc6678l_pe66.oe66 (.const:ti_sysbios_knl_Swi_Object__PARAMS__C)
                  0082b608    00000024     vlfft_evmc6678l_pe66.oe66 (.const:ti_sdo_ipc_gates_GateHWSem_Object__PARAMS__C)
                  0082b62c    00000024     vlfft_evmc6678l_pe66.oe66 (.const:ti_sdo_ipc_gates_GateMPSupportNull_Object__PARAMS__C)
                  0082b650    00000024     vlfft_evmc6678l_pe66.oe66 (.const:ti_sdo_ipc_gates_GatePeterson_Object__PARAMS__C)
                  0082b674    00000024     vlfft_evmc6678l_pe66.oe66 (.const:ti_sysbios_gates_GateAll_Module__FXNS__C)
                  0082b698    00000024     vlfft_evmc6678l_pe66.oe66 (.const:ti_sysbios_gates_GateHwi_Module__FXNS__C)
                  0082b6bc    00000024     vlfft_evmc6678l_pe66.oe66 (.const:ti_sysbios_gates_GateMutexPri_Module__FXNS__C)
                  0082b6e0    00000024     vlfft_evmc6678l_pe66.oe66 (.const:ti_sysbios_gates_GateMutex_Module__FXNS__C)
                  0082b704    00000024     vlfft_evmc6678l_pe66.oe66 (.const:ti_sysbios_gates_GateSwi_Module__FXNS__C)
                  0082b728    00000024     vlfft_evmc6678l_pe66.oe66 (.const:ti_sysbios_knl_Clock_Object__PARAMS__C)
                  0082b74c    00000024     vlfft_evmc6678l_pe66.oe66 (.const:ti_sysbios_knl_Semaphore_Object__PARAMS__C)
                  0082b770    00000024     vlfft_evmc6678l_pe66.oe66 (.const:ti_sysbios_syncs_SyncSem_Module__FXNS__C)
                  0082b794    00000024     vlfft_evmc6678l_pe66.oe66 (.const:xdc_runtime_GateNull_Module__FXNS__C)
                  0082b7b8    00000024     vlfft_evmc6678l_pe66.oe66 (.const:xdc_runtime_knl_GateThread_Module__FXNS__C)
                  0082b7dc    00000023     rts6600_elf.lib : _printfi.obj (.const:.string)
                  0082b7ff    00000001     --HOLE-- [fill = 0]
                  0082b800    00000022     vlfft_evmc6678l_pe66.oe66 (.const:xdc_runtime_Startup_sfxnRts__A)
                  0082b822    00000002     --HOLE-- [fill = 0]
                  0082b824    00000020     ti.targets.rts6000.ae66 : Core-mem.oe66 (.const:.string)
                  0082b844    00000020     vlfft_evmc6678l_pe66.oe66 (.const:ti_sdo_ipc_GateMP_Object__DESC__C)
                  0082b864    00000020     vlfft_evmc6678l_pe66.oe66 (.const:ti_sdo_ipc_ListMP_Object__DESC__C)
                  0082b884    00000020     vlfft_evmc6678l_pe66.oe66 (.const:ti_sdo_ipc_MessageQ_Object__DESC__C)
                  0082b8a4    00000020     vlfft_evmc6678l_pe66.oe66 (.const:ti_sdo_ipc_Notify_Object__DESC__C)
                  0082b8c4    00000020     vlfft_evmc6678l_pe66.oe66 (.const:ti_sdo_ipc_gates_GateHWSem_Object__DESC__C)
                  0082b8e4    00000020     vlfft_evmc6678l_pe66.oe66 (.const:ti_sdo_ipc_gates_GateMPSupportNull_Object__DESC__C)
                  0082b904    00000020     vlfft_evmc6678l_pe66.oe66 (.const:ti_sdo_ipc_gates_GatePeterson_Object__DESC__C)
                  0082b924    00000020     vlfft_evmc6678l_pe66.oe66 (.const:ti_sdo_ipc_heaps_HeapBufMP_Object__DESC__C)
                  0082b944    00000020     vlfft_evmc6678l_pe66.oe66 (.const:ti_sdo_ipc_heaps_HeapMemMP_Object__DESC__C)
                  0082b964    00000020     vlfft_evmc6678l_pe66.oe66 (.const:ti_sdo_ipc_notifyDrivers_NotifyDriverShm_Object__DESC__C)
                  0082b984    00000020     vlfft_evmc6678l_pe66.oe66 (.const:ti_sdo_ipc_nsremote_NameServerRemoteNotify_Object__DESC__C)
                  0082b9a4    00000020     vlfft_evmc6678l_pe66.oe66 (.const:ti_sdo_ipc_nsremote_NameServerRemoteNotify_Object__PARAMS__C)
                  0082b9c4    00000020     vlfft_evmc6678l_pe66.oe66 (.const:ti_sdo_ipc_transports_TransportShm_Object__DESC__C)
                  0082b9e4    00000020     vlfft_evmc6678l_pe66.oe66 (.const:ti_sdo_utils_List_Object__DESC__C)
                  0082ba04    0000000c     vlfft_evmc6678l_pe66.oe66 (.const:ti_sysbios_family_c66_Cache_initSize__C)
                  0082ba10    00000020     vlfft_evmc6678l_pe66.oe66 (.const:ti_sdo_utils_MultiProc_nameList__A)
                  0082ba30    00000020     vlfft_evmc6678l_pe66.oe66 (.const:ti_sysbios_family_c64p_Hwi_Object__DESC__C)
                  0082ba50    00000020     vlfft_evmc6678l_pe66.oe66 (.const:ti_sysbios_family_c66_tci66xx_CpIntc_hostIntToEventId__A)
                  0082ba70    00000020     vlfft_evmc6678l_pe66.oe66 (.const:ti_sysbios_gates_GateAll_Object__DESC__C)
                  0082ba90    00000020     vlfft_evmc6678l_pe66.oe66 (.const:ti_sysbios_gates_GateHwi_Object__DESC__C)
                  0082bab0    00000020     vlfft_evmc6678l_pe66.oe66 (.const:ti_sysbios_gates_GateMutexPri_Object__DESC__C)
                  0082bad0    00000020     vlfft_evmc6678l_pe66.oe66 (.const:ti_sysbios_gates_GateMutex_Object__DESC__C)
                  0082baf0    00000020     vlfft_evmc6678l_pe66.oe66 (.const:ti_sysbios_gates_GateSwi_Object__DESC__C)
                  0082bb10    00000020     vlfft_evmc6678l_pe66.oe66 (.const:ti_sysbios_heaps_HeapMem_Object__DESC__C)
                  0082bb30    00000020     vlfft_evmc6678l_pe66.oe66 (.const:ti_sysbios_heaps_HeapMem_Object__PARAMS__C)
                  0082bb50    00000020     vlfft_evmc6678l_pe66.oe66 (.const:ti_sysbios_knl_Clock_Object__DESC__C)
                  0082bb70    00000020     vlfft_evmc6678l_pe66.oe66 (.const:ti_sysbios_knl_Queue_Object__DESC__C)
                  0082bb90    00000020     vlfft_evmc6678l_pe66.oe66 (.const:ti_sysbios_knl_Semaphore_Object__DESC__C)
                  0082bbb0    00000020     vlfft_evmc6678l_pe66.oe66 (.const:ti_sysbios_knl_Swi_Object__DESC__C)
                  0082bbd0    00000020     vlfft_evmc6678l_pe66.oe66 (.const:ti_sysbios_knl_Task_Object__DESC__C)
                  0082bbf0    00000020     vlfft_evmc6678l_pe66.oe66 (.const:ti_sysbios_syncs_SyncSem_Object__DESC__C)
                  0082bc10    00000020     vlfft_evmc6678l_pe66.oe66 (.const:ti_sysbios_xdcruntime_GateThreadSupport_Object__DESC__C)
                  0082bc30    00000020     vlfft_evmc6678l_pe66.oe66 (.const:xdc_runtime_GateNull_Object__DESC__C)
                  0082bc50    00000020     vlfft_evmc6678l_pe66.oe66 (.const:xdc_runtime_knl_GateThread_Object__DESC__C)
                  0082bc70    0000001c     vlfft_evmc6678l_pe66.oe66 (.const:ti_sdo_ipc_MessageQ_Object__PARAMS__C)
                  0082bc8c    0000001c     vlfft_evmc6678l_pe66.oe66 (.const:ti_sysbios_syncs_SyncSem_Object__PARAMS__C)
                  0082bca8    00000008     vlfft_evmc6678l_pe66.oe66 (.const:ti_sysbios_knl_Idle_funcList__C)
                  0082bcb0    00000019     vlfft_evmc6678l_pe66.oe66 (.const:ti_sysbios_family_c66_tci66xx_CpIntc_eventId__A)
                  0082bcc9    00000003     rts6600_elf.lib : assert.obj (.const:.string)
                  0082bccc    00000004     ti.targets.rts6000.ae66 : Assert.oe66 (.const:.string)
                  0082bcd0    00000019     vlfft_evmc6678l_pe66.oe66 (.const:ti_sysbios_family_c66_tci66xx_CpIntc_hostIntToEventId_0__A)
                  0082bce9    00000003     --HOLE-- [fill = 0]
                  0082bcec    00000004     vlfft_evmc6678l_pe66.oe66 (.const:ti_sdo_ipc_GateMP_A_invalidClose__C)
                  0082bcf0    00000019     vlfft_evmc6678l_pe66.oe66 (.const:ti_sysbios_family_c66_tci66xx_CpIntc_hostIntToEventId_1__A)
                  0082bd09    00000003     --HOLE-- [fill = 0]
                  0082bd0c    00000004     vlfft_evmc6678l_pe66.oe66 (.const:ti_sdo_ipc_GateMP_A_invalidDelete__C)
                  0082bd10    00000019     vlfft_evmc6678l_pe66.oe66 (.const:ti_sysbios_family_c66_tci66xx_CpIntc_hostIntToEventId_2__A)
                  0082bd29    00000003     --HOLE-- [fill = 0]
                  0082bd2c    00000004     vlfft_evmc6678l_pe66.oe66 (.const:ti_sdo_ipc_GateMP_E_gateUnavailable__C)
                  0082bd30    00000019     vlfft_evmc6678l_pe66.oe66 (.const:ti_sysbios_family_c66_tci66xx_CpIntc_hostIntToEventId_3__A)
                  0082bd49    00000003     --HOLE-- [fill = 0]
                  0082bd4c    00000004     vlfft_evmc6678l_pe66.oe66 (.const:ti_sdo_ipc_GateMP_E_localGate__C)
                  0082bd50    00000019     vlfft_evmc6678l_pe66.oe66 (.const:ti_sysbios_family_c66_tci66xx_CpIntc_hostIntToEventId_4__A)
                  0082bd69    00000003     --HOLE-- [fill = 0]
                  0082bd6c    00000004     vlfft_evmc6678l_pe66.oe66 (.const:ti_sdo_ipc_GateMP_LM_create__C)
                  0082bd70    00000019     vlfft_evmc6678l_pe66.oe66 (.const:ti_sysbios_family_c66_tci66xx_CpIntc_hostIntToEventId_5__A)
                  0082bd89    00000003     --HOLE-- [fill = 0]
                  0082bd8c    00000004     vlfft_evmc6678l_pe66.oe66 (.const:ti_sdo_ipc_GateMP_LM_delete__C)
                  0082bd90    00000019     vlfft_evmc6678l_pe66.oe66 (.const:ti_sysbios_family_c66_tci66xx_CpIntc_hostIntToEventId_6__A)
                  0082bda9    00000003     --HOLE-- [fill = 0]
                  0082bdac    00000004     vlfft_evmc6678l_pe66.oe66 (.const:ti_sdo_ipc_GateMP_LM_enter__C)
                  0082bdb0    00000019     vlfft_evmc6678l_pe66.oe66 (.const:ti_sysbios_family_c66_tci66xx_CpIntc_hostIntToEventId_7__A)
                  0082bdc9    00000003     --HOLE-- [fill = 0]
                  0082bdcc    00000018     vlfft_evmc6678l_pe66.oe66 (.const:ti_sdo_ipc_Notify_Object__PARAMS__C)
                  0082bde4    00000018     vlfft_evmc6678l_pe66.oe66 (.const:ti_sdo_utils_List_Object__PARAMS__C)
                  0082bdfc    00000018     vlfft_evmc6678l_pe66.oe66 (.const:ti_sysbios_gates_GateAll_Object__PARAMS__C)
                  0082be14    00000018     vlfft_evmc6678l_pe66.oe66 (.const:ti_sysbios_gates_GateHwi_Object__PARAMS__C)
                  0082be2c    00000018     vlfft_evmc6678l_pe66.oe66 (.const:ti_sysbios_gates_GateMutexPri_Object__PARAMS__C)
                  0082be44    00000018     vlfft_evmc6678l_pe66.oe66 (.const:ti_sysbios_gates_GateMutex_Object__PARAMS__C)
                  0082be5c    00000018     vlfft_evmc6678l_pe66.oe66 (.const:ti_sysbios_gates_GateSwi_Object__PARAMS__C)
                  0082be74    00000018     vlfft_evmc6678l_pe66.oe66 (.const:ti_sysbios_knl_Queue_Object__PARAMS__C)
                  0082be8c    00000004     vlfft_evmc6678l_pe66.oe66 (.const:ti_sdo_ipc_GateMP_LM_leave__C)
                  0082be90    00000018     vlfft_evmc6678l_pe66.oe66 (.const:ti_sysbios_knl_Task_hooks__A)
                  0082bea8    00000018     vlfft_evmc6678l_pe66.oe66 (.const:ti_sysbios_xdcruntime_GateThreadSupport_Object__PARAMS__C)
                  0082bec0    00000018     vlfft_evmc6678l_pe66.oe66 (.const:xdc_runtime_GateNull_Object__PARAMS__C)
                  0082bed8    00000018     vlfft_evmc6678l_pe66.oe66 (.const:xdc_runtime_knl_GateThread_Object__PARAMS__C)
                  0082bef0    00000011     ti.targets.rts6000.ae66 : System.oe66 (.const:digtohex)
                  0082bf01    00000003     --HOLE-- [fill = 0]
                  0082bf04    00000008     vlfft_evmc6678l_pe66.oe66 (.const:ti_sysbios_knl_Task_hooks__C)
                  0082bf0c    00000004     vlfft_evmc6678l_pe66.oe66 (.const:ti_sdo_ipc_GateMP_LM_open__C)
                  0082bf10    00000010     vlfft_evmc6678l_pe66.oe66 (.const:ti_sdo_ipc_family_c647x_MultiProcSetup_procMap__A)
                  0082bf20    00000010     vlfft_evmc6678l_pe66.oe66 (.const:ti_sdo_utils_MultiProc_procIdList__A)
                  0082bf30    00000010     vlfft_evmc6678l_pe66.oe66 (.const:ti_sysbios_family_c64p_EventCombiner_EVTMASK__C)
                  0082bf40    0000000c     vlfft_evmc6678l_pe66.oe66 (.const:xdc_runtime_Startup_firstFxns__A)
                  0082bf4c    00000008     vlfft_evmc6678l_pe66.oe66 (.const:xdc_runtime_Startup_firstFxns__C)
                  0082bf54    00000008     vlfft_evmc6678l_pe66.oe66 (.const:xdc_runtime_Startup_lastFxns__C)
                  0082bf5c    00000004     vlfft_evmc6678l_pe66.oe66 (.const:ti_sdo_ipc_GateMP_Module__diagsEnabled__C)
                  0082bf60    00000004     vlfft_evmc6678l_pe66.oe66 (.const:ti_sdo_ipc_GateMP_Module__diagsIncluded__C)
                  0082bf64    00000004     vlfft_evmc6678l_pe66.oe66 (.const:ti_sdo_ipc_GateMP_Module__diagsMask__C)
                  0082bf68    00000004     vlfft_evmc6678l_pe66.oe66 (.const:ti_sdo_ipc_GateMP_Module__loggerFxn2__C)
                  0082bf6c    00000004     vlfft_evmc6678l_pe66.oe66 (.const:ti_sdo_ipc_GateMP_Module__loggerFxn4__C)
                  0082bf70    00000004     vlfft_evmc6678l_pe66.oe66 (.const:ti_sdo_ipc_GateMP_Module__loggerObj__C)
                  0082bf74    00000004     vlfft_evmc6678l_pe66.oe66 (.const:ti_sdo_ipc_Ipc_A_addrNotCacheAligned__C)
                  0082bf78    00000004     vlfft_evmc6678l_pe66.oe66 (.const:ti_sdo_ipc_Ipc_A_addrNotInSharedRegion__C)
                  0082bf7c    00000004     vlfft_evmc6678l_pe66.oe66 (.const:ti_sdo_ipc_Ipc_A_internal__C)
                  0082bf80    00000004     vlfft_evmc6678l_pe66.oe66 (.const:ti_sdo_ipc_Ipc_A_invArgument__C)
                  0082bf84    00000004     vlfft_evmc6678l_pe66.oe66 (.const:ti_sdo_ipc_Ipc_A_invParam__C)
                  0082bf88    00000004     vlfft_evmc6678l_pe66.oe66 (.const:ti_sdo_ipc_Ipc_A_nullArgument__C)
                  0082bf8c    00000004     vlfft_evmc6678l_pe66.oe66 (.const:ti_sdo_ipc_Ipc_A_nullPointer__C)
                  0082bf90    00000004     vlfft_evmc6678l_pe66.oe66 (.const:ti_sdo_ipc_Ipc_E_internal__C)
                  0082bf94    00000004     vlfft_evmc6678l_pe66.oe66 (.const:ti_sdo_ipc_Ipc_E_nameFailed__C)
                  0082bf98    00000004     vlfft_evmc6678l_pe66.oe66 (.const:ti_sdo_ipc_Ipc_E_versionMismatch__C)
                  0082bf9c    00000004     vlfft_evmc6678l_pe66.oe66 (.const:ti_sdo_ipc_Ipc_Module__diagsEnabled__C)
                  0082bfa0    00000004     vlfft_evmc6678l_pe66.oe66 (.const:ti_sdo_ipc_Ipc_Module__diagsIncluded__C)
                  0082bfa4    00000004     vlfft_evmc6678l_pe66.oe66 (.const:ti_sdo_ipc_Ipc_Module__diagsMask__C)
                  0082bfa8    00000004     vlfft_evmc6678l_pe66.oe66 (.const:ti_sdo_ipc_Ipc_numUserFxns__C)
                  0082bfac    00000004     vlfft_evmc6678l_pe66.oe66 (.const:ti_sdo_ipc_Ipc_procSync__C)
                  0082bfb0    00000004     vlfft_evmc6678l_pe66.oe66 (.const:ti_sdo_ipc_Ipc_userFxns__C)
                  0082bfb4    00000004     vlfft_evmc6678l_pe66.oe66 (.const:ti_sdo_ipc_ListMP_Module__diagsEnabled__C)
                  0082bfb8    00000004     vlfft_evmc6678l_pe66.oe66 (.const:ti_sdo_ipc_ListMP_Module__diagsIncluded__C)
                  0082bfbc    00000004     vlfft_evmc6678l_pe66.oe66 (.const:ti_sdo_ipc_ListMP_Module__diagsMask__C)
                  0082bfc0    00000004     vlfft_evmc6678l_pe66.oe66 (.const:ti_sdo_ipc_MessageQ_A_heapIdInvalid__C)
                  0082bfc4    00000004     vlfft_evmc6678l_pe66.oe66 (.const:ti_sdo_ipc_MessageQ_A_invalidMsg__C)
                  0082bfc8    00000004     vlfft_evmc6678l_pe66.oe66 (.const:ti_sdo_ipc_MessageQ_A_invalidObj__C)
                  0082bfcc    00000004     vlfft_evmc6678l_pe66.oe66 (.const:ti_sdo_ipc_MessageQ_A_invalidParam__C)
                  0082bfd0    00000004     vlfft_evmc6678l_pe66.oe66 (.const:ti_sdo_ipc_MessageQ_A_invalidQueueId__C)
                  0082bfd4    00000004     vlfft_evmc6678l_pe66.oe66 (.const:ti_sdo_ipc_MessageQ_A_procIdInvalid__C)
                  0082bfd8    00000004     vlfft_evmc6678l_pe66.oe66 (.const:ti_sdo_ipc_MessageQ_A_unregisteredTransport__C)
                  0082bfdc    00000004     vlfft_evmc6678l_pe66.oe66 (.const:ti_sdo_ipc_MessageQ_E_maxReached__C)
                  0082bfe0    00000004     vlfft_evmc6678l_pe66.oe66 (.const:ti_sdo_ipc_MessageQ_E_nameFailed__C)
                  0082bfe4    00000004     vlfft_evmc6678l_pe66.oe66 (.const:ti_sdo_ipc_MessageQ_Instance_State_highList__O)
                  0082bfe8    00000004     vlfft_evmc6678l_pe66.oe66 (.const:ti_sdo_ipc_MessageQ_Instance_State_normalList__O)
                  0082bfec    00000004     vlfft_evmc6678l_pe66.oe66 (.const:ti_sdo_ipc_MessageQ_LM_alloc__C)
                  0082bff0    00000004     vlfft_evmc6678l_pe66.oe66 (.const:ti_sdo_ipc_MessageQ_LM_get__C)
                  0082bff4    00000004     vlfft_evmc6678l_pe66.oe66 (.const:ti_sdo_ipc_MessageQ_LM_putLocal__C)
                  0082bff8    00000004     vlfft_evmc6678l_pe66.oe66 (.const:ti_sdo_ipc_MessageQ_Module__diagsEnabled__C)
                  0082bffc    00000004     vlfft_evmc6678l_pe66.oe66 (.const:ti_sdo_ipc_MessageQ_Module__diagsIncluded__C)
                  0082c000    00000004     vlfft_evmc6678l_pe66.oe66 (.const:ti_sdo_ipc_MessageQ_Module__diagsMask__C)
                  0082c004    00000004     vlfft_evmc6678l_pe66.oe66 (.const:ti_sdo_ipc_MessageQ_Module__loggerFxn4__C)
                  0082c008    00000004     vlfft_evmc6678l_pe66.oe66 (.const:ti_sdo_ipc_MessageQ_Module__loggerObj__C)
                  0082c00c    00000004     vlfft_evmc6678l_pe66.oe66 (.const:ti_sdo_ipc_MessageQ_Object__count__C)
                  0082c010    00000004     vlfft_evmc6678l_pe66.oe66 (.const:ti_sdo_ipc_MessageQ_Object__heap__C)
                  0082c014    00000004     vlfft_evmc6678l_pe66.oe66 (.const:ti_sdo_ipc_MessageQ_Object__table__C)
                  0082c018    00000004     vlfft_evmc6678l_pe66.oe66 (.const:ti_sdo_ipc_MessageQ_maxRuntimeEntries__C)
                  0082c01c    00000004     vlfft_evmc6678l_pe66.oe66 (.const:ti_sdo_ipc_Notify_A_alreadyRegistered__C)
                  0082c020    00000004     vlfft_evmc6678l_pe66.oe66 (.const:ti_sdo_ipc_Notify_A_internal__C)
                  0082c024    00000004     vlfft_evmc6678l_pe66.oe66 (.const:ti_sdo_ipc_Notify_A_invArgument__C)
                  0082c028    00000004     vlfft_evmc6678l_pe66.oe66 (.const:ti_sdo_ipc_Notify_A_notRegistered__C)
                  0082c02c    00000004     vlfft_evmc6678l_pe66.oe66 (.const:ti_sdo_ipc_Notify_A_reservedEvent__C)
                  0082c030    00000004     vlfft_evmc6678l_pe66.oe66 (.const:ti_sdo_ipc_Notify_Module__diagsEnabled__C)
                  0082c034    00000004     vlfft_evmc6678l_pe66.oe66 (.const:ti_sdo_ipc_Notify_Module__diagsIncluded__C)
                  0082c038    00000004     vlfft_evmc6678l_pe66.oe66 (.const:ti_sdo_ipc_Notify_Module__diagsMask__C)
                  0082c03c    00000004     vlfft_evmc6678l_pe66.oe66 (.const:ti_sdo_ipc_Notify_Module__gateObj__C)
                  0082c040    00000004     vlfft_evmc6678l_pe66.oe66 (.const:ti_sdo_ipc_Notify_Object__heap__C)
                  0082c044    00000004     vlfft_evmc6678l_pe66.oe66 (.const:ti_sdo_ipc_Notify_numEvents__C)
                  0082c048    00000004     vlfft_evmc6678l_pe66.oe66 (.const:ti_sdo_ipc_Notify_sendEventPollCount__C)
                  0082c04c    00000004     vlfft_evmc6678l_pe66.oe66 (.const:ti_sdo_ipc_SharedRegion_A_addrOutOfRange__C)
                  0082c050    00000004     vlfft_evmc6678l_pe66.oe66 (.const:ti_sdo_ipc_SharedRegion_A_idTooLarge__C)
                  0082c054    00000004     vlfft_evmc6678l_pe66.oe66 (.const:ti_sdo_ipc_SharedRegion_A_noHeap__C)
                  0082c058    00000004     vlfft_evmc6678l_pe66.oe66 (.const:ti_sdo_ipc_SharedRegion_A_region0Invalid__C)
                  0082c05c    00000004     vlfft_evmc6678l_pe66.oe66 (.const:ti_sdo_ipc_SharedRegion_A_regionInvalid__C)
                  0082c060    00000004     vlfft_evmc6678l_pe66.oe66 (.const:ti_sdo_ipc_SharedRegion_A_reserveTooMuch__C)
                  0082c064    00000004     vlfft_evmc6678l_pe66.oe66 (.const:ti_sdo_ipc_SharedRegion_INVALIDSRPTR__C)
                  0082c068    00000004     vlfft_evmc6678l_pe66.oe66 (.const:ti_sdo_ipc_SharedRegion_Module__diagsEnabled__C)
                  0082c06c    00000004     vlfft_evmc6678l_pe66.oe66 (.const:ti_sdo_ipc_SharedRegion_Module__diagsIncluded__C)
                  0082c070    00000004     vlfft_evmc6678l_pe66.oe66 (.const:ti_sdo_ipc_SharedRegion_Module__diagsMask__C)
                  0082c074    00000004     vlfft_evmc6678l_pe66.oe66 (.const:ti_sdo_ipc_SharedRegion_cacheLineSize__C)
                  0082c078    00000004     vlfft_evmc6678l_pe66.oe66 (.const:ti_sdo_ipc_SharedRegion_numOffsetBits__C)
                  0082c07c    00000004     vlfft_evmc6678l_pe66.oe66 (.const:ti_sdo_ipc_SharedRegion_offsetMask__C)
                  0082c080    00000004     vlfft_evmc6678l_pe66.oe66 (.const:ti_sdo_ipc_family_c647x_Interrupt_INTERDSPINT__C)
                  0082c084    00000004     vlfft_evmc6678l_pe66.oe66 (.const:ti_sdo_ipc_family_c647x_Interrupt_IPCAR0__C)
                  0082c088    00000004     vlfft_evmc6678l_pe66.oe66 (.const:ti_sdo_ipc_family_c647x_Interrupt_IPCGR0__C)
                  0082c08c    00000004     vlfft_evmc6678l_pe66.oe66 (.const:ti_sdo_ipc_family_c647x_Interrupt_KICK0__C)
                  0082c090    00000004     vlfft_evmc6678l_pe66.oe66 (.const:ti_sdo_ipc_family_c647x_Interrupt_KICK1__C)
                  0082c094    00000004     vlfft_evmc6678l_pe66.oe66 (.const:ti_sdo_ipc_family_c647x_MultiProcSetup_A_invalidProcessor__C)
                  0082c098    00000004     vlfft_evmc6678l_pe66.oe66 (.const:ti_sdo_ipc_family_c647x_MultiProcSetup_Module__diagsEnabled__C)
                  0082c09c    00000004     vlfft_evmc6678l_pe66.oe66 (.const:ti_sdo_ipc_family_c647x_MultiProcSetup_Module__diagsIncluded__C)
                  0082c0a0    00000004     vlfft_evmc6678l_pe66.oe66 (.const:ti_sdo_ipc_family_c647x_MultiProcSetup_Module__diagsMask__C)
                  0082c0a4    00000004     vlfft_evmc6678l_pe66.oe66 (.const:ti_sdo_ipc_family_c647x_MultiProcSetup_procMap__C)
                  0082c0a8    00000004     vlfft_evmc6678l_pe66.oe66 (.const:ti_sdo_ipc_family_c647x_NotifySetup_dspIntVectId__C)
                  0082c0ac    00000004     vlfft_evmc6678l_pe66.oe66 (.const:ti_sdo_ipc_gates_GateHWSem_A_invSemNum__C)
                  0082c0b0    00000004     vlfft_evmc6678l_pe66.oe66 (.const:ti_sdo_ipc_gates_GateHWSem_Module__diagsEnabled__C)
                  0082c0b4    00000004     vlfft_evmc6678l_pe66.oe66 (.const:ti_sdo_ipc_gates_GateHWSem_Module__diagsIncluded__C)
                  0082c0b8    00000004     vlfft_evmc6678l_pe66.oe66 (.const:ti_sdo_ipc_gates_GateHWSem_Module__diagsMask__C)
                  0082c0bc    00000004     vlfft_evmc6678l_pe66.oe66 (.const:ti_sdo_ipc_gates_GateHWSem_baseAddr__C)
                  0082c0c0    00000004     vlfft_evmc6678l_pe66.oe66 (.const:ti_sdo_ipc_gates_GateHWSem_numSems__C)
                  0082c0c4    00000004     vlfft_evmc6678l_pe66.oe66 (.const:ti_sdo_ipc_gates_GateHWSem_reservedMaskArr__C)
                  0082c0c8    00000004     vlfft_evmc6678l_pe66.oe66 (.const:ti_sdo_ipc_gates_GateMPSupportNull_A_invalidAction__C)
                  0082c0cc    00000004     vlfft_evmc6678l_pe66.oe66 (.const:ti_sdo_ipc_gates_GateMPSupportNull_Module__diagsEnabled__C)
                  0082c0d0    00000004     vlfft_evmc6678l_pe66.oe66 (.const:ti_sdo_ipc_gates_GateHWSem_reservedMaskArr__A)
                  0082c0d4    00000004     vlfft_evmc6678l_pe66.oe66 (.const:ti_sdo_ipc_gates_GateMPSupportNull_Module__diagsIncluded__C)
                  0082c0d8    00000004     vlfft_evmc6678l_pe66.oe66 (.const:ti_sdo_ipc_gates_GateMPSupportNull_Module__diagsMask__C)
                  0082c0dc    00000004     vlfft_evmc6678l_pe66.oe66 (.const:ti_sdo_ipc_gates_GateMPSupportNull_action__C)
                  0082c0e0    00000004     vlfft_evmc6678l_pe66.oe66 (.const:ti_sdo_ipc_gates_GatePeterson_E_gateRemotelyOpened__C)
                  0082c0e4    00000004     vlfft_evmc6678l_pe66.oe66 (.const:ti_sdo_ipc_gates_GatePeterson_Module__diagsEnabled__C)
                  0082c0e8    00000004     vlfft_evmc6678l_pe66.oe66 (.const:ti_sdo_ipc_gates_GatePeterson_Module__diagsIncluded__C)
                  0082c0ec    00000004     vlfft_evmc6678l_pe66.oe66 (.const:ti_sdo_ipc_gates_GatePeterson_Module__diagsMask__C)
                  0082c0f0    00000004     vlfft_evmc6678l_pe66.oe66 (.const:ti_sdo_ipc_gates_GatePeterson_numInstances__C)
                  0082c0f4    00000004     vlfft_evmc6678l_pe66.oe66 (.const:ti_sdo_ipc_heaps_HeapBufMP_A_badAlignment__C)
                  0082c0f8    00000004     vlfft_evmc6678l_pe66.oe66 (.const:ti_sdo_ipc_heaps_HeapBufMP_A_invBlockFreed__C)
                  0082c0fc    00000004     vlfft_evmc6678l_pe66.oe66 (.const:ti_sdo_ipc_heaps_HeapBufMP_E_alignTooLarge__C)
                  0082c100    00000004     vlfft_evmc6678l_pe66.oe66 (.const:ti_sdo_ipc_heaps_HeapBufMP_E_exactFail__C)
                  0082c104    00000004     vlfft_evmc6678l_pe66.oe66 (.const:ti_sdo_ipc_heaps_HeapBufMP_E_noBlocksLeft__C)
                  0082c108    00000004     vlfft_evmc6678l_pe66.oe66 (.const:ti_sdo_ipc_heaps_HeapBufMP_E_sizeTooLarge__C)
                  0082c10c    00000004     vlfft_evmc6678l_pe66.oe66 (.const:ti_sdo_ipc_heaps_HeapBufMP_Module__diagsEnabled__C)
                  0082c110    00000004     vlfft_evmc6678l_pe66.oe66 (.const:ti_sdo_ipc_heaps_HeapBufMP_Module__diagsIncluded__C)
                  0082c114    00000004     vlfft_evmc6678l_pe66.oe66 (.const:ti_sdo_ipc_heaps_HeapBufMP_Module__diagsMask__C)
                  0082c118    00000004     vlfft_evmc6678l_pe66.oe66 (.const:ti_sdo_ipc_heaps_HeapMemMP_A_align__C)
                  0082c11c    00000004     vlfft_evmc6678l_pe66.oe66 (.const:ti_sdo_ipc_heaps_HeapMemMP_A_heapSize__C)
                  0082c120    00000004     vlfft_evmc6678l_pe66.oe66 (.const:ti_sdo_ipc_heaps_HeapMemMP_A_invalidFree__C)
                  0082c124    00000004     vlfft_evmc6678l_pe66.oe66 (.const:ti_sdo_ipc_heaps_HeapMemMP_A_zeroBlock__C)
                  0082c128    00000004     vlfft_evmc6678l_pe66.oe66 (.const:ti_sdo_ipc_heaps_HeapMemMP_E_memory__C)
                  0082c12c    00000004     vlfft_evmc6678l_pe66.oe66 (.const:ti_sdo_ipc_heaps_HeapMemMP_Module__diagsEnabled__C)
                  0082c130    00000004     vlfft_evmc6678l_pe66.oe66 (.const:ti_sdo_ipc_heaps_HeapMemMP_Module__diagsIncluded__C)
                  0082c134    00000004     vlfft_evmc6678l_pe66.oe66 (.const:ti_sdo_ipc_heaps_HeapMemMP_Module__diagsMask__C)
                  0082c138    00000004     vlfft_evmc6678l_pe66.oe66 (.const:ti_sdo_ipc_interfaces_IGateMPSupport_Interface__BASE__C)
                  0082c13c    00000004     vlfft_evmc6678l_pe66.oe66 (.const:ti_sdo_ipc_interfaces_IMessageQTransport_Interface__BASE__C)
                  0082c140    00000004     vlfft_evmc6678l_pe66.oe66 (.const:ti_sdo_ipc_interfaces_INotifyDriver_Interface__BASE__C)
                  0082c144    00000004     vlfft_evmc6678l_pe66.oe66 (.const:ti_sdo_ipc_notifyDrivers_NotifyDriverShm_Module__diagsEnabled__C)
                  0082c148    00000004     vlfft_evmc6678l_pe66.oe66 (.const:ti_sdo_ipc_notifyDrivers_NotifyDriverShm_Module__diagsIncluded__C)
                  0082c14c    00000004     vlfft_evmc6678l_pe66.oe66 (.const:ti_sdo_ipc_notifyDrivers_NotifyDriverShm_Module__diagsMask__C)
                  0082c150    00000004     vlfft_evmc6678l_pe66.oe66 (.const:ti_sdo_ipc_notifyDrivers_NotifyDriverShm_Object__heap__C)
                  0082c154    00000004     vlfft_evmc6678l_pe66.oe66 (.const:ti_sdo_ipc_nsremote_NameServerRemoteNotify_A_invalidValueLen__C)
                  0082c158    00000004     vlfft_evmc6678l_pe66.oe66 (.const:ti_sdo_ipc_nsremote_NameServerRemoteNotify_Instance_State_semMultiBlock__O)
                  0082c15c    00000004     vlfft_evmc6678l_pe66.oe66 (.const:ti_sdo_ipc_nsremote_NameServerRemoteNotify_Instance_State_semRemoteWait__O)
                  0082c160    00000004     vlfft_evmc6678l_pe66.oe66 (.const:ti_sdo_ipc_nsremote_NameServerRemoteNotify_Instance_State_swiObj__O)
                  0082c164    00000004     vlfft_evmc6678l_pe66.oe66 (.const:ti_sdo_ipc_nsremote_NameServerRemoteNotify_Module__diagsEnabled__C)
                  0082c168    00000004     vlfft_evmc6678l_pe66.oe66 (.const:ti_sdo_ipc_nsremote_NameServerRemoteNotify_Module__diagsIncluded__C)
                  0082c16c    00000004     vlfft_evmc6678l_pe66.oe66 (.const:ti_sdo_ipc_nsremote_NameServerRemoteNotify_Module__diagsMask__C)
                  0082c170    00000004     vlfft_evmc6678l_pe66.oe66 (.const:ti_sdo_ipc_nsremote_NameServerRemoteNotify_notifyEventId__C)
                  0082c174    00000004     vlfft_evmc6678l_pe66.oe66 (.const:ti_sdo_ipc_nsremote_NameServerRemoteNotify_timeout__C)
                  0082c178    00000004     vlfft_evmc6678l_pe66.oe66 (.const:ti_sdo_ipc_transports_TransportShmSetup_priority__C)
                  0082c17c    00000004     vlfft_evmc6678l_pe66.oe66 (.const:ti_sdo_ipc_transports_TransportShm_Instance_State_swiObj__O)
                  0082c180    00000004     vlfft_evmc6678l_pe66.oe66 (.const:ti_sdo_ipc_transports_TransportShm_Module__diagsEnabled__C)
                  0082c184    00000004     vlfft_evmc6678l_pe66.oe66 (.const:ti_sdo_ipc_transports_TransportShm_Module__diagsIncluded__C)
                  0082c188    00000004     vlfft_evmc6678l_pe66.oe66 (.const:ti_sdo_ipc_transports_TransportShm_Module__diagsMask__C)
                  0082c18c    00000004     vlfft_evmc6678l_pe66.oe66 (.const:ti_sdo_utils_INameServerRemote_Interface__BASE__C)
                  0082c190    00000004     vlfft_evmc6678l_pe66.oe66 (.const:ti_sdo_utils_List_Object__count__C)
                  0082c194    00000004     vlfft_evmc6678l_pe66.oe66 (.const:ti_sdo_utils_List_Object__table__C)
                  0082c198    00000004     vlfft_evmc6678l_pe66.oe66 (.const:ti_sdo_utils_MultiProc_A_invalidMultiProcId__C)
                  0082c19c    00000004     vlfft_evmc6678l_pe66.oe66 (.const:ti_sdo_utils_MultiProc_A_invalidProcName__C)
                  0082c1a0    00000004     vlfft_evmc6678l_pe66.oe66 (.const:ti_sdo_utils_MultiProc_Module__diagsEnabled__C)
                  0082c1a4    00000004     vlfft_evmc6678l_pe66.oe66 (.const:ti_sdo_utils_MultiProc_Module__diagsIncluded__C)
                  0082c1a8    00000004     vlfft_evmc6678l_pe66.oe66 (.const:ti_sdo_utils_MultiProc_Module__diagsMask__C)
                  0082c1ac    00000004     vlfft_evmc6678l_pe66.oe66 (.const:ti_sdo_utils_MultiProc_nameList__C)
                  0082c1b0    00000004     vlfft_evmc6678l_pe66.oe66 (.const:ti_sdo_utils_MultiProc_procIdList__C)
                  0082c1b4    00000004     vlfft_evmc6678l_pe66.oe66 (.const:ti_sdo_utils_NameServer_A_invArgument__C)
                  0082c1b8    00000004     vlfft_evmc6678l_pe66.oe66 (.const:ti_sdo_utils_NameServer_A_invalidLen__C)
                  0082c1bc    00000004     vlfft_evmc6678l_pe66.oe66 (.const:ti_sdo_utils_NameServer_E_entryExists__C)
                  0082c1c0    00000004     vlfft_evmc6678l_pe66.oe66 (.const:ti_sdo_utils_NameServer_E_maxReached__C)
                  0082c1c4    00000004     vlfft_evmc6678l_pe66.oe66 (.const:ti_sdo_utils_NameServer_Instance_State_freeList__O)
                  0082c1c8    00000004     vlfft_evmc6678l_pe66.oe66 (.const:ti_sdo_utils_NameServer_Instance_State_nameList__O)
                  0082c1cc    00000004     vlfft_evmc6678l_pe66.oe66 (.const:ti_sdo_utils_NameServer_Module__diagsEnabled__C)
                  0082c1d0    00000004     vlfft_evmc6678l_pe66.oe66 (.const:ti_sdo_utils_NameServer_Module__diagsIncluded__C)
                  0082c1d4    00000004     vlfft_evmc6678l_pe66.oe66 (.const:ti_sdo_utils_NameServer_Module__diagsMask__C)
                  0082c1d8    00000004     vlfft_evmc6678l_pe66.oe66 (.const:ti_sdo_utils_NameServer_Object__count__C)
                  0082c1dc    00000004     vlfft_evmc6678l_pe66.oe66 (.const:ti_sdo_utils_NameServer_Object__table__C)
                  0082c1e0    00000004     vlfft_evmc6678l_pe66.oe66 (.const:ti_sysbios_BIOS_Module__diagsEnabled__C)
                  0082c1e4    00000004     vlfft_evmc6678l_pe66.oe66 (.const:ti_sysbios_BIOS_Module__diagsIncluded__C)
                  0082c1e8    00000004     vlfft_evmc6678l_pe66.oe66 (.const:ti_sysbios_BIOS_Module__diagsMask__C)
                  0082c1ec    00000004     vlfft_evmc6678l_pe66.oe66 (.const:ti_sysbios_BIOS_installedErrorHook__C)
                  0082c1f0    00000004     vlfft_evmc6678l_pe66.oe66 (.const:ti_sysbios_family_c62_TaskSupport_stackAlignment__C)
                  0082c1f4    00000004     vlfft_evmc6678l_pe66.oe66 (.const:ti_sysbios_family_c64p_EventCombiner_E_unpluggedEvent__C)
                  0082c1f8    00000004     vlfft_evmc6678l_pe66.oe66 (.const:ti_sysbios_family_c64p_Exception_E_exceptionMin__C)
                  0082c1fc    00000004     vlfft_evmc6678l_pe66.oe66 (.const:ti_sysbios_family_c64p_Exception_exceptionHook__C)
                  0082c200    00000004     vlfft_evmc6678l_pe66.oe66 (.const:ti_sysbios_family_c64p_Exception_externalHook__C)
                  0082c204    00000004     vlfft_evmc6678l_pe66.oe66 (.const:ti_sysbios_family_c64p_Exception_internalHook__C)
                  0082c208    00000004     vlfft_evmc6678l_pe66.oe66 (.const:ti_sysbios_family_c64p_Exception_nmiHook__C)
                  0082c20c    00000004     vlfft_evmc6678l_pe66.oe66 (.const:ti_sysbios_family_c64p_Hwi_E_alreadyDefined__C)
                  0082c210    00000004     vlfft_evmc6678l_pe66.oe66 (.const:ti_sysbios_family_c64p_Hwi_E_handleNotFound__C)
                  0082c214    00000004     vlfft_evmc6678l_pe66.oe66 (.const:ti_sysbios_family_c64p_Hwi_LD_end__C)
                  0082c218    00000004     vlfft_evmc6678l_pe66.oe66 (.const:ti_sysbios_family_c64p_Hwi_LM_begin__C)
                  0082c21c    00000004     vlfft_evmc6678l_pe66.oe66 (.const:ti_sysbios_family_c64p_Hwi_Module__diagsEnabled__C)
                  0082c220    00000004     vlfft_evmc6678l_pe66.oe66 (.const:ti_sysbios_family_c64p_Hwi_Module__diagsIncluded__C)
                  0082c224    00000004     vlfft_evmc6678l_pe66.oe66 (.const:ti_sysbios_family_c64p_Hwi_Module__diagsMask__C)
                  0082c228    00000004     vlfft_evmc6678l_pe66.oe66 (.const:ti_sysbios_family_c64p_Hwi_Module__loggerFxn1__C)
                  0082c22c    00000004     vlfft_evmc6678l_pe66.oe66 (.const:ti_sysbios_family_c64p_Hwi_Module__loggerFxn8__C)
                  0082c230    00000004     vlfft_evmc6678l_pe66.oe66 (.const:ti_sysbios_family_c64p_Hwi_Module__loggerObj__C)
                  0082c234    00000004     vlfft_evmc6678l_pe66.oe66 (.const:ti_sysbios_family_c66_Cache_atomicBlockSize__C)
                  0082c238    00000004     vlfft_evmc6678l_pe66.oe66 (.const:ti_sysbios_family_c66_tci66xx_CpIntc_E_unpluggedSysInt__C)
                  0082c23c    00000004     vlfft_evmc6678l_pe66.oe66 (.const:ti_sysbios_family_c66_tci66xx_CpIntc_eventId__C)
                  0082c240    00000004     vlfft_evmc6678l_pe66.oe66 (.const:ti_sysbios_family_c66_tci66xx_CpIntc_hostIntToEventId__C)
                  0082c244    00000004     vlfft_evmc6678l_pe66.oe66 (.const:ti_sysbios_family_c66_tci66xx_CpIntc_numEvents__C)
                  0082c248    00000004     vlfft_evmc6678l_pe66.oe66 (.const:ti_sysbios_family_c66_tci66xx_CpIntc_numStatusRegs__C)
                  0082c24c    00000004     vlfft_evmc6678l_pe66.oe66 (.const:ti_sysbios_family_c66_tci66xx_CpIntc_numSysInts__C)
                  0082c250    00000004     vlfft_evmc6678l_pe66.oe66 (.const:ti_sysbios_family_c66_tci66xx_CpIntc_sysIntToHostInt__C)
                  0082c254    00000004     vlfft_evmc6678l_pe66.oe66 (.const:ti_sysbios_gates_GateMutexPri_A_badContext__C)
                  0082c258    00000004     vlfft_evmc6678l_pe66.oe66 (.const:ti_sysbios_gates_GateMutexPri_Instance_State_pendQ__O)
                  0082c25c    00000004     vlfft_evmc6678l_pe66.oe66 (.const:ti_sysbios_gates_GateMutexPri_Module__diagsEnabled__C)
                  0082c260    00000004     vlfft_evmc6678l_pe66.oe66 (.const:ti_sysbios_gates_GateMutexPri_Module__diagsIncluded__C)
                  0082c264    00000004     vlfft_evmc6678l_pe66.oe66 (.const:ti_sysbios_gates_GateMutexPri_Module__diagsMask__C)
                  0082c268    00000004     vlfft_evmc6678l_pe66.oe66 (.const:ti_sysbios_gates_GateMutex_A_badContext__C)
                  0082c26c    00000004     vlfft_evmc6678l_pe66.oe66 (.const:ti_sysbios_gates_GateMutex_Instance_State_sem__O)
                  0082c270    00000004     vlfft_evmc6678l_pe66.oe66 (.const:ti_sysbios_gates_GateMutex_Module__diagsEnabled__C)
                  0082c274    00000004     vlfft_evmc6678l_pe66.oe66 (.const:ti_sysbios_gates_GateMutex_Module__diagsIncluded__C)
                  0082c278    00000004     vlfft_evmc6678l_pe66.oe66 (.const:ti_sysbios_gates_GateMutex_Module__diagsMask__C)
                  0082c27c    00000004     vlfft_evmc6678l_pe66.oe66 (.const:ti_sysbios_gates_GateSwi_A_badContext__C)
                  0082c280    00000004     vlfft_evmc6678l_pe66.oe66 (.const:ti_sysbios_gates_GateSwi_Module__diagsEnabled__C)
                  0082c284    00000004     vlfft_evmc6678l_pe66.oe66 (.const:ti_sysbios_gates_GateSwi_Module__diagsIncluded__C)
                  0082c288    00000004     vlfft_evmc6678l_pe66.oe66 (.const:ti_sysbios_gates_GateSwi_Module__diagsMask__C)
                  0082c28c    00000004     vlfft_evmc6678l_pe66.oe66 (.const:ti_sysbios_hal_Hwi_E_stackOverflow__C)
                  0082c290    00000004     vlfft_evmc6678l_pe66.oe66 (.const:ti_sysbios_heaps_HeapMem_A_align__C)
                  0082c294    00000004     vlfft_evmc6678l_pe66.oe66 (.const:ti_sysbios_heaps_HeapMem_A_heapSize__C)
                  0082c298    00000004     vlfft_evmc6678l_pe66.oe66 (.const:ti_sysbios_heaps_HeapMem_A_invalidFree__C)
                  0082c29c    00000004     vlfft_evmc6678l_pe66.oe66 (.const:ti_sysbios_heaps_HeapMem_A_zeroBlock__C)
                  0082c2a0    00000004     vlfft_evmc6678l_pe66.oe66 (.const:ti_sysbios_heaps_HeapMem_E_memory__C)
                  0082c2a4    00000004     vlfft_evmc6678l_pe66.oe66 (.const:ti_sysbios_heaps_HeapMem_Module__diagsEnabled__C)
                  0082c2a8    00000004     vlfft_evmc6678l_pe66.oe66 (.const:ti_sysbios_heaps_HeapMem_Module__diagsIncluded__C)
                  0082c2ac    00000004     vlfft_evmc6678l_pe66.oe66 (.const:ti_sysbios_heaps_HeapMem_Module__diagsMask__C)
                  0082c2b0    00000004     vlfft_evmc6678l_pe66.oe66 (.const:ti_sysbios_heaps_HeapMem_Module__gateObj__C)
                  0082c2b4    00000004     vlfft_evmc6678l_pe66.oe66 (.const:ti_sysbios_heaps_HeapMem_Object__count__C)
                  0082c2b8    00000004     vlfft_evmc6678l_pe66.oe66 (.const:ti_sysbios_heaps_HeapMem_Object__table__C)
                  0082c2bc    00000004     vlfft_evmc6678l_pe66.oe66 (.const:ti_sysbios_heaps_HeapMem_reqAlignMask__C)
                  0082c2c0    00000004     vlfft_evmc6678l_pe66.oe66 (.const:ti_sysbios_heaps_HeapMem_reqAlign__C)
                  0082c2c4    00000004     vlfft_evmc6678l_pe66.oe66 (.const:ti_sysbios_knl_Clock_A_badThreadType__C)
                  0082c2c8    00000004     vlfft_evmc6678l_pe66.oe66 (.const:ti_sysbios_knl_Clock_LM_begin__C)
                  0082c2cc    00000004     vlfft_evmc6678l_pe66.oe66 (.const:ti_sysbios_knl_Clock_LM_tick__C)
                  0082c2d0    00000004     vlfft_evmc6678l_pe66.oe66 (.const:ti_sysbios_knl_Clock_LW_delayed__C)
                  0082c2d4    00000004     vlfft_evmc6678l_pe66.oe66 (.const:ti_sysbios_knl_Clock_Module_State_clockQ__O)
                  0082c2d8    00000004     vlfft_evmc6678l_pe66.oe66 (.const:ti_sysbios_knl_Clock_Module__diagsEnabled__C)
                  0082c2dc    00000004     vlfft_evmc6678l_pe66.oe66 (.const:ti_sysbios_knl_Clock_Module__diagsIncluded__C)
                  0082c2e0    00000004     vlfft_evmc6678l_pe66.oe66 (.const:ti_sysbios_knl_Clock_Module__diagsMask__C)
                  0082c2e4    00000004     vlfft_evmc6678l_pe66.oe66 (.const:ti_sysbios_knl_Clock_Module__loggerFxn1__C)
                  0082c2e8    00000004     vlfft_evmc6678l_pe66.oe66 (.const:ti_sysbios_knl_Clock_Module__loggerFxn2__C)
                  0082c2ec    00000004     vlfft_evmc6678l_pe66.oe66 (.const:ti_sysbios_knl_Clock_Module__loggerObj__C)
                  0082c2f0    00000004     vlfft_evmc6678l_pe66.oe66 (.const:ti_sysbios_knl_Clock_tickMode__C)
                  0082c2f4    00000004     vlfft_evmc6678l_pe66.oe66 (.const:ti_sysbios_knl_Clock_tickPeriod__C)
                  0082c2f8    00000004     vlfft_evmc6678l_pe66.oe66 (.const:ti_sysbios_knl_Clock_tickSource__C)
                  0082c2fc    00000004     vlfft_evmc6678l_pe66.oe66 (.const:ti_sysbios_knl_Queue_Object__count__C)
                  0082c300    00000004     vlfft_evmc6678l_pe66.oe66 (.const:ti_sysbios_knl_Idle_funcList__A)
                  0082c304    00000004     vlfft_evmc6678l_pe66.oe66 (.const:ti_sysbios_knl_Queue_Object__table__C)
                  0082c308    00000004     vlfft_evmc6678l_pe66.oe66 (.const:ti_sysbios_knl_Semaphore_A_badContext__C)
                  0082c30c    00000004     vlfft_evmc6678l_pe66.oe66 (.const:ti_sysbios_knl_Semaphore_A_noEvents__C)
                  0082c310    00000004     vlfft_evmc6678l_pe66.oe66 (.const:ti_sysbios_knl_Semaphore_Instance_State_pendQ__O)
                  0082c314    00000004     vlfft_evmc6678l_pe66.oe66 (.const:ti_sysbios_knl_Semaphore_LM_pend__C)
                  0082c318    00000004     vlfft_evmc6678l_pe66.oe66 (.const:ti_sysbios_knl_Semaphore_LM_post__C)
                  0082c31c    00000004     vlfft_evmc6678l_pe66.oe66 (.const:ti_sysbios_knl_Semaphore_Module__diagsEnabled__C)
                  0082c320    00000004     vlfft_evmc6678l_pe66.oe66 (.const:ti_sysbios_knl_Semaphore_Module__diagsIncluded__C)
                  0082c324    00000004     vlfft_evmc6678l_pe66.oe66 (.const:ti_sysbios_knl_Semaphore_Module__diagsMask__C)
                  0082c328    00000004     vlfft_evmc6678l_pe66.oe66 (.const:ti_sysbios_knl_Semaphore_Module__loggerFxn2__C)
                  0082c32c    00000004     vlfft_evmc6678l_pe66.oe66 (.const:ti_sysbios_knl_Semaphore_Module__loggerFxn4__C)
                  0082c330    00000004     vlfft_evmc6678l_pe66.oe66 (.const:ti_sysbios_knl_Semaphore_Module__loggerObj__C)
                  0082c334    00000004     vlfft_evmc6678l_pe66.oe66 (.const:ti_sysbios_knl_Swi_A_badPriority__C)
                  0082c338    00000004     vlfft_evmc6678l_pe66.oe66 (.const:ti_sysbios_knl_Swi_LD_end__C)
                  0082c33c    00000004     vlfft_evmc6678l_pe66.oe66 (.const:ti_sysbios_knl_Swi_LM_begin__C)
                  0082c340    00000004     vlfft_evmc6678l_pe66.oe66 (.const:ti_sysbios_knl_Swi_LM_post__C)
                  0082c344    00000004     vlfft_evmc6678l_pe66.oe66 (.const:ti_sysbios_knl_Swi_Module__diagsEnabled__C)
                  0082c348    00000004     vlfft_evmc6678l_pe66.oe66 (.const:ti_sysbios_knl_Swi_Module__diagsIncluded__C)
                  0082c34c    00000004     vlfft_evmc6678l_pe66.oe66 (.const:ti_sysbios_knl_Swi_Module__diagsMask__C)
                  0082c350    00000004     vlfft_evmc6678l_pe66.oe66 (.const:ti_sysbios_knl_Swi_Module__loggerFxn1__C)
                  0082c354    00000004     vlfft_evmc6678l_pe66.oe66 (.const:ti_sysbios_knl_Swi_Module__loggerFxn4__C)
                  0082c358    00000004     vlfft_evmc6678l_pe66.oe66 (.const:ti_sysbios_knl_Swi_Module__loggerObj__C)
                  0082c35c    00000004     vlfft_evmc6678l_pe66.oe66 (.const:ti_sysbios_knl_Swi_Object__count__C)
                  0082c360    00000004     vlfft_evmc6678l_pe66.oe66 (.const:ti_sysbios_knl_Swi_Object__table__C)
                  0082c364    00000004     vlfft_evmc6678l_pe66.oe66 (.const:ti_sysbios_knl_Task_A_badPriority__C)
                  0082c368    00000004     vlfft_evmc6678l_pe66.oe66 (.const:ti_sysbios_knl_Task_A_badTaskState__C)
                  0082c36c    00000004     vlfft_evmc6678l_pe66.oe66 (.const:ti_sysbios_knl_Task_A_badThreadType__C)
                  0082c370    00000004     vlfft_evmc6678l_pe66.oe66 (.const:ti_sysbios_knl_Task_A_noPendElem__C)
                  0082c374    00000004     vlfft_evmc6678l_pe66.oe66 (.const:ti_sysbios_knl_Task_E_spOutOfBounds__C)
                  0082c378    00000004     vlfft_evmc6678l_pe66.oe66 (.const:ti_sysbios_knl_Task_E_stackOverflow__C)
                  0082c37c    00000004     vlfft_evmc6678l_pe66.oe66 (.const:ti_sysbios_knl_Task_LD_block__C)
                  0082c380    00000004     vlfft_evmc6678l_pe66.oe66 (.const:ti_sysbios_knl_Task_LD_exit__C)
                  0082c384    00000004     vlfft_evmc6678l_pe66.oe66 (.const:ti_sysbios_knl_Task_LD_ready__C)
                  0082c388    00000004     vlfft_evmc6678l_pe66.oe66 (.const:ti_sysbios_knl_Task_LM_setPri__C)
                  0082c38c    00000004     vlfft_evmc6678l_pe66.oe66 (.const:ti_sysbios_knl_Task_LM_switch__C)
                  0082c390    00000004     vlfft_evmc6678l_pe66.oe66 (.const:ti_sysbios_knl_Task_LM_yield__C)
                  0082c394    00000004     vlfft_evmc6678l_pe66.oe66 (.const:ti_sysbios_knl_Task_Module_State_inactiveQ__O)
                  0082c398    00000004     vlfft_evmc6678l_pe66.oe66 (.const:ti_sysbios_knl_Task_Module_State_terminatedQ__O)
                  0082c39c    00000004     vlfft_evmc6678l_pe66.oe66 (.const:ti_sysbios_knl_Task_Module__diagsEnabled__C)
                  0082c3a0    00000004     vlfft_evmc6678l_pe66.oe66 (.const:ti_sysbios_knl_Task_Module__diagsIncluded__C)
                  0082c3a4    00000004     vlfft_evmc6678l_pe66.oe66 (.const:ti_sysbios_knl_Task_Module__diagsMask__C)
                  0082c3a8    00000004     vlfft_evmc6678l_pe66.oe66 (.const:ti_sysbios_knl_Task_Module__loggerFxn2__C)
                  0082c3ac    00000004     vlfft_evmc6678l_pe66.oe66 (.const:ti_sysbios_knl_Task_Module__loggerFxn4__C)
                  0082c3b0    00000004     vlfft_evmc6678l_pe66.oe66 (.const:ti_sysbios_knl_Task_Module__loggerObj__C)
                  0082c3b4    00000004     vlfft_evmc6678l_pe66.oe66 (.const:ti_sysbios_knl_Task_Object__count__C)
                  0082c3b8    00000004     vlfft_evmc6678l_pe66.oe66 (.const:ti_sysbios_knl_Task_Object__heap__C)
                  0082c3bc    00000004     vlfft_evmc6678l_pe66.oe66 (.const:ti_sysbios_knl_Task_Object__table__C)
                  0082c3c0    00000004     vlfft_evmc6678l_pe66.oe66 (.const:ti_sysbios_knl_Task_allBlockedFunc__C)
                  0082c3c4    00000004     vlfft_evmc6678l_pe66.oe66 (.const:ti_sysbios_knl_Task_defaultStackHeap__C)
                  0082c3c8    00000004     vlfft_evmc6678l_pe66.oe66 (.const:ti_sysbios_knl_Task_defaultStackSize__C)
                  0082c3cc    00000004     vlfft_evmc6678l_pe66.oe66 (.const:ti_sysbios_knl_Task_numConstructedTasks__C)
                  0082c3d0    00000004     vlfft_evmc6678l_pe66.oe66 (.const:ti_sysbios_knl_Task_numPriorities__C)
                  0082c3d4    00000004     vlfft_evmc6678l_pe66.oe66 (.const:ti_sysbios_syncs_SyncSem_Module__diagsEnabled__C)
                  0082c3d8    00000004     vlfft_evmc6678l_pe66.oe66 (.const:ti_sysbios_syncs_SyncSem_Module__diagsIncluded__C)
                  0082c3dc    00000004     vlfft_evmc6678l_pe66.oe66 (.const:ti_sysbios_syncs_SyncSem_Module__diagsMask__C)
                  0082c3e0    00000004     vlfft_evmc6678l_pe66.oe66 (.const:ti_sysbios_timers_timer64_Timer_A_notAvailable__C)
                  0082c3e4    00000004     vlfft_evmc6678l_pe66.oe66 (.const:ti_sysbios_timers_timer64_Timer_E_cannotSupport__C)
                  0082c3e8    00000004     vlfft_evmc6678l_pe66.oe66 (.const:ti_sysbios_timers_timer64_Timer_Module__diagsEnabled__C)
                  0082c3ec    00000004     vlfft_evmc6678l_pe66.oe66 (.const:ti_sysbios_timers_timer64_Timer_Module__diagsIncluded__C)
                  0082c3f0    00000004     vlfft_evmc6678l_pe66.oe66 (.const:ti_sysbios_timers_timer64_Timer_Module__diagsMask__C)
                  0082c3f4    00000004     vlfft_evmc6678l_pe66.oe66 (.const:ti_sysbios_timers_timer64_Timer_anyMask__C)
                  0082c3f8    00000004     vlfft_evmc6678l_pe66.oe66 (.const:ti_sysbios_timers_timer64_Timer_freqDivisor__C)
                  0082c3fc    00000004     vlfft_evmc6678l_pe66.oe66 (.const:ti_sysbios_timers_timer64_Timer_numLocalTimers__C)
                  0082c400    00000004     vlfft_evmc6678l_pe66.oe66 (.const:ti_sysbios_timers_timer64_Timer_numTimerDevices__C)
                  0082c404    00000004     vlfft_evmc6678l_pe66.oe66 (.const:ti_sysbios_xdcruntime_GateThreadSupport_Instance_State_gate__O)
                  0082c408    00000004     vlfft_evmc6678l_pe66.oe66 (.const:xdc_runtime_Assert_E_assertFailed__C)
                  0082c40c    00000004     vlfft_evmc6678l_pe66.oe66 (.const:xdc_runtime_Core_A_initializedParams__C)
                  0082c410    00000004     vlfft_evmc6678l_pe66.oe66 (.const:xdc_runtime_Core_Module__diagsEnabled__C)
                  0082c414    00000004     vlfft_evmc6678l_pe66.oe66 (.const:xdc_runtime_Core_Module__diagsIncluded__C)
                  0082c418    00000004     vlfft_evmc6678l_pe66.oe66 (.const:xdc_runtime_Core_Module__diagsMask__C)
                  0082c41c    00000004     vlfft_evmc6678l_pe66.oe66 (.const:xdc_runtime_Error_E_generic__C)
                  0082c420    00000004     vlfft_evmc6678l_pe66.oe66 (.const:xdc_runtime_Error_E_memory__C)
                  0082c424    00000004     vlfft_evmc6678l_pe66.oe66 (.const:xdc_runtime_Error_Module__diagsEnabled__C)
                  0082c428    00000004     vlfft_evmc6678l_pe66.oe66 (.const:xdc_runtime_Error_Module__diagsIncluded__C)
                  0082c42c    00000004     vlfft_evmc6678l_pe66.oe66 (.const:xdc_runtime_Error_Module__diagsMask__C)
                  0082c430    00000004     vlfft_evmc6678l_pe66.oe66 (.const:xdc_runtime_Error_Module__loggerFxn8__C)
                  0082c434    00000004     vlfft_evmc6678l_pe66.oe66 (.const:xdc_runtime_Error_Module__loggerObj__C)
                  0082c438    00000004     vlfft_evmc6678l_pe66.oe66 (.const:xdc_runtime_Error_policy__C)
                  0082c43c    00000004     vlfft_evmc6678l_pe66.oe66 (.const:xdc_runtime_Error_raiseHook__C)
                  0082c440    00000004     vlfft_evmc6678l_pe66.oe66 (.const:xdc_runtime_IGateProvider_Interface__BASE__C)
                  0082c444    00000004     vlfft_evmc6678l_pe66.oe66 (.const:xdc_runtime_IHeap_Interface__BASE__C)
                  0082c448    00000004     vlfft_evmc6678l_pe66.oe66 (.const:xdc_runtime_IModule_Interface__BASE__C)
                  0082c44c    00000004     vlfft_evmc6678l_pe66.oe66 (.const:xdc_runtime_Log_L_error__C)
                  0082c450    00000004     vlfft_evmc6678l_pe66.oe66 (.const:xdc_runtime_Memory_defaultHeapInstance__C)
                  0082c454    00000004     vlfft_evmc6678l_pe66.oe66 (.const:xdc_runtime_Startup_execImpl__C)
                  0082c458    00000004     vlfft_evmc6678l_pe66.oe66 (.const:xdc_runtime_Startup_maxPasses__C)
                  0082c45c    00000004     vlfft_evmc6678l_pe66.oe66 (.const:xdc_runtime_Startup_sfxnRts__C)
                  0082c460    00000004     vlfft_evmc6678l_pe66.oe66 (.const:xdc_runtime_Startup_lastFxns__A)
                  0082c464    00000004     vlfft_evmc6678l_pe66.oe66 (.const:xdc_runtime_Startup_sfxnTab__C)
                  0082c468    00000004     vlfft_evmc6678l_pe66.oe66 (.const:xdc_runtime_Startup_startModsFxn__C)
                  0082c46c    00000004     vlfft_evmc6678l_pe66.oe66 (.const:xdc_runtime_System_Module__gateObj__C)
                  0082c470    00000004     vlfft_evmc6678l_pe66.oe66 (.const:xdc_runtime_System_extendFxn__C)
                  0082c474    00000004     vlfft_evmc6678l_pe66.oe66 (.const:xdc_runtime_System_maxAtexitHandlers__C)
                  0082c478    00000004     vlfft_evmc6678l_pe66.oe66 (.const:xdc_runtime_Text_charTab__C)
                  0082c47c    00000004     vlfft_evmc6678l_pe66.oe66 (.const:xdc_runtime_Text_nameEmpty__C)
                  0082c480    00000004     vlfft_evmc6678l_pe66.oe66 (.const:xdc_runtime_Text_nameStatic__C)
                  0082c484    00000004     vlfft_evmc6678l_pe66.oe66 (.const:xdc_runtime_Text_nameUnknown__C)
                  0082c488    00000004     vlfft_evmc6678l_pe66.oe66 (.const:xdc_runtime_Text_nodeTab__C)
                  0082c48c    00000004     vlfft_evmc6678l_pe66.oe66 (.const:xdc_runtime_Text_visitRopeFxn__C)
                  0082c490    00000004     vlfft_evmc6678l_pe66.oe66 (.const:xdc_runtime_knl_ISync_Interface__BASE__C)
                  0082c494    00000002     vlfft_evmc6678l_pe66.oe66 (.const:ti_sdo_ipc_GateMP_Module__id__C)
                  0082c496    00000002     --HOLE-- [fill = 0]
                  0082c498    00000002     vlfft_evmc6678l_pe66.oe66 (.const:ti_sdo_ipc_GateMP_Module__loggerDefined__C)
                  0082c49a    00000002     --HOLE-- [fill = 0]
                  0082c49c    00000002     vlfft_evmc6678l_pe66.oe66 (.const:ti_sdo_ipc_Ipc_Module__id__C)
                  0082c49e    00000002     --HOLE-- [fill = 0]
                  0082c4a0    00000002     vlfft_evmc6678l_pe66.oe66 (.const:ti_sdo_ipc_Ipc_generateSlaveDataForHost__C)
                  0082c4a2    00000002     --HOLE-- [fill = 0]
                  0082c4a4    00000002     vlfft_evmc6678l_pe66.oe66 (.const:ti_sdo_ipc_ListMP_Module__id__C)
                  0082c4a6    00000002     --HOLE-- [fill = 0]
                  0082c4a8    00000002     vlfft_evmc6678l_pe66.oe66 (.const:ti_sdo_ipc_MessageQ_Module__id__C)
                  0082c4aa    00000002     --HOLE-- [fill = 0]
                  0082c4ac    00000002     vlfft_evmc6678l_pe66.oe66 (.const:ti_sdo_ipc_MessageQ_Module__loggerDefined__C)
                  0082c4ae    00000002     --HOLE-- [fill = 0]
                  0082c4b0    00000002     vlfft_evmc6678l_pe66.oe66 (.const:ti_sdo_ipc_Notify_Module__id__C)
                  0082c4b2    00000002     --HOLE-- [fill = 0]
                  0082c4b4    00000002     vlfft_evmc6678l_pe66.oe66 (.const:ti_sdo_ipc_Notify_numLines__C)
                  0082c4b6    00000002     --HOLE-- [fill = 0]
                  0082c4b8    00000002     vlfft_evmc6678l_pe66.oe66 (.const:ti_sdo_ipc_Notify_reservedEvents__C)
                  0082c4ba    00000002     --HOLE-- [fill = 0]
                  0082c4bc    00000002     vlfft_evmc6678l_pe66.oe66 (.const:ti_sdo_ipc_SharedRegion_Module__id__C)
                  0082c4be    00000002     --HOLE-- [fill = 0]
                  0082c4c0    00000002     vlfft_evmc6678l_pe66.oe66 (.const:ti_sdo_ipc_SharedRegion_numEntries__C)
                  0082c4c2    00000002     --HOLE-- [fill = 0]
                  0082c4c4    00000002     vlfft_evmc6678l_pe66.oe66 (.const:ti_sdo_ipc_SharedRegion_translate__C)
                  0082c4c6    00000002     --HOLE-- [fill = 0]
                  0082c4c8    00000002     vlfft_evmc6678l_pe66.oe66 (.const:ti_sdo_ipc_family_c647x_Interrupt_enableKick__C)
                  0082c4ca    00000002     --HOLE-- [fill = 0]
                  0082c4cc    00000002     vlfft_evmc6678l_pe66.oe66 (.const:ti_sdo_ipc_family_c647x_MultiProcSetup_Module__id__C)
                  0082c4ce    00000002     --HOLE-- [fill = 0]
                  0082c4d0    00000002     vlfft_evmc6678l_pe66.oe66 (.const:ti_sdo_ipc_gates_GateHWSem_Module__id__C)
                  0082c4d2    00000002     --HOLE-- [fill = 0]
                  0082c4d4    00000002     vlfft_evmc6678l_pe66.oe66 (.const:ti_sdo_ipc_gates_GateMPSupportNull_Module__id__C)
                  0082c4d6    00000002     --HOLE-- [fill = 0]
                  0082c4d8    00000002     vlfft_evmc6678l_pe66.oe66 (.const:ti_sdo_ipc_gates_GatePeterson_Module__id__C)
                  0082c4da    00000002     --HOLE-- [fill = 0]
                  0082c4dc    00000002     vlfft_evmc6678l_pe66.oe66 (.const:ti_sdo_ipc_heaps_HeapBufMP_Module__id__C)
                  0082c4de    00000002     --HOLE-- [fill = 0]
                  0082c4e0    00000002     vlfft_evmc6678l_pe66.oe66 (.const:ti_sdo_ipc_heaps_HeapBufMP_trackAllocs__C)
                  0082c4e2    00000002     --HOLE-- [fill = 0]
                  0082c4e4    00000002     vlfft_evmc6678l_pe66.oe66 (.const:ti_sdo_ipc_heaps_HeapMemMP_Module__id__C)
                  0082c4e6    00000002     --HOLE-- [fill = 0]
                  0082c4e8    00000002     vlfft_evmc6678l_pe66.oe66 (.const:ti_sdo_ipc_notifyDrivers_NotifyDriverShm_Module__id__C)
                  0082c4ea    00000002     --HOLE-- [fill = 0]
                  0082c4ec    00000002     vlfft_evmc6678l_pe66.oe66 (.const:ti_sdo_ipc_nsremote_NameServerRemoteNotify_Module__id__C)
                  0082c4ee    00000002     --HOLE-- [fill = 0]
                  0082c4f0    00000002     vlfft_evmc6678l_pe66.oe66 (.const:ti_sdo_ipc_transports_TransportShm_Module__id__C)
                  0082c4f2    00000002     --HOLE-- [fill = 0]
                  0082c4f4    00000002     vlfft_evmc6678l_pe66.oe66 (.const:ti_sdo_ipc_transports_TransportShm_notifyEventId__C)
                  0082c4f6    00000002     --HOLE-- [fill = 0]
                  0082c4f8    00000002     vlfft_evmc6678l_pe66.oe66 (.const:ti_sdo_utils_MultiProc_Module__id__C)
                  0082c4fa    00000002     --HOLE-- [fill = 0]
                  0082c4fc    00000002     vlfft_evmc6678l_pe66.oe66 (.const:ti_sdo_utils_MultiProc_numProcessors__C)
                  0082c4fe    00000002     --HOLE-- [fill = 0]
                  0082c500    00000002     vlfft_evmc6678l_pe66.oe66 (.const:ti_sdo_utils_MultiProc_numProcsInCluster__C)
                  0082c502    00000002     --HOLE-- [fill = 0]
                  0082c504    00000002     vlfft_evmc6678l_pe66.oe66 (.const:ti_sdo_utils_NameServer_Module__id__C)
                  0082c506    00000002     --HOLE-- [fill = 0]
                  0082c508    00000002     vlfft_evmc6678l_pe66.oe66 (.const:ti_sdo_utils_NameServer_singleProcessor__C)
                  0082c50a    00000002     --HOLE-- [fill = 0]
                  0082c50c    00000002     vlfft_evmc6678l_pe66.oe66 (.const:ti_sysbios_BIOS_Module__id__C)
                  0082c50e    00000002     --HOLE-- [fill = 0]
                  0082c510    00000002     vlfft_evmc6678l_pe66.oe66 (.const:ti_sysbios_family_c64p_EventCombiner_Module__id__C)
                  0082c512    00000002     --HOLE-- [fill = 0]
                  0082c514    00000002     vlfft_evmc6678l_pe66.oe66 (.const:ti_sysbios_family_c64p_Exception_Module__id__C)
                  0082c516    00000002     --HOLE-- [fill = 0]
                  0082c518    00000002     vlfft_evmc6678l_pe66.oe66 (.const:ti_sysbios_family_c64p_Hwi_Module__id__C)
                  0082c51a    00000002     --HOLE-- [fill = 0]
                  0082c51c    00000002     vlfft_evmc6678l_pe66.oe66 (.const:ti_sysbios_family_c64p_Hwi_Module__loggerDefined__C)
                  0082c51e    00000002     --HOLE-- [fill = 0]
                  0082c520    00000002     vlfft_evmc6678l_pe66.oe66 (.const:ti_sysbios_family_c66_tci66xx_CpIntc_Module__id__C)
                  0082c522    00000002     --HOLE-- [fill = 0]
                  0082c524    00000002     vlfft_evmc6678l_pe66.oe66 (.const:ti_sysbios_gates_GateMutexPri_Module__id__C)
                  0082c526    00000002     --HOLE-- [fill = 0]
                  0082c528    00000002     vlfft_evmc6678l_pe66.oe66 (.const:ti_sysbios_gates_GateMutex_Module__id__C)
                  0082c52a    00000002     --HOLE-- [fill = 0]
                  0082c52c    00000002     vlfft_evmc6678l_pe66.oe66 (.const:ti_sysbios_gates_GateSwi_Module__id__C)
                  0082c52e    00000002     --HOLE-- [fill = 0]
                  0082c530    00000002     vlfft_evmc6678l_pe66.oe66 (.const:ti_sysbios_hal_Hwi_Module__id__C)
                  0082c532    00000002     --HOLE-- [fill = 0]
[...]
0c234e20   ti_sdo_ipc_heaps_HeapMemMP_Params__init__S
0c234e60   ti_sdo_ipc_notifyDrivers_NotifyDriverShm_Handle__label__S
0c234ea0   ti_sdo_ipc_notifyDrivers_NotifyDriverShm_InterruptProxy_intRegister__E
0c234ee0   ti_sdo_ipc_notifyDrivers_NotifyDriverShm_Params__init__S
0c234f20   ti_sdo_ipc_notifyDrivers_NotifyDriverShm_disable__E
0c234f60   ti_sdo_ipc_notifyDrivers_NotifyDriverShm_enable__E
0c234fa0   ti_sdo_ipc_nsremote_NameServerRemoteNotify_Handle__label__S
0c234fe0   ti_sdo_ipc_nsremote_NameServerRemoteNotify_Object__first__S
0c235020   ti_sdo_ipc_nsremote_NameServerRemoteNotify_Object__next__S
0c235060   ti_sdo_ipc_nsremote_NameServerRemoteNotify_Params__init__S
0c2350a0   ti_sdo_ipc_nsremote_NameServerRemoteNotify_get__E
0c2350e0   ti_sdo_ipc_nsremote_NameServerRemoteNotify_sharedMemReq__E
0c235120   ti_sdo_ipc_transports_TransportShm_Handle__label__S
0c235160   ti_sdo_ipc_transports_TransportShm_Params__init__S
0c2351a0   ti_sdo_utils_List_Object__destruct__S
0c2351e0   ti_sdo_utils_NameServer_Module__startupDone__F
0c235220   ti_sdo_utils_NameServer_Object__first__S
0c235260   ti_sdo_utils_NameServer_Object__next__S
0c2352a0   ti_sysbios_BIOS_startFunc__I
0c2352e0   ti_sysbios_BIOS_start__E
0c235320   ti_sysbios_family_c64p_EventCombiner_disableEvent__F
0c235360   ti_sysbios_family_c64p_EventCombiner_dispatchPlug__E
0c2353a0   ti_sysbios_family_c64p_EventCombiner_enableEvent__F
0c2353e0   ti_sysbios_family_c64p_Hwi_Module__startupDone__F
0c235420   ti_sysbios_family_c64p_Hwi_Params__init__S
0c235460   ti_sysbios_family_c64p_Hwi_disableInterrupt__E
0c2354a0   ti_sysbios_family_c64p_Hwi_enableInterrupt__E
0c2354e0   ti_sysbios_family_c66_tci66xx_CpIntc_dispatchPlug__E
0c235520   ti_sysbios_family_c66_tci66xx_CpIntc_dispatchPlug__F
0c235560   ti_sysbios_family_c66_tci66xx_CpIntc_enableAllHostInts__F
0c2355a0   ti_sysbios_gates_GateAll_Handle__label__S
0c2355e0   ti_sysbios_gates_GateAll_Object__delete__S
0c235620   ti_sysbios_gates_GateHwi_Handle__label__S
0c235660   ti_sysbios_gates_GateHwi_Object__delete__S
0c2356a0   ti_sysbios_gates_GateMutexPri_Handle__label__S
0c2356e0   ti_sysbios_gates_GateMutexPri_Instance_finalize__F
0c235720   ti_sysbios_gates_GateMutexPri_Instance_init__F
0c235760   ti_sysbios_gates_GateMutexPri_Object__destruct__S
0c2357a0   ti_sysbios_gates_GateMutex_Handle__label__S
0c2357e0   ti_sysbios_gates_GateMutex_Instance_finalize__F
0c235820   ti_sysbios_gates_GateMutex_leave__E
0c235860   ti_sysbios_gates_GateSwi_Handle__label__S
0c2358a0   ti_sysbios_gates_GateSwi_Object__delete__S
0c2358e0   ti_sysbios_hal_Cache_CacheProxy_inv__E
0c2358e0   ti_sysbios_hal_Cache_inv__E
0c235920   ti_sysbios_hal_Cache_CacheProxy_wbInv__E
0c235920   ti_sysbios_hal_Cache_wbInv__E
0c235960   ti_sysbios_hal_Cache_CacheProxy_wb__E
0c235960   ti_sysbios_hal_Cache_wb__E
0c2359a0   ti_sysbios_hal_Timer_Module__startupDone__F
0c2359e0   ti_sysbios_heaps_HeapMem_Handle__label__S
0c235a20   ti_sysbios_heaps_HeapMem_Object__delete__S
0c235a60   ti_sysbios_knl_Clock_Object__destruct__S
0c235aa0   ti_sysbios_knl_Clock_Params__init__S
0c235ae0   ti_sysbios_knl_Queue_Object__destruct__S
0c235b20   ti_sysbios_knl_Semaphore_Instance_finalize__F
0c235b60   ti_sysbios_knl_Semaphore_Object__destruct__S
0c235ba0   ti_sysbios_knl_Semaphore_Params__init__S
0c235be0   ti_sysbios_knl_Swi_Object__destruct__S
0c235c20   ti_sysbios_knl_Swi_Params__init__S
0c235c60   ti_sysbios_knl_Task_Object__first__S
0c235ca0   ti_sysbios_knl_Task_Object__next__S
0c235ce0   ti_sysbios_knl_Task_Params__init__S
0c235d20   ti_sysbios_syncs_SyncSem_Handle__label__S
0c235d60   ti_sysbios_syncs_SyncSem_Instance_finalize__F
0c235da0   ti_sysbios_timers_timer64_Timer_Module__startupDone__F
0c235de0   ti_sysbios_xdcruntime_GateThreadSupport_Instance_finalize__F
0c235e20   ti_sysbios_xdcruntime_GateThreadSupport_Instance_init__F
0c235e60   ti_sysbios_xdcruntime_GateThreadSupport_enter__F
0c235ea0   ti_sysbios_xdcruntime_GateThreadSupport_leave__F
0c235ee0   TSC_enable
0c235ee8   TSC_read
0c235f20   xdc_runtime_Error_check__F
0c235f60   xdc_runtime_Error_init__F
0c235fa0   xdc_runtime_Error_raiseX__E
0c235fe0   xdc_runtime_GateNull_Handle__label__S
0c236020   xdc_runtime_GateNull_Object__delete__S
0c236060   xdc_runtime_Gate_leaveSystem__F
0c236120   xdc_runtime_Memory_free__F
0c236160   xdc_runtime_Memory_valloc__E
0c2361a0   xdc_runtime_Registry_findById__F
0c2361e0   xdc_runtime_Startup_exec__I
0c236220   xdc_runtime_System_abort__F
0c236260   xdc_runtime_System_aprintf__E
0c2362a0   xdc_runtime_System_printf__E
0c2362e0   xdc_runtime_System_sprintf__E
0c236320   xdc_runtime_Text_ropeText__F
0c236360   xdc_runtime_Text_visitRope__I
0c2363a0   xdc_runtime_knl_GateThread_Handle__label__S
0c2363e0   xdc_runtime_knl_GateThread_Instance_finalize__F
0c236420   xdc_runtime_knl_GateThread_Instance_init__F
0c236460   xdc_runtime_knl_GateThread_Proxy_Object__create__S
0c2364a0   MultiProc_self
0c2364c0   __c6xabi_negll
0c2364e0   __c6xabi_trunc
0c236500   __cxa_atexit
0c236520   __cxa_ia64_exit
0c236540   __xdc__init
0c236560   _nop
0c236600   _register_lock
0c236620   _register_unlock
0c236640   ti_sysbios_family_c62_TaskSupport_glue
0c236660   ti_sysbios_family_xxx_Hwi_switchToTaskStack
0c236680   C$$EXIT
0c236680   abort
0c2366a0   atexit
0c2366c0   __TI_decompress_none
0c2366e0   __TI_decompress_rle24
0c236700   determineProcId
0c236720   edma3MemZero
0c236740   isGblConfigRequired
0c236760   lisrEdma3CCErrHandler0
0c236780   lisrEdma3ComplHandler0
0c2367a0   lisrEdma3TC0ErrHandler0
0c2367c0   lisrEdma3TC1ErrHandler0
0c2367e0   lisrEdma3TC2ErrHandler0
0c236800   lisrEdma3TC3ErrHandler0
0c236820   lisrEdma3TC4ErrHandler0
0c236840   lisrEdma3TC5ErrHandler0
0c236860   lisrEdma3TC6ErrHandler0
0c236880   lisrEdma3TC7ErrHandler0
0c2368c0   putc
0c2368e0   putchar
0c236900   ti_sdo_ipc_GateMP_RemoteCustom1Proxy_Object__delete__S
0c236920   ti_sdo_ipc_GateMP_RemoteCustom1Proxy_Params__init__S
0c236940   ti_sdo_ipc_GateMP_RemoteCustom1Proxy_Proxy__abstract__S
0c236960   ti_sdo_ipc_GateMP_RemoteCustom1Proxy_Proxy__delegate__S
0c236980   ti_sdo_ipc_GateMP_RemoteCustom1Proxy_getReservedMask__E
0c2369a0   ti_sdo_ipc_GateMP_RemoteCustom1Proxy_sharedMemReq__E
0c2369c0   ti_sdo_ipc_GateMP_RemoteCustom2Proxy_Object__delete__S
0c2369e0   ti_sdo_ipc_GateMP_RemoteCustom2Proxy_Params__init__S
0c236a00   ti_sdo_ipc_GateMP_RemoteCustom2Proxy_Proxy__abstract__S
0c236a20   ti_sdo_ipc_GateMP_RemoteCustom2Proxy_Proxy__delegate__S
0c236a40   ti_sdo_ipc_GateMP_RemoteCustom2Proxy_getReservedMask__E
0c236a60   ti_sdo_ipc_GateMP_RemoteCustom2Proxy_sharedMemReq__E
0c236a80   ti_sdo_ipc_GateMP_RemoteSystemProxy_Object__delete__S
0c236aa0   ti_sdo_ipc_GateMP_RemoteSystemProxy_Params__init__S
0c236ac0   ti_sdo_ipc_GateMP_RemoteSystemProxy_Proxy__abstract__S
0c236ae0   ti_sdo_ipc_GateMP_RemoteSystemProxy_Proxy__delegate__S
0c236b00   ti_sdo_ipc_GateMP_RemoteSystemProxy_getReservedMask__E
0c236b20   ti_sdo_ipc_GateMP_RemoteSystemProxy_sharedMemReq__E
0c236b40   ti_sdo_ipc_GateMP_attach__E
0c236b60   ti_sdo_ipc_GateMP_getRegion0ReservedSize__E
0c236b80   ti_sdo_ipc_GateMP_getSharedAddr__E
0c236ba0   ti_sdo_ipc_GateMP_getSharedAddr__F
0c236bc0   ti_sdo_ipc_GateMP_start__E
0c236be0   ti_sdo_ipc_MessageQ_Module_startup__E
0c236c00   ti_sdo_ipc_MessageQ_SetupTransportProxy_attach__E
0c236c20   ti_sdo_ipc_MessageQ_SetupTransportProxy_isRegistered__E
0c236c40   ti_sdo_ipc_MessageQ_SetupTransportProxy_sharedMemReq__E
0c236c60   ti_sdo_ipc_MessageQ_unregisterTransport__E
0c236c80   ti_sdo_ipc_Notify_Module_GateProxy_enter__E
0c236ca0   ti_sdo_ipc_Notify_Module_GateProxy_leave__E
0c236cc0   ti_sdo_ipc_Notify_Module_startup__E
0c236ce0   ti_sdo_ipc_Notify_SetupProxy_attach__E
0c236d00   ti_sdo_ipc_Notify_SetupProxy_numIntLines__E
0c236d20   ti_sdo_ipc_Notify_SetupProxy_sharedMemReq__E
0c236d40   ti_sdo_ipc_Notify_exec__E
0c236d60   ti_sdo_ipc_SharedRegion_attach__E
0c236d80   ti_sdo_ipc_SharedRegion_clearReservedMemory__E
0c236da0   ti_sdo_ipc_SharedRegion_reserveMemory__E
0c236dc0   ti_sdo_ipc_SharedRegion_start__E
0c236de0   ti_sdo_ipc_family_c647x_Interrupt_Module_startup__E
0c236e00   ti_sdo_ipc_family_c647x_Interrupt_intDisable__E
0c236e20   ti_sdo_ipc_family_c647x_Interrupt_intEnable__E
0c236e40   ti_sdo_ipc_family_c647x_NotifySetup_numIntLines__E
0c236e60   ti_sdo_ipc_gates_GateHWSem_Module_startup__E
0c236e80   ti_sdo_ipc_gates_GateHWSem_getReservedMask__E
0c236ea0   ti_sdo_ipc_gates_GateHWSem_query__E
0c236ec0   ti_sdo_ipc_gates_GateHWSem_query__F
0c236ee0   ti_sdo_ipc_gates_GateHWSem_sharedMemReq__E
0c236f00   ti_sdo_ipc_gates_GateMPSupportNull_Instance_init__F
0c236f20   ti_sdo_ipc_gates_GateMPSupportNull_getReservedMask__E
0c236f40   ti_sdo_ipc_gates_GateMPSupportNull_query__E
0c236f60   ti_sdo_ipc_gates_GateMPSupportNull_query__F
0c236f80   ti_sdo_ipc_gates_GateMPSupportNull_sharedMemReq__E
0c236fa0   ti_sdo_ipc_gates_GatePeterson_getReservedMask__E
0c236fc0   ti_sdo_ipc_gates_GatePeterson_query__E
0c236fe0   ti_sdo_ipc_gates_GatePeterson_query__F
0c237000   ti_sdo_ipc_heaps_HeapBufMP_getStats__E
0c237020   ti_sdo_ipc_heaps_HeapBufMP_isBlocking__E
0c237040   ti_sdo_ipc_heaps_HeapBufMP_isBlocking__F
0c237060   ti_sdo_ipc_heaps_HeapMemMP_isBlocking__E
0c237080   ti_sdo_ipc_heaps_HeapMemMP_isBlocking__F
0c2370a0   ti_sdo_ipc_notifyDrivers_NotifyDriverShm_InterruptProxy_intClear__E
0c2370c0   ti_sdo_ipc_notifyDrivers_NotifyDriverShm_InterruptProxy_intDisable__E
0c2370e0   ti_sdo_ipc_notifyDrivers_NotifyDriverShm_InterruptProxy_intEnable__E
0c237100   ti_sdo_ipc_notifyDrivers_NotifyDriverShm_InterruptProxy_intSend__E
0c237120   ti_sdo_ipc_notifyDrivers_NotifyDriverShm_InterruptProxy_intUnregister__E
0c237140   ti_sdo_ipc_notifyDrivers_NotifyDriverShm_sharedMemReq__E
0c237160   ti_sdo_ipc_nsremote_NameServerRemoteNotify_cbFxn__I
0c237180   ti_sdo_ipc_transports_TransportShmSetup_isRegistered__E
0c2371a0   ti_sdo_ipc_transports_TransportShm_control__E
0c2371c0   ti_sdo_ipc_transports_TransportShm_getStatus__E
0c2371e0   ti_sdo_ipc_transports_TransportShm_notifyFxn__I
0c237200   ti_sdo_ipc_transports_TransportShm_openByAddr__E
0c237220   ti_sdo_ipc_transports_TransportShm_setErrFxn__E
0c237240   ti_sdo_ipc_transports_TransportShm_setErrFxn__F
0c237260   ti_sdo_ipc_transports_TransportShm_sharedMemReq__E
0c237280   ti_sdo_utils_List_Instance_init__F
0c2372a0   ti_sdo_utils_MultiProc_getClusterId__E
0c2372c0   ti_sdo_utils_MultiProc_getClusterId__F
0c2372e0   ti_sdo_utils_NameServer_Module__startupDone__S
0c237300   ti_sdo_utils_NameServer_Module_startup__E
0c237320   ti_sdo_utils_NameServer_SetupProxy_attach__E
0c237340   ti_sdo_utils_NameServer_SetupProxy_sharedMemReq__E
0c237360   ti_sysbios_BIOS_RtsGateProxy_enter__E
0c237380   ti_sysbios_BIOS_RtsGateProxy_leave__E
0c2373a0   ti_sysbios_BIOS_getThreadType__E
0c2373c0   ti_sysbios_BIOS_setThreadType__E
0c2373e0   ti_sysbios_family_c62_TaskSupport_Module__startupDone__S
0c237400   ti_sysbios_family_c62_TaskSupport_checkStack__E
0c237420   ti_sysbios_family_c62_TaskSupport_getStackAlignment__E
0c237440   ti_sysbios_family_c64p_EventCombiner_Module_startup__E
0c237460   ti_sysbios_family_c64p_EventCombiner_disableEvent__E
0c237480   ti_sysbios_family_c64p_EventCombiner_dispatch__E
0c2374a0   ti_sysbios_family_c64p_EventCombiner_enableEvent__E
0c2374c0   ti_sysbios_family_c64p_EventCombiner_unused__E
0c2374e0   ti_sysbios_family_c64p_Exception_Module_startup__E
0c237500   ti_sysbios_family_c64p_Hwi_Module__startupDone__S
0c237520   ti_sysbios_family_c64p_Hwi_Module_startup__E
0c237540   ti_sysbios_family_c64p_Hwi_clearInterrupt__E
0c237560   ti_sysbios_family_c64p_Hwi_getHandle__E
0c237580   ti_sysbios_family_c64p_Hwi_startup__E
0c2375a0   ti_sysbios_family_c64p_Hwi_switchFromBootStack__E
0c2375c0   ti_sysbios_family_c64p_Hwi_unPluggedInterrupt__I
0c2375e0   ti_sysbios_family_c64p_tci6488_TimerSupport_enable__E
0c237600   ti_sysbios_family_c66_Cache_Module_startup__E
0c237620   ti_sysbios_family_c66_Cache_inv__E
0c237640   ti_sysbios_family_c66_Cache_wbInv__E
0c237660   ti_sysbios_family_c66_Cache_wb__E
0c237680   ti_sysbios_family_c66_tci66xx_CpIntc_Module_startup__E
0c2376a0   ti_sysbios_family_c66_tci66xx_CpIntc_dispatch__E
0c2376c0   ti_sysbios_family_c66_tci66xx_CpIntc_enableAllHostInts__E
0c2376e0   ti_sysbios_family_c66_tci66xx_CpIntc_enableHostInt__E
0c237700   ti_sysbios_family_c66_tci66xx_CpIntc_enableHostInt__F
0c237720   ti_sysbios_family_c66_tci66xx_CpIntc_getEventId__E
0c237740   ti_sysbios_family_c66_tci66xx_CpIntc_mapSysIntToHostInt__E
0c237760   ti_sysbios_family_c66_tci66xx_CpIntc_unused__E
0c237780   ti_sysbios_gates_GateAll_Instance_init__F
0c2377a0   ti_sysbios_gates_GateAll_query__E
0c2377c0   ti_sysbios_gates_GateAll_query__F
0c2377e0   ti_sysbios_gates_GateHwi_Instance_init__F
0c237800   ti_sysbios_gates_GateHwi_enter__E
0c237820   ti_sysbios_gates_GateHwi_leave__E
0c237840   ti_sysbios_gates_GateHwi_query__E
0c237860   ti_sysbios_gates_GateHwi_query__F
0c237880   ti_sysbios_gates_GateMutexPri_query__E
0c237880   ti_sysbios_xdcruntime_GateProcessSupport_query__F
0c237880   ti_sysbios_xdcruntime_GateThreadSupport_query__F
0c2378a0   ti_sysbios_gates_GateMutexPri_query__F
0c2378c0   ti_sysbios_gates_GateMutex_query__E
0c2378e0   ti_sysbios_gates_GateMutex_query__F
0c237900   ti_sysbios_gates_GateSwi_Instance_init__F
0c237920   ti_sysbios_gates_GateSwi_query__E
0c237940   ti_sysbios_gates_GateSwi_query__F
0c237960   ti_sysbios_hal_Hwi_HwiProxy_Module__startupDone__S
0c237980   ti_sysbios_hal_Hwi_HwiProxy_clearInterrupt__E
0c237980   ti_sysbios_hal_Hwi_clearInterrupt__E
0c2379a0   ti_sysbios_hal_Hwi_HwiProxy_disableInterrupt__E
0c2379a0   ti_sysbios_hal_Hwi_disableInterrupt__E
0c2379c0   ti_sysbios_hal_Hwi_HwiProxy_enableInterrupt__E
0c2379c0   ti_sysbios_hal_Hwi_enableInterrupt__E
0c2379e0   ti_sysbios_hal_Hwi_HwiProxy_startup__E
0c2379e0   ti_sysbios_hal_Hwi_startup__E
0c237a00   ti_sysbios_hal_Hwi_HwiProxy_switchFromBootStack__E
0c237a00   ti_sysbios_hal_Hwi_switchFromBootStack__E
0c237a20   ti_sysbios_hal_Hwi_Module_startup__E
0c237a40   ti_sysbios_hal_Hwi_Module_startup__F
0c237a60   ti_sysbios_hal_Timer_Module__startupDone__S
0c237a80   ti_sysbios_hal_Timer_Module_startup__E
0c237aa0   ti_sysbios_hal_Timer_Module_startup__F
0c237ac0   ti_sysbios_hal_Timer_TimerProxy_Module__startupDone__S
0c237ae0   ti_sysbios_hal_Timer_TimerProxy_getExpiredCounts__E
0c237b00   ti_sysbios_hal_Timer_TimerProxy_getPeriod__E
0c237b20   ti_sysbios_hal_Timer_TimerProxy_setNextTick__E
0c237b40   ti_sysbios_hal_Timer_TimerProxy_startup__E
0c237b40   ti_sysbios_hal_Timer_startup__E
0c237b60   ti_sysbios_heaps_HeapMem_Module_GateProxy_enter__E
0c237b80   ti_sysbios_heaps_HeapMem_Module_GateProxy_leave__E
0c237ba0   ti_sysbios_heaps_HeapMem_Module_GateProxy_query__E
0c237bc0   ti_sysbios_heaps_HeapMem_isBlocking__E
0c237c00   ti_sysbios_knl_Clock_Module_startup__E
0c237c20   ti_sysbios_knl_Queue_Instance_init__F
0c237c40   ti_sysbios_knl_Queue_empty__E
0c237c60   ti_sysbios_knl_Swi_Module_startup__E
0c237c80   ti_sysbios_knl_Swi_disable__E
0c237ca0   ti_sysbios_knl_Task_Module_startup__E
0c237cc0   ti_sysbios_knl_Task_SupportProxy_Module__startupDone__S
0c237ce0   ti_sysbios_knl_Task_SupportProxy_checkStack__E
0c237d00   ti_sysbios_knl_Task_SupportProxy_getStackAlignment__E
0c237d20   ti_sysbios_knl_Task_SupportProxy_start__E
0c237d40   ti_sysbios_knl_Task_SupportProxy_swap__E
0c237d60   ti_sysbios_knl_Task_disable__E
0c237d80   ti_sysbios_knl_Task_enable__E
0c237da0   ti_sysbios_knl_Task_getPri__E
0c237dc0   ti_sysbios_knl_Task_self__E
0c237de0   ti_sysbios_syncs_SyncSem_query__E
0c237e00   ti_sysbios_syncs_SyncSem_query__F
0c237e20   ti_sysbios_syncs_SyncSem_signal__E
0c237e40   ti_sysbios_syncs_SyncSem_signal__F
0c237e60   ti_sysbios_syncs_SyncSem_wait__E
0c237e80   ti_sysbios_timers_timer64_Timer_Module__startupDone__S
0c237ea0   ti_sysbios_timers_timer64_Timer_Module_startup__E
0c237ec0   ti_sysbios_timers_timer64_Timer_TimerSupportProxy_enable__E
0c237ee0   ti_sysbios_timers_timer64_Timer_setNextTick__E
0c237f00   ti_sysbios_xdcruntime_GateThreadSupport_enter__E
0c237f20   ti_sysbios_xdcruntime_GateThreadSupport_leave__E
0c237f40   ti_sysbios_xdcruntime_GateThreadSupport_query__E
0c237f80   xdc_runtime_Error_check__E
0c237fa0   xdc_runtime_Error_init__E
0c237fc0   xdc_runtime_Error_print__E
0c237fe0   xdc_runtime_GateNull_enter__E
0c238000   xdc_runtime_GateNull_enter__F
0c238020   xdc_runtime_GateNull_leave__E
0c238040   xdc_runtime_GateNull_leave__F
0c238060   xdc_runtime_GateNull_query__E
0c238080   xdc_runtime_GateNull_query__F
0c2380a0   xdc_runtime_Gate_enterSystem__E
0c2380c0   xdc_runtime_Gate_enterSystem__F
0c2380e0   xdc_runtime_Gate_leaveSystem__E
0c238100   xdc_runtime_Memory_HeapProxy_alloc__E
0c238120   xdc_runtime_Memory_HeapProxy_free__E
0c238140   xdc_runtime_Memory_alloc__E
0c238160   xdc_runtime_Memory_calloc__E
0c238180   xdc_runtime_Memory_free__E
0c2381a0   xdc_runtime_Memory_getMaxDefaultTypeAlign__E
0c2381c0   xdc_runtime_Memory_getMaxDefaultTypeAlign__F
0c2381e0   xdc_runtime_Registry_findById__E
0c238200   xdc_runtime_Startup_Module__startupDone__S
0c238220   xdc_runtime_Startup_exec__E
0c238240   xdc_runtime_Startup_reset__I
0c238260   xdc_runtime_Startup_rtsDone__E
0c238280   xdc_runtime_Startup_rtsDone__F
0c2382a0   xdc_runtime_SysStd_abort__E
0c2382c0   xdc_runtime_SysStd_exit__E
0c2382e0   xdc_runtime_SysStd_exit__F
0c238300   xdc_runtime_SysStd_putch__E
0c238320   xdc_runtime_SysStd_putch__F
0c238340   xdc_runtime_SysStd_ready__E
0c238360   xdc_runtime_SysStd_ready__F
0c238380   xdc_runtime_System_Module_GateProxy_enter__E
0c2383a0   xdc_runtime_System_Module_GateProxy_leave__E
0c2383c0   xdc_runtime_System_Module_startup__E
0c2383e0   xdc_runtime_System_Module_startup__F
0c238400   xdc_runtime_System_SupportProxy_abort__E
0c238420   xdc_runtime_System_SupportProxy_exit__E
0c238440   xdc_runtime_System_SupportProxy_putch__E
0c238460   xdc_runtime_System_SupportProxy_ready__E
0c238480   xdc_runtime_System_abort__E
0c2384a0   xdc_runtime_System_atexit__E
0c2384c0   xdc_runtime_System_exit__E
0c2384e0   xdc_runtime_System_exit__F
0c238500   xdc_runtime_System_lastFxn__I
0c238520   xdc_runtime_System_vsprintf__E
0c238540   xdc_runtime_System_sprintf_va__F
0c238540   xdc_runtime_System_vsprintf__F
0c238560   xdc_runtime_Text_cordText__E
0c238580   xdc_runtime_Text_putLab__E
0c2385a0   xdc_runtime_Text_putSite__E
0c2385c0   xdc_runtime_Text_ropeText__E
0c2385e0   xdc_runtime_knl_GateThread_Module__startupDone__S
0c238600   xdc_runtime_knl_GateThread_Proxy_Object__delete__S
0c238620   xdc_runtime_knl_GateThread_Proxy_enter__E
0c238640   xdc_runtime_knl_GateThread_Proxy_leave__E
0c238660   xdc_runtime_knl_GateThread_Proxy_query__E
0c238660   xdc_runtime_knl_GateThread_query__F
0c238680   xdc_runtime_knl_GateThread_enter__E
0c2386a0   xdc_runtime_knl_GateThread_enter__F
0c2386c0   xdc_runtime_knl_GateThread_leave__E
0c2386e0   xdc_runtime_knl_GateThread_leave__F
0c238700   xdc_runtime_knl_GateThread_query__E
0c238800   ti_sysbios_family_c64p_Hwi0
0c238820   ti_sysbios_family_c64p_Hwi1
0c238840   ti_sysbios_family_c64p_Hwi2
0c238860   ti_sysbios_family_c64p_Hwi3
0c238880   ti_sysbios_family_c64p_Hwi4
0c2388a0   ti_sysbios_family_c64p_Hwi5
0c2388c0   ti_sysbios_family_c64p_Hwi6
0c2388e0   ti_sysbios_family_c64p_Hwi7
0c238900   ti_sysbios_family_c64p_Hwi8
0c238920   ti_sysbios_family_c64p_Hwi9
0c238940   ti_sysbios_family_c64p_Hwi10
0c238960   ti_sysbios_family_c64p_Hwi11
0c238980   ti_sysbios_family_c64p_Hwi12
0c2389a0   ti_sysbios_family_c64p_Hwi13
0c2389c0   ti_sysbios_family_c64p_Hwi14
0c2389e0   ti_sysbios_family_c64p_Hwi15
80200000   inData
80a00000   outData
81200000   workBufExternal
81a00000   testData
ffffffff   __TI_pprof_out_hndl
ffffffff   __TI_prof_data_size
ffffffff   __TI_prof_data_start
ffffffff   __binit__
ffffffff   __c_args__
ffffffff   binit

[1547 symbols]
