******************************************************************************
               TMS320C6x Linker PC v7.3.4                      
******************************************************************************
>> Linked Wed Apr 27 09:42:40 2016

OUTPUT FILE NAME:   <IPC_notify.out>
ENTRY POINT SYMBOL: "_c_int00"  address: 0081eb20


MEMORY CONFIGURATION

         name            origin    length      used     unused   attr    fill
----------------------  --------  ---------  --------  --------  ----  --------
  L2SRAM                00800000   00080000  0003429e  0004bd62  RW X
  MSMCSRAM              0c000000   00400000  00200000  00200000  RW X
  DDR3                  80000000   20000000  00000000  20000000  RWIX


SEGMENT ALLOCATION MAP

run origin  load origin   length   init length attrs members
----------  ----------- ---------- ----------- ----- -------
00800000    00800000    00023a60   00023a60    r-x
  00800000    00800000    00023a60   00023a60    r-x .text
00823a60    00823a60    00009038   00000000    rw-
  00823a60    00823a60    00009038   00000000    rw- .far.1
0082caa0    0082caa0    00000218   00000000    rw-
  0082caa0    0082caa0    00000218   00000000    rw- .far.2
0082ccc0    0082ccc0    00004142   00004142    r--
  0082ccc0    0082ccc0    00004142   00004142    r-- .const
00830e10    00830e10    00001718   00001718    rw-
  00830e10    00830e10    00001718   00001718    rw- .fardata.1
00832530    00832530    00000018   00000018    rw-
  00832530    00832530    00000018   00000018    rw- .fardata.2
00832550    00832550    00000018   00000018    rw-
  00832550    00832550    00000018   00000018    rw- .fardata.3
00832570    00832570    00000014   00000014    rw-
  00832570    00832570    00000014   00000014    rw- .fardata.4
00832590    00832590    00000028   00000028    rw-
  00832590    00832590    00000028   00000028    rw- .fardata.5
008325c0    008325c0    00000008   00000008    rw-
  008325c0    008325c0    00000008   00000008    rw- .fardata.6
008325d0    008325d0    00000004   00000004    rw-
  008325d0    008325d0    00000004   00000004    rw- .fardata.7
008325e0    008325e0    00000004   00000004    rw-
  008325e0    008325e0    00000004   00000004    rw- .fardata.8
008325f0    008325f0    00000004   00000004    rw-
  008325f0    008325f0    00000004   00000004    rw- .fardata.9
00832600    00832600    00000004   00000004    rw-
  00832600    00832600    00000004   00000004    rw- .fardata.10
00832610    00832610    00000004   00000004    rw-
  00832610    00832610    00000004   00000004    rw- .fardata.11
00832620    00832620    00000004   00000004    rw-
  00832620    00832620    00000004   00000004    rw- .fardata.12
00832630    00832630    00000004   00000004    rw-
  00832630    00832630    00000004   00000004    rw- .fardata.13
00832640    00832640    00000004   00000004    rw-
  00832640    00832640    00000004   00000004    rw- .fardata.14
00832650    00832650    00000004   00000004    rw-
  00832650    00832650    00000004   00000004    rw- .fardata.15
00832660    00832660    00000004   00000004    rw-
  00832660    00832660    00000004   00000004    rw- .fardata.16
00832670    00832670    00000004   00000004    rw-
  00832670    00832670    00000004   00000004    rw- .fardata.17
00832678    00832678    00001120   00000000    rw-
  00832678    00832678    00001000   00000000    rw- .stack
  00833678    00833678    00000120   00000000    rw- .cio
00833798    00833798    00000010   00000010    r--
  00833798    00833798    00000010   00000010    r-- .switch
008337a8    008337a8    00000004   00000000    rw-
  008337a8    008337a8    00000004   00000000    rw- .bss
008337ac    008337ac    00000006   00000006    rw-
  008337ac    008337ac    00000006   00000006    rw- .neardata
008337b4    008337b4    00000004   00000004    r--
  008337b4    008337b4    00000004   00000004    r-- .rodata
00833800    00833800    00000bb4   00000bb4    r-x
  00833800    00833800    00000200   00000200    r-x .vecs
  00833a00    00833a00    000009b4   000009b4    r-- .cinit


SECTION ALLOCATION MAP

 output                                  attributes/
section   page    origin      length       input sections
--------  ----  ----------  ----------   ----------------
.init_array 
*          0    00800000    00000000     UNINITIALIZED

xdc.meta   0    00800000    00000128     COPY SECTION
                  00800000    00000128     notify_multicore_pe66.oe66 (xdc.meta)

.text      0    00800000    00023a60     
                  00800000    000011c0     ipc.lib : Ipc.obj (.text:ti_sdo_ipc_GateMP_Instance_init__F)
                  008011c0    00000a60             : Ipc.obj (.text:ti_sdo_ipc_heaps_HeapMemMP_alloc__E)
                  00801c20    000009e0             : Ipc.obj (.text:ti_sdo_ipc_heaps_HeapMemMP_free__E)
                  00802600    000009a0             : Ipc.obj (.text:Ipc_attach)
                  00802fa0    000009a0     ti.targets.rts6000.ae66 : System.oe66 (.text:xdc_runtime_System_doPrint__I)
                  00803940    00000920     ipc.lib : Ipc.obj (.text:ti_sdo_ipc_transports_TransportShm_Instance_init__F)
                  00804260    000008a0             : Ipc.obj (.text:ti_sdo_ipc_ListMP_Instance_init__F)
                  00804b00    00000860             : Ipc.obj (.text:ti_sdo_ipc_GateMP_Instance_finalize__F)
                  00805360    00000840             : Ipc.obj (.text:MessageQ_put)
                  00805ba0    00000780             : Ipc.obj (.text:ti_sdo_ipc_heaps_HeapMemMP_Instance_init__F)
                  00806320    00000780     sysbios.lib : BIOS.obj (.text:ti_sysbios_family_c64p_Exception_handler__I)
                  00806aa0    00000700     ipc.lib : Ipc.obj (.text:Notify_registerEvent)
                  008071a0    000006c0             : Ipc.obj (.text:ti_sdo_ipc_nsremote_NameServerRemoteNotify_Instance_init__F)
                  00807860    000006a0             : Ipc.obj (.text:NameServer_add)
                  00807f00    00000660     sysbios.lib : BIOS.obj (.text:ti_sysbios_heaps_HeapMem_free__E)
                  00808560    00000620     ipc.lib : Ipc.obj (.text:Notify_sendEvent)
                  00808b80    00000620     sysbios.lib : BIOS.obj (.text:ti_sysbios_heaps_HeapMem_alloc__E)
                  008091a0    000005e0     ipc.lib : Ipc.obj (.text:Notify_registerEventSingle)
                  00809780    000005c0             : Ipc.obj (.text:ListMP_getHead)
                  00809d40    000005c0             : Ipc.obj (.text:Notify_unregisterEventSingle)
                  0080a300    000005c0             : Ipc.obj (.text:ti_sdo_ipc_SharedRegion_start__F)
                  0080a8c0    000005c0     sysbios.lib : BIOS.obj (.text:ti_sysbios_timers_timer64_Timer_Module_startup__F)
                  0080ae80    00000580     ipc.lib : Ipc.obj (.text:ti_sdo_ipc_nsremote_NameServerRemoteNotify_get__F)
                  0080b400    00000580             : Ipc.obj (.text:ti_sdo_ipc_transports_TransportShm_put__E)
                  0080b980    00000540             : Ipc.obj (.text:ti_sdo_ipc_Ipc_procSyncStart__I)
                  0080bec0    000004e0             : Ipc.obj (.text:ti_sdo_ipc_notifyDrivers_NotifyDriverShm_Instance_init__F)
                  0080c3a0    000004a0             : Ipc.obj (.text:ti_sdo_ipc_gates_GatePeterson_Instance_init__F)
                  0080c840    00000480     sysbios.lib : BIOS.obj (.text:ti_sysbios_knl_Task_Module_startup__F)
                  0080ccc0    00000460     ipc.lib : Ipc.obj (.text:ti_sdo_ipc_GateMP_setRegion0Reserved__F)
                  0080d120    00000460             : Ipc.obj (.text:ti_sdo_ipc_Ipc_procSyncFinish__I)
                  0080d580    00000440             : Ipc.obj (.text:ListMP_putTail)
                  0080d9c0    00000440             : Ipc.obj (.text:ti_sdo_ipc_heaps_HeapMemMP_getStats__E)
                  0080de00    00000440             : Ipc.obj (.text:ti_sdo_ipc_heaps_HeapMemMP_postInit__I)
                  0080e240    00000400             : Ipc.obj (.text:ti_sdo_ipc_Notify_Instance_init__F)
                  0080e640    00000400     sysbios.lib : BIOS.obj (.text:ti_sysbios_knl_Semaphore_pend__E)
                  0080ea40    000003c0     ipc.lib : Ipc.obj (.text:ti_sdo_ipc_SharedRegion_reserveMemory__F)
                  0080ee00    000003c0     sysbios.lib : BIOS.obj (.text:ti_sysbios_knl_Task_setPri__E)
                  0080f1c0    00000380     ipc.lib : Ipc.obj (.text:HeapMemMP_sharedMemReq)
                  0080f540    00000340             : Ipc.obj (.text:GateMP_sharedMemReq)
                  0080f880    00000340     notify_multicore.obj (.text)
                  0080fbc0    00000340     ipc.lib : Ipc.obj (.text:ti_sdo_ipc_nsremote_NameServerRemoteNotify_swiFxn__I)
                  0080ff00    00000300             : Ipc.obj (.text:GateMP_openByAddr)
                  00810200    00000300             : Ipc.obj (.text:ti_sdo_ipc_transports_TransportShm_openByAddr__F)
                  00810500    00000300     sysbios.lib : BIOS.obj (.text:ti_sysbios_family_c64p_Hwi_dispatchC__I)
                  00810800    000002e0     ipc.lib : Ipc.obj (.text:SharedRegion_getEntry)
                  00810ae0    000002e0             : Ipc.obj (.text:SharedRegion_getPtr)
                  00810dc0    000002e0     sysbios.lib : BIOS.obj (.text:ti_sysbios_gates_GateMutexPri_enter__E)
                  008110a0    000002c0     ipc.lib : Ipc.obj (.text:ti_sdo_ipc_notifyDrivers_NotifyDriverShm_isr__I)
                  00811360    000002a0             : Ipc.obj (.text:Ipc_start)
                  00811600    000002a0             : Ipc.obj (.text:NameServer_getLocal)
                  008118a0    000002a0     sysbios.lib : BIOS.obj (.text:ti_sysbios_knl_Clock_workFunc__E)
                  00811b40    000002a0                 : BIOS.obj (.text:ti_sysbios_knl_Task_sleep__E)
                  00811de0    00000280     ipc.lib : Ipc.obj (.text:SharedRegion_getSRPtr)
                  00812060    00000280     sysbios.lib : BIOS.obj (.text:deviceConfig$44)
                  008122e0    00000280     ipc.lib : Ipc.obj (.text:ti_sdo_ipc_notifyDrivers_NotifyDriverShm_sharedMemReq__F)
                  00812560    00000280     sysbios.lib : BIOS.obj (.text:ti_sysbios_knl_Clock_Instance_init__F)
                  008127e0    00000280                 : BIOS.obj (.text:ti_sysbios_knl_Task_exit__E)
                  00812a60    00000280     ti.targets.rts6000.ae66 : Core-mem.oe66 (.text:xdc_runtime_Core_createObject__I)
                  00812ce0    00000280                             : Error.oe66 (.text:xdc_runtime_Error_raiseX__F)
                  00812f60    00000260     ipc.lib : Ipc.obj (.text:ListMP_sharedMemReq)
                  008131c0    00000260             : Ipc.obj (.text:ti_sdo_ipc_ListMP_Instance_finalize__F)
                  00813420    00000260             : Ipc.obj (.text:ti_sdo_ipc_heaps_HeapMemMP_Instance_finalize__F)
                  00813680    00000260             : Ipc.obj (.text:ti_sdo_ipc_notifyDrivers_NotifyDriverShm_disableEvent__E)
                  008138e0    00000260     ti.targets.rts6000.ae66 : Startup.oe66 (.text:xdc_runtime_Startup_startMods__I)
                  00813b40    00000260     notify_multicore_pe66.oe66 (.text:xdc_runtime_System_printfExtend__I)
                  00813da0    00000240     rts6600_elf.lib : imath64.obj (.text:__c6xabi_divull)
                  00813fe0    00000240     sysbios.lib : BIOS.obj (.text:ti_sysbios_family_c64p_Exception_internalHandler__I)
                  00814220    00000220                 : BIOS.obj (.text:ti_sysbios_family_c64p_Hwi_reconfig__E)
                  00814440    00000220                 : BIOS.obj (.text:ti_sysbios_knl_Swi_run__I)
                  00814660    00000220                 : BIOS.obj (.text:ti_sysbios_knl_Task_schedule__I)
                  00814880    00000220                 : BIOS.obj (.text:ti_sysbios_knl_Task_startup__E)
                  00814aa0    00000200     ipc.lib : Ipc.obj (.text:GateMP_enter)
                  00814ca0    00000200             : Ipc.obj (.text:GateMP_leave)
                  00814ea0    00000200             : Ipc.obj (.text:ListMP_openByAddr)
                  008150a0    00000200     sysbios.lib : c64p_Hwi_disp_always.obj (.text:_ti_sysbios_family_c64p_Hwi_dispatchAlways)
                  008152a0    00000200                 : BIOS.obj (.text:block$56)
                  008154a0    00000200     ipc.lib : Ipc.obj (.text:ti_sdo_ipc_family_c647x_MultiProcSetup_init__I)
                  008156a0    00000200             : Ipc.obj (.text:ti_sdo_ipc_notifyDrivers_NotifyDriverShm_sendEvent__E)
                  008158a0    00000200             : Ipc.obj (.text:ti_sdo_ipc_transports_TransportShm_Instance_finalize__F)
                  00815aa0    000001e0             : Ipc.obj (.text:ti_sdo_ipc_GateMP_attach__F)
                  00815c80    000001e0             : Ipc.obj (.text:ti_sdo_ipc_GateMP_getFreeResource__I)
                  00815e60    000001e0     sysbios.lib : BIOS.obj (.text:ti_sysbios_timers_timer64_Timer_getFreq__E)
                  00816040    000001c0     ipc.lib : Ipc.obj (.text:HeapMemMP_openByAddr)
                  00816200    000001c0             : Ipc.obj (.text:ti_sdo_ipc_notifyDrivers_NotifyDriverShm_registerEvent__E)
                  008163c0    000001c0     sysbios.lib : BIOS.obj (.text:ti_sysbios_knl_Swi_Instance_init__F)
                  00816580    000001c0                 : BIOS.obj (.text:ti_sysbios_knl_Task_checkStacks__E)
                  00816740    000001c0                 : BIOS.obj (.text:ti_sysbios_timers_timer64_Timer_setPeriodMicroSecs__E)
                  00816900    000001a0     rts6600_elf.lib : trgdrv.obj (.text:HOSTrename)
                  00816aa0    000001a0     ipc.lib : Ipc.obj (.text:SharedRegion_getCacheLineSize)
                  00816c40    000001a0             : Ipc.obj (.text:SharedRegion_getHeap)
                  00816de0    000001a0             : Ipc.obj (.text:SharedRegion_isCacheEnabled)
                  00816f80    000001a0             : Ipc.obj (.text:ti_sdo_ipc_GateMP_openRegion0Reserved__F)
                  00817120    000001a0             : Ipc.obj (.text:ti_sdo_ipc_notifyDrivers_NotifyDriverShm_enableEvent__E)
                  008172c0    000001a0             : Ipc.obj (.text:ti_sdo_ipc_notifyDrivers_NotifyDriverShm_unregisterEvent__E)
                  00817460    000001a0             : Ipc.obj (.text:ti_sdo_ipc_nsremote_NameServerRemoteNotify_attach__E)
                  00817600    000001a0     sysbios.lib : BIOS.obj (.text:ti_sysbios_gates_GateMutex_enter__E)
                  008177a0    000001a0                 : BIOS.obj (.text:ti_sysbios_timers_timer64_Timer_start__E)
                  00817940    00000180     ipc.lib : Ipc.obj (.text:MultiProc_setLocalId)
                  00817ac0    00000180             : Ipc.obj (.text:NameServer_getHandle)
                  00817c40    00000180             : Ipc.obj (.text:Notify_intLineRegistered)
                  00817dc0    00000180     rts6600_elf.lib : copy_decompress_rle.obj (.text:__TI_decompress_rle_core)
                  00817f40    00000180                     : setvbuf.obj (.text:setvbuf)
                  008180c0    00000180     sysbios.lib : c64p_Exception_asm.obj (.text)
                  00818240    00000180     ipc.lib : Ipc.obj (.text:ti_sdo_ipc_MessageQ_registerTransport__F)
                  008183c0    00000180             : Ipc.obj (.text:ti_sdo_ipc_Notify_Module_startup__F)
                  00818540    00000180             : Ipc.obj (.text:ti_sdo_ipc_gates_GatePeterson_enter__E)
                  008186c0    00000180             : Ipc.obj (.text:ti_sdo_utils_NameServer_Module_startup__F)
                  00818840    00000180     sysbios.lib : BIOS.obj (.text:ti_sysbios_heaps_HeapMem_Instance_init__F)
                  008189c0    00000180                 : BIOS.obj (.text:ti_sysbios_knl_Semaphore_post__E)
                  00818b40    00000180                 : BIOS.obj (.text:ti_sysbios_knl_Swi_schedule__I)
                  00818cc0    00000180                 : BIOS.obj (.text:ti_sysbios_knl_Task_unblockI__E)
                  00818e40    00000180     ti.targets.rts6000.ae66 : Text.oe66 (.text:xdc_runtime_Text_putSite__F)
                  00818fc0    00000160     ipc.lib : Ipc.obj (.text:ti_sdo_ipc_GateMP_createLocal__F)
                  00819120    00000160             : Ipc.obj (.text:ti_sdo_ipc_MessageQ_unregisterTransport__F)
                  00819280    00000160             : Ipc.obj (.text:ti_sdo_ipc_gates_GateHWSem_Instance_init__F)
                  008193e0    00000160             : Ipc.obj (.text:ti_sdo_ipc_transports_TransportShm_sharedMemReq__F)
                  00819540    00000160             : Ipc.obj (.text:ti_sdo_utils_NameServer_isRegistered__E)
                  008196a0    00000160             : Ipc.obj (.text:ti_sdo_utils_NameServer_registerRemoteDriver__E)
                  00819800    00000160             : Ipc.obj (.text:ti_sdo_utils_NameServer_unregisterRemoteDriver__E)
                  00819960    00000140             : Ipc.obj (.text:GateMP_close)
                  00819aa0    00000140             : Ipc.obj (.text:Notify_attach)
                  00819be0    00000140     boot.ae66 : autoinit.oe66 (.text:_auto_init_elf)
                  00819d20    00000140     rts6600_elf.lib : fputc.obj (.text:fputc)
                  00819e60    00000140                     : lowlev.obj (.text:getdevice)
                  00819fa0    00000140     ipc.lib : Ipc.obj (.text:ti_sdo_ipc_Notify_exec__F)
                  0081a0e0    00000140     sysbios.lib : BIOS.obj (.text:ti_sysbios_family_c64p_Hwi_Module_startup__F)
                  0081a220    00000140                 : BIOS.obj (.text:ti_sysbios_family_c66_Cache_Module_startup__F)
                  0081a360    00000140                 : BIOS.obj (.text:ti_sysbios_gates_GateSwi_enter__E)
                  0081a4a0    00000140                 : BIOS.obj (.text:ti_sysbios_knl_Clock_Instance_finalize__F)
                  0081a5e0    00000140                 : BIOS.obj (.text:ti_sysbios_knl_Semaphore_Instance_init__F)
                  0081a720    00000140                 : BIOS.obj (.text:ti_sysbios_knl_Swi_post__E)
                  0081a860    00000140                 : BIOS.obj (.text:ti_sysbios_knl_Task_blockI__E)
                  0081a9a0    00000140                 : BIOS.obj (.text:ti_sysbios_knl_Task_yield__E)
                  0081aae0    00000120     rts6600_elf.lib : _io_perm.obj (.text:_wrt_ok)
                  0081ac00    00000120                     : fclose.obj (.text:fclose)
                  0081ad20    00000120     sysbios.lib : BIOS.obj (.text:rtsUnlock$0)
                  0081ae40    00000120     ipc.lib : Ipc.obj (.text:ti_sdo_ipc_MessageQ_Module_startup__F)
                  0081af60    00000120             : Ipc.obj (.text:ti_sdo_ipc_family_c647x_Interrupt_intRegister__E)
                  0081b080    00000120             : Ipc.obj (.text:ti_sdo_ipc_nsremote_NameServerRemoteNotify_Instance_finalize__F)
                  0081b1a0    00000120     ti.targets.rts6000.ae66 : Text.oe66 (.text:xdc_runtime_Text_putLab__F)
                  0081b2c0    00000100     rts6600_elf.lib : trgdrv.obj (.text:HOSTlseek)
                  0081b3c0    00000100                     : fflush.obj (.text:fflush)
                  0081b4c0    00000100     sysbios.lib : BIOS.obj (.text:initDevice$44)
                  0081b5c0    00000100     ipc.lib : Ipc.obj (.text:ti_sdo_ipc_GateMP_start__F)
                  0081b6c0    00000100             : Ipc.obj (.text:ti_sdo_ipc_Notify_Instance_finalize__F)
                  0081b7c0    00000100             : Ipc.obj (.text:ti_sdo_ipc_SharedRegion_attach__F)
                  0081b8c0    00000100             : Ipc.obj (.text:ti_sdo_ipc_SharedRegion_clearReservedMemory__F)
                  0081b9c0    00000100             : Ipc.obj (.text:ti_sdo_ipc_family_c647x_Interrupt_Module_startup__F)
                  0081bac0    00000100             : Ipc.obj (.text:ti_sdo_ipc_gates_GateHWSem_Module_startup__F)
                  0081bbc0    00000100             : Ipc.obj (.text:ti_sdo_ipc_gates_GateMPSupportNull_enter__E)
                  0081bcc0    00000100             : Ipc.obj (.text:ti_sdo_ipc_gates_GateMPSupportNull_leave__E)
                  0081bdc0    00000100             : Ipc.obj (.text:ti_sdo_ipc_transports_TransportShmSetup_attach__E)
                  0081bec0    00000100     sysbios.lib : BIOS.obj (.text:ti_sysbios_gates_GateMutexPri_leave__E)
                  0081bfc0    00000100                 : BIOS.obj (.text:ti_sysbios_knl_Clock_startI__E)
                  0081c0c0    00000100                 : BIOS.obj (.text:ti_sysbios_knl_Swi_restoreHwi__E)
                  0081c1c0    00000100     ti.targets.rts6000.ae66 : Core-mem.oe66 (.text:xdc_runtime_Core_deleteObject__I)
                  0081c2c0    00000100                             : Startup.oe66 (.text:xdc_runtime_Startup_exec__F)
                  0081c3c0    00000100                             : Text.oe66 (.text:xdc_runtime_Text_putMod__F)
                  0081c4c0    00000100                             : Text.oe66 (.text:xdc_runtime_Text_visitRope2__I)
                  0081c5c0    000000e0     rts6600_elf.lib : trgdrv.obj (.text:HOSTopen)
                  0081c6a0    000000e0                     : lowlev.obj (.text:close)
                  0081c780    000000e0                     : copy_zero_init.obj (.text:decompress:ZI:__TI_zero_init)
                  0081c860    000000e0                     : exit.obj (.text:exit)
                  0081c940    000000e0                     : memset.obj (.text:memset)
                  0081ca20    000000e0     ipc.lib : Ipc.obj (.text:ti_sdo_ipc_family_c647x_NotifySetup_attach__E)
                  0081cb00    000000e0             : Ipc.obj (.text:ti_sdo_ipc_gates_GateHWSem_enter__E)
                  0081cbe0    000000e0     sysbios.lib : BIOS.obj (.text:ti_sysbios_family_c64p_Hwi_Instance_finalize__F)
                  0081ccc0    000000e0                 : BIOS.obj (.text:ti_sysbios_family_c64p_Hwi_Instance_init__F)
                  0081cda0    000000e0                 : BIOS.obj (.text:ti_sysbios_knl_Clock_start__E)
                  0081ce80    000000e0                 : BIOS.obj (.text:ti_sysbios_timers_timer64_Timer_startup__E)
                  0081cf60    000000e0     ti.targets.rts6000.ae66 : Error.oe66 (.text:xdc_runtime_Error_print__F)
                  0081d040    000000e0                             : Memory.oe66 (.text:xdc_runtime_Memory_alloc__F)
                  0081d120    000000c0     rts6600_elf.lib : trgdrv.obj (.text:HOSTread)
                  0081d1e0    000000c0                     : trgdrv.obj (.text:HOSTunlink)
                  0081d2a0    000000c0                     : trgdrv.obj (.text:HOSTwrite)
                  0081d360    000000c0     ipc.lib : Ipc.obj (.text:HeapMemMP_create)
                  0081d420    000000c0             : Ipc.obj (.text:ListMP_create)
                  0081d4e0    000000c0     rts6600_elf.lib : dtor_list.obj (.text:__cxa_finalize)
                  0081d5a0    000000c0                     : divu.obj (.text:__divu)
                  0081d660    000000c0                     : fopen.obj (.text:_cleanup)
                  0081d720    000000c0                     : fflush.obj (.text:_doflush)
                  0081d7e0    000000c0                     : fseek.obj (.text:fseek)
                  0081d8a0    000000c0                     : lowlev.obj (.text:lseek)
                  0081d960    000000c0     notify_multicore_pe66.oe66 (.text:ti_sdo_ipc_GateMP_Object__create__S)
                  0081da20    000000c0     ipc.lib : Ipc.obj (.text:ti_sdo_ipc_GateMP_getRegion0ReservedSize__F)
                  0081dae0    000000c0     notify_multicore_pe66.oe66 (.text:ti_sdo_ipc_ListMP_Object__create__S)
                  0081dba0    000000c0     notify_multicore_pe66.oe66 (.text:ti_sdo_ipc_Notify_Object__create__S)
                  0081dc60    000000c0     ipc.lib : Ipc.obj (.text:ti_sdo_ipc_Notify_execMany__I)
                  0081dd20    000000c0             : Ipc.obj (.text:ti_sdo_ipc_family_c647x_Interrupt_intShmStub__I)
                  0081dde0    000000c0     notify_multicore_pe66.oe66 (.text:ti_sdo_ipc_gates_GatePeterson_Object__create__S)
                  0081dea0    000000c0     notify_multicore_pe66.oe66 (.text:ti_sdo_ipc_heaps_HeapMemMP_Object__create__S)
                  0081df60    000000c0     notify_multicore_pe66.oe66 (.text:ti_sdo_ipc_notifyDrivers_NotifyDriverShm_Object__create__S)
                  0081e020    000000c0     notify_multicore_pe66.oe66 (.text:ti_sdo_ipc_nsremote_NameServerRemoteNotify_Object__create__S)
                  0081e0e0    000000c0     notify_multicore_pe66.oe66 (.text:ti_sdo_ipc_transports_TransportShm_Object__create__S)
                  0081e1a0    000000c0     sysbios.lib : BIOS.obj (.text:ti_sysbios_BIOS_errorRaiseHook__I)
                  0081e260    000000c0     notify_multicore_pe66.oe66 (.text:ti_sysbios_family_c64p_Hwi_Object__create__S)
                  0081e320    000000c0     sysbios.lib : BIOS.obj (.text:ti_sysbios_gates_GateAll_leave__E)
                  0081e3e0    000000c0                 : BIOS.obj (.text:ti_sysbios_heaps_HeapMem_getStats__E)
                  0081e4a0    000000c0                 : BIOS.obj (.text:ti_sysbios_knl_Clock_logTick__E)
                  0081e560    000000c0                 : BIOS.obj (.text:ti_sysbios_knl_Swi_Instance_finalize__F)
                  0081e620    000000c0     notify_multicore_pe66.oe66 (.text:ti_sysbios_knl_Swi_Object__create__S)
                  0081e6e0    000000c0     sysbios.lib : BIOS.obj (.text:ti_sysbios_timers_timer64_Timer_stop__E)
                  0081e7a0    000000c0     rts6600_elf.lib : lowlev.obj (.text:write)
                  0081e860    000000c0     ti.targets.rts6000.ae66 : System.oe66 (.text:xdc_runtime_System_formatNum__I)
                  0081e920    000000c0     notify_multicore_pe66.oe66 (.text:xdc_runtime_knl_GateThread_Object__create__S)
                  0081e9e0    000000a0     rts6600_elf.lib : trgdrv.obj (.text:HOSTclose)
                  0081ea80    000000a0                     : remu.obj (.text:__remu)
                  0081eb20    000000a0     boot.ae66 : boot.oe66 (.text:_c_int00)
                  0081ebc0    000000a0     sysbios.lib : c64p_Hwi_asm.obj (.text:_ti_sysbios_family_c64p_Hwi_plug__E)
                  0081ec60    000000a0     rts6600_elf.lib : lowlev.obj (.text:finddevice)
                  0081ed00    000000a0                     : memcpy64.obj (.text:memcpy)
                  0081eda0    000000a0     ipc.lib : Ipc.obj (.text:ti_sdo_ipc_family_c647x_Interrupt_intUnregister__E)
                  0081ee40    000000a0             : Ipc.obj (.text:ti_sdo_ipc_gates_GatePeterson_leave__E)
                  0081eee0    000000a0             : Ipc.obj (.text:ti_sdo_ipc_notifyDrivers_NotifyDriverShm_Instance_finalize__F)
                  0081ef80    000000a0     sysbios.lib : BIOS.obj (.text:ti_sysbios_heaps_HeapMem_init__I)
                  0081f020    000000a0     ti.targets.rts6000.ae66 : Assert.oe66 (.text:xdc_runtime_Assert_raise__I)
                  0081f0c0    00000080     rts6600_elf.lib : dtor_list.obj (.text:_Z11__TI_atexitPFYvPvES_S_)
                  0081f140    00000080                     : llshift.obj (.text:__c6xabi_llshl)
                  0081f1c0    00000080     sysbios.lib : c62_TaskSupport_asm.obj (.text:_ti_sysbios_family_c62_TaskSupport_swap__E)
                  0081f240    00000080     notify_multicore_pe66.oe66 (.text:malloc)
                  0081f2c0    00000080     rts6600_elf.lib : trgmsg.obj (.text:readmsg)
                  0081f340    00000080     notify_multicore_pe66.oe66 (.text:ti_sdo_ipc_gates_GateHWSem_Object__create__S)
                  0081f3c0    00000080     notify_multicore_pe66.oe66 (.text:ti_sdo_ipc_gates_GateMPSupportNull_Object__create__S)
                  0081f440    00000080     ipc.lib : Ipc.obj (.text:ti_sdo_ipc_nsremote_NameServerRemoteNotify_detach__E)
                  0081f4c0    00000080             : Ipc.obj (.text:ti_sdo_ipc_transports_TransportShm_swiFxn__I)
                  0081f540    00000080     notify_multicore_pe66.oe66 (.text:ti_sdo_utils_List_Object__create__S)
                  0081f5c0    00000080     sysbios.lib : BIOS.obj (.text:ti_sysbios_BIOS_exit__E)
                  0081f640    00000080                 : BIOS.obj (.text:ti_sysbios_family_c62_TaskSupport_start__E)
                  0081f6c0    00000080                 : BIOS.obj (.text:ti_sysbios_family_c64p_Exception_Module_startup__F)
                  0081f740    00000080                 : BIOS.obj (.text:ti_sysbios_family_c64p_Hwi_eventMap__E)
                  0081f7c0    00000080                 : BIOS.obj (.text:ti_sysbios_family_c66_Cache_invL1pAll__E)
                  0081f840    00000080     notify_multicore_pe66.oe66 (.text:ti_sysbios_gates_GateAll_Object__create__S)
                  0081f8c0    00000080     notify_multicore_pe66.oe66 (.text:ti_sysbios_gates_GateHwi_Object__create__S)
                  0081f940    00000080     notify_multicore_pe66.oe66 (.text:ti_sysbios_gates_GateMutexPri_Object__create__S)
                  0081f9c0    00000080     notify_multicore_pe66.oe66 (.text:ti_sysbios_gates_GateMutex_Object__create__S)
                  0081fa40    00000080     notify_multicore_pe66.oe66 (.text:ti_sysbios_gates_GateSwi_Object__create__S)
                  0081fac0    00000080     sysbios.lib : BIOS.obj (.text:ti_sysbios_gates_GateSwi_leave__E)
                  0081fb40    00000080                 : BIOS.obj (.text:ti_sysbios_hal_Hwi_checkStack:ti_sysbios_hal_Hwi_checkStack)
                  0081fbc0    00000080     notify_multicore_pe66.oe66 (.text:ti_sysbios_heaps_HeapMem_Object__create__S)
                  0081fc40    00000080     sysbios.lib : BIOS.obj (.text:ti_sysbios_knl_Clock_Module_startup__F)
                  0081fcc0    00000080     notify_multicore_pe66.oe66 (.text:ti_sysbios_knl_Clock_Object__create__S)
                  0081fd40    00000080     notify_multicore_pe66.oe66 (.text:ti_sysbios_knl_Clock_doTick__I)
                  0081fdc0    00000080     sysbios.lib : BIOS.obj (.text:ti_sysbios_knl_Clock_getTicks__E)
                  0081fe40    00000080                 : BIOS.obj (.text:ti_sysbios_knl_Idle_loop__E)
                  0081fec0    00000080     notify_multicore_pe66.oe66 (.text:ti_sysbios_knl_Queue_Object__create__S)
                  0081ff40    00000080     notify_multicore_pe66.oe66 (.text:ti_sysbios_knl_Semaphore_Object__create__S)
                  0081ffc0    00000080     sysbios.lib : BIOS.obj (.text:ti_sysbios_knl_Semaphore_pendTimeout__I)
                  00820040    00000080                 : BIOS.obj (.text:ti_sysbios_knl_Swi_startup__E)
                  008200c0    00000080                 : BIOS.obj (.text:ti_sysbios_knl_Task_restore__E)
                  00820140    00000080                 : BIOS.obj (.text:ti_sysbios_timers_timer64_Timer_getCount__E)
                  008201c0    00000080                 : BIOS.obj (.text:ti_sysbios_timers_timer64_Timer_getPeriod__E)
                  00820240    00000080     notify_multicore_pe66.oe66 (.text:ti_sysbios_xdcruntime_GateThreadSupport_Object__create__S)
                  008202c0    00000080     rts6600_elf.lib : lowlev.obj (.text:unlink)
                  00820340    00000080     ti.targets.rts6000.ae66 : Core-label.oe66 (.text:xdc_runtime_Core_assignLabel__I)
                  008203c0    00000080                             : Core-params.oe66 (.text:xdc_runtime_Core_assignParams__I)
                  00820440    00000080                             : System.oe66 (.text:xdc_runtime_System_atexit__F)
                  008204c0    00000080                             : System.oe66 (.text:xdc_runtime_System_rtsExit__I)
                  00820540    00000080                             : Text.oe66 (.text:xdc_runtime_Text_printVisFxn__I)
                  008205c0    00000080                             : Text.oe66 (.text:xdc_runtime_Text_xprintf__I)
                  00820640    00000060     ipc.lib : Ipc.obj (.text:GateMP_Params_init)
                  008206a0    00000060             : Ipc.obj (.text:HeapMemMP_Params_init)
                  00820700    00000060     rts6600_elf.lib : llshift.obj (.text:__c6xabi_llshru)
                  00820760    00000060                     : imath64.obj (.text:_subcull)
                  008207c0    00000060     notify_multicore_pe66.oe66 (.text:ti_sdo_ipc_GateMP_Object__delete__S)
                  00820820    00000060     notify_multicore_pe66.oe66 (.text:ti_sdo_ipc_ListMP_Object__delete__S)
                  00820880    00000060     ipc.lib : Ipc.obj (.text:ti_sdo_ipc_family_c647x_NotifySetup_sharedMemReq__E)
                  008208e0    00000060             : Ipc.obj (.text:ti_sdo_ipc_gates_GateHWSem_leave__E)
                  00820940    00000060             : Ipc.obj (.text:ti_sdo_ipc_gates_GatePeterson_Instance_finalize__F)
                  008209a0    00000060     notify_multicore_pe66.oe66 (.text:ti_sdo_ipc_gates_GatePeterson_Object__delete__S)
                  00820a00    00000060     ipc.lib : Ipc.obj (.text:ti_sdo_ipc_gates_GatePeterson_sharedMemReq__E)
                  00820a60    00000060     notify_multicore_pe66.oe66 (.text:ti_sdo_ipc_heaps_HeapMemMP_Object__delete__S)
                  00820ac0    00000060     notify_multicore_pe66.oe66 (.text:ti_sdo_ipc_notifyDrivers_NotifyDriverShm_Object__delete__S)
                  00820b20    00000060     ipc.lib : Ipc.obj (.text:ti_sdo_ipc_notifyDrivers_NotifyDriverShm_setNotifyHandle__E)
                  00820b80    00000060     notify_multicore_pe66.oe66 (.text:ti_sdo_ipc_nsremote_NameServerRemoteNotify_Object__delete__S)
                  00820be0    00000060     ipc.lib : Ipc.obj (.text:ti_sdo_ipc_transports_TransportShmSetup_sharedMemReq__E)
                  00820c40    00000060     notify_multicore_pe66.oe66 (.text:ti_sdo_ipc_transports_TransportShm_Object__delete__S)
                  00820ca0    00000060     notify_multicore_pe66.oe66 (.text:ti_sysbios_BIOS_exitFunc__I)
                  00820d00    00000060     sysbios.lib : BIOS.obj (.text:ti_sysbios_BIOS_registerRTSLock__I)
                  00820d60    00000060     notify_multicore_pe66.oe66 (.text:ti_sysbios_family_c64p_Hwi_Object__delete__S)
                  00820dc0    00000060     sysbios.lib : BIOS.obj (.text:ti_sysbios_gates_GateAll_enter__E)
                  00820e20    00000060     notify_multicore_pe66.oe66 (.text:ti_sysbios_gates_GateMutexPri_Object__delete__S)
                  00820e80    00000060     sysbios.lib : BIOS.obj (.text:ti_sysbios_gates_GateMutex_Instance_init__F)
                  00820ee0    00000060     notify_multicore_pe66.oe66 (.text:ti_sysbios_gates_GateMutex_Object__delete__S)
                  00820f40    00000060     sysbios.lib : BIOS.obj (.text:ti_sysbios_hal_Hwi_initStack:ti_sysbios_hal_Hwi_initStack)
                  00820fa0    00000060                 : BIOS.obj (.text:ti_sysbios_knl_Swi_Module_startup__F)
                  00821000    00000060                 : BIOS.obj (.text:ti_sysbios_knl_Task_allBlockedFunction__I)
                  00821060    00000060                 : BIOS.obj (.text:ti_sysbios_knl_Task_enter__I)
                  008210c0    00000060     notify_multicore_pe66.oe66 (.text:ti_sysbios_xdcruntime_GateThreadSupport_Object__delete__S)
                  00821120    00000060     rts6600_elf.lib : trgmsg.obj (.text:writemsg)
                  00821180    00000060     ti.targets.rts6000.ae66 : Memory.oe66 (.text:xdc_runtime_Memory_calloc__F)
                  008211e0    00000060                             : Memory.oe66 (.text:xdc_runtime_Memory_valloc__F)
                  00821240    00000060                             : SysStd.oe66 (.text:xdc_runtime_SysStd_abort__F)
                  008212a0    00000060                             : System.oe66 (.text:xdc_runtime_System_avprintf__F)
                  00821300    00000060                             : System.oe66 (.text:xdc_runtime_System_vprintf__F)
                  00821360    00000060                             : Text.oe66 (.text:xdc_runtime_Text_cordText__F)
                  008213c0    00000060     notify_multicore_pe66.oe66 (.text:xdc_runtime_knl_GateThread_Object__delete__S)
                  00821420    00000040     rts6600_elf.lib : args_main.obj (.text:_args_main)
                  00821460    00000040     sysbios.lib : c62_TaskSupport_asm.obj (.text:_ti_sysbios_family_c62_TaskSupport_buildTaskStack)
                  008214a0    00000040                 : c64p_Hwi_asm_switch.obj (.text:_ti_sysbios_family_xxx_Hwi_switchToIsrStack)
                  008214e0    00000040     notify_multicore_pe66.oe66 (.text:free)
                  00821520    00000040     sysbios.lib : BIOS.obj (.text:rtsLock$0)
                  00821560    00000040     notify_multicore_pe66.oe66 (.text:ti_sdo_ipc_GateMP_Params__init__S)
                  008215a0    00000040     notify_multicore_pe66.oe66 (.text:ti_sdo_ipc_ListMP_Params__init__S)
                  008215e0    00000040     ipc.lib : Ipc.obj (.text:ti_sdo_ipc_family_c647x_Interrupt_intClear__E)
                  00821620    00000040             : Ipc.obj (.text:ti_sdo_ipc_family_c647x_Interrupt_intSend__E)
                  00821660    00000040     notify_multicore_pe66.oe66 (.text:ti_sdo_ipc_gates_GateHWSem_Handle__label__S)
                  008216a0    00000040     notify_multicore_pe66.oe66 (.text:ti_sdo_ipc_gates_GateHWSem_Object__delete__S)
                  008216e0    00000040     notify_multicore_pe66.oe66 (.text:ti_sdo_ipc_gates_GateHWSem_Params__init__S)
                  00821720    00000040     notify_multicore_pe66.oe66 (.text:ti_sdo_ipc_gates_GateMPSupportNull_Handle__label__S)
                  00821760    00000040     notify_multicore_pe66.oe66 (.text:ti_sdo_ipc_gates_GateMPSupportNull_Object__delete__S)
                  008217a0    00000040     notify_multicore_pe66.oe66 (.text:ti_sdo_ipc_gates_GateMPSupportNull_Params__init__S)
                  008217e0    00000040     notify_multicore_pe66.oe66 (.text:ti_sdo_ipc_gates_GatePeterson_Handle__label__S)
                  00821820    00000040     notify_multicore_pe66.oe66 (.text:ti_sdo_ipc_gates_GatePeterson_Params__init__S)
                  00821860    00000040     notify_multicore_pe66.oe66 (.text:ti_sdo_ipc_heaps_HeapMemMP_Handle__label__S)
                  008218a0    00000040     notify_multicore_pe66.oe66 (.text:ti_sdo_ipc_heaps_HeapMemMP_Params__init__S)
                  008218e0    00000040     notify_multicore_pe66.oe66 (.text:ti_sdo_ipc_notifyDrivers_NotifyDriverShm_Handle__label__S)
                  00821920    00000040     notify_multicore_pe66.oe66 (.text:ti_sdo_ipc_notifyDrivers_NotifyDriverShm_Params__init__S)
                  00821960    00000040     ipc.lib : Ipc.obj (.text:ti_sdo_ipc_notifyDrivers_NotifyDriverShm_disable__E)
                  008219a0    00000040             : Ipc.obj (.text:ti_sdo_ipc_notifyDrivers_NotifyDriverShm_enable__E)
                  008219e0    00000040     notify_multicore_pe66.oe66 (.text:ti_sdo_ipc_nsremote_NameServerRemoteNotify_Handle__label__S)
                  00821a20    00000040     notify_multicore_pe66.oe66 (.text:ti_sdo_ipc_nsremote_NameServerRemoteNotify_Params__init__S)
                  00821a60    00000040     ipc.lib : Ipc.obj (.text:ti_sdo_ipc_nsremote_NameServerRemoteNotify_sharedMemReq__E)
                  00821aa0    00000040     notify_multicore_pe66.oe66 (.text:ti_sdo_ipc_transports_TransportShm_Handle__label__S)
                  00821ae0    00000040     notify_multicore_pe66.oe66 (.text:ti_sdo_ipc_transports_TransportShm_Params__init__S)
                  00821b20    00000040     notify_multicore_pe66.oe66 (.text:ti_sdo_utils_List_Object__destruct__S)
                  00821b60    00000040     notify_multicore_pe66.oe66 (.text:ti_sdo_utils_NameServer_Module__startupDone__F)
                  00821ba0    00000040     notify_multicore_pe66.oe66 (.text:ti_sdo_utils_NameServer_Object__get__S)
                  00821be0    00000040     notify_multicore_pe66.oe66 (.text:ti_sysbios_BIOS_startFunc__I)
                  00821c20    00000040     sysbios.lib : BIOS.obj (.text:ti_sysbios_BIOS_start__E)
                  00821c60    00000040     notify_multicore_pe66.oe66 (.text:ti_sysbios_family_c64p_Hwi_Module__startupDone__F)
                  00821ca0    00000040     notify_multicore_pe66.oe66 (.text:ti_sysbios_family_c64p_Hwi_Params__init__S)
                  00821ce0    00000040     sysbios.lib : BIOS.obj (.text:ti_sysbios_family_c64p_Hwi_disableInterrupt__E)
                  00821d20    00000040                 : BIOS.obj (.text:ti_sysbios_family_c64p_Hwi_enableInterrupt__E)
                  00821d60    00000040     notify_multicore_pe66.oe66 (.text:ti_sysbios_gates_GateAll_Handle__label__S)
                  00821da0    00000040     notify_multicore_pe66.oe66 (.text:ti_sysbios_gates_GateAll_Object__delete__S)
                  00821de0    00000040     notify_multicore_pe66.oe66 (.text:ti_sysbios_gates_GateHwi_Handle__label__S)
                  00821e20    00000040     notify_multicore_pe66.oe66 (.text:ti_sysbios_gates_GateHwi_Object__delete__S)
                  00821e60    00000040     notify_multicore_pe66.oe66 (.text:ti_sysbios_gates_GateMutexPri_Handle__label__S)
                  00821ea0    00000040     sysbios.lib : BIOS.obj (.text:ti_sysbios_gates_GateMutexPri_Instance_finalize__F)
                  00821ee0    00000040                 : BIOS.obj (.text:ti_sysbios_gates_GateMutexPri_Instance_init__F)
                  00821f20    00000040     notify_multicore_pe66.oe66 (.text:ti_sysbios_gates_GateMutexPri_Object__destruct__S)
                  00821f60    00000040     notify_multicore_pe66.oe66 (.text:ti_sysbios_gates_GateMutex_Handle__label__S)
                  00821fa0    00000040     sysbios.lib : BIOS.obj (.text:ti_sysbios_gates_GateMutex_Instance_finalize__F)
                  00821fe0    00000040                 : BIOS.obj (.text:ti_sysbios_gates_GateMutex_leave__E)
                  00822020    00000040     notify_multicore_pe66.oe66 (.text:ti_sysbios_gates_GateSwi_Handle__label__S)
                  00822060    00000040     notify_multicore_pe66.oe66 (.text:ti_sysbios_gates_GateSwi_Object__delete__S)
                  008220a0    00000040     notify_multicore_pe66.oe66 (.text:ti_sysbios_hal_Timer_Module__startupDone__F)
                  008220e0    00000040     notify_multicore_pe66.oe66 (.text:ti_sysbios_heaps_HeapMem_Handle__label__S)
                  00822120    00000040     notify_multicore_pe66.oe66 (.text:ti_sysbios_heaps_HeapMem_Object__delete__S)
                  00822160    00000040     notify_multicore_pe66.oe66 (.text:ti_sysbios_heaps_HeapMem_Object__get__S)
                  008221a0    00000040     notify_multicore_pe66.oe66 (.text:ti_sysbios_knl_Clock_Object__destruct__S)
                  008221e0    00000040     notify_multicore_pe66.oe66 (.text:ti_sysbios_knl_Clock_Params__init__S)
                  00822220    00000040     notify_multicore_pe66.oe66 (.text:ti_sysbios_knl_Queue_Object__destruct__S)
                  00822260    00000040     sysbios.lib : BIOS.obj (.text:ti_sysbios_knl_Semaphore_Instance_finalize__F)
                  008222a0    00000040     notify_multicore_pe66.oe66 (.text:ti_sysbios_knl_Semaphore_Object__destruct__S)
                  008222e0    00000040     notify_multicore_pe66.oe66 (.text:ti_sysbios_knl_Semaphore_Params__init__S)
                  00822320    00000040     notify_multicore_pe66.oe66 (.text:ti_sysbios_knl_Swi_Object__destruct__S)
                  00822360    00000040     notify_multicore_pe66.oe66 (.text:ti_sysbios_knl_Swi_Object__get__S)
                  008223a0    00000040     notify_multicore_pe66.oe66 (.text:ti_sysbios_knl_Swi_Params__init__S)
                  008223e0    00000040     notify_multicore_pe66.oe66 (.text:ti_sysbios_knl_Task_Object__get__S)
                  00822420    00000040     sysbios.lib : BIOS.obj (.text:ti_sysbios_knl_Task_sleepTimeout__I)
                  00822460    00000040     notify_multicore_pe66.oe66 (.text:ti_sysbios_timers_timer64_Timer_Module__startupDone__F)
                  008224a0    00000040     sysbios.lib : BIOS.obj (.text:ti_sysbios_xdcruntime_GateThreadSupport_Instance_finalize__F)
                  008224e0    00000040                 : BIOS.obj (.text:ti_sysbios_xdcruntime_GateThreadSupport_Instance_init__F)
                  00822520    00000040                 : BIOS.obj (.text:ti_sysbios_xdcruntime_GateThreadSupport_enter__F)
                  00822560    00000040                 : BIOS.obj (.text:ti_sysbios_xdcruntime_GateThreadSupport_leave__F)
                  008225a0    00000040     ti.targets.rts6000.ae66 : Error.oe66 (.text:xdc_runtime_Error_check__F)
                  008225e0    00000040                             : Error.oe66 (.text:xdc_runtime_Error_init__F)
                  00822620    00000040     notify_multicore_pe66.oe66 (.text:xdc_runtime_GateNull_Handle__label__S)
                  00822660    00000040     notify_multicore_pe66.oe66 (.text:xdc_runtime_GateNull_Object__create__S)
                  008226a0    00000040     notify_multicore_pe66.oe66 (.text:xdc_runtime_GateNull_Object__delete__S)
                  008226e0    00000040     ti.targets.rts6000.ae66 : Gate.oe66 (.text:xdc_runtime_Gate_leaveSystem__F)
                  00822720    00000040                             : Memory.oe66 (.text:xdc_runtime_Memory_free__F)
                  00822760    00000040                             : Registry.oe66 (.text:xdc_runtime_Registry_findById__F)
                  008227a0    00000040                             : System.oe66 (.text:xdc_runtime_System_abort__F)
                  008227e0    00000040     notify_multicore_pe66.oe66 (.text:xdc_runtime_System_aprintf__E)
                  00822820    00000040     notify_multicore_pe66.oe66 (.text:xdc_runtime_System_printf__E)
                  00822860    00000040     ti.targets.rts6000.ae66 : Text.oe66 (.text:xdc_runtime_Text_ropeText__F)
                  008228a0    00000040     notify_multicore_pe66.oe66 (.text:xdc_runtime_knl_GateThread_Handle__label__S)
                  008228e0    00000040     ti.targets.rts6000.ae66 : GateThread.oe66 (.text:xdc_runtime_knl_GateThread_Instance_finalize__F)
                  00822920    00000040                             : GateThread.oe66 (.text:xdc_runtime_knl_GateThread_Instance_init__F)
                  00822960    00000020     ipc.lib : Ipc.obj (.text:MultiProc_self)
                  00822980    00000020     rts6600_elf.lib : dtor_list.obj (.text:__cxa_atexit)
                  008229a0    00000020                     : dtor_list.obj (.text:__cxa_ia64_exit)
                  008229c0    00000020     ti.targets.rts6000.ae66 : xdc_noinit.oe66 (.text:__xdc__init)
                  008229e0    00000020     rts6600_elf.lib : _lock.obj (.text:_nop)
                  00822a00    00000020                     : _lock.obj (.text:_register_lock)
                  00822a20    00000020                     : _lock.obj (.text:_register_unlock)
                  00822a40    00000020     sysbios.lib : c62_TaskSupport_asm.obj (.text:_ti_sysbios_family_c62_TaskSupport_glue)
                  00822a60    00000020                 : c64p_Hwi_asm_switch.obj (.text:_ti_sysbios_family_xxx_Hwi_switchToTaskStack)
                  00822a80    00000020     rts6600_elf.lib : exit.obj (.text:abort)
                  00822aa0    00000020                     : dtor_list.obj (.text:atexit)
                  00822ac0    00000020                     : copy_decompress_none.obj (.text:decompress:none:__TI_decompress_none)
                  00822ae0    00000020                     : copy_decompress_rle.obj (.text:decompress:rle24:__TI_decompress_rle24)
                  00822b00    00000020     sysbios.lib : BIOS.obj (.text:nullFunc$0)
                  00822b20    00000020     rts6600_elf.lib : fputc.obj (.text:putc)
                  00822b40    00000020                     : fputc.obj (.text:putchar)
                  00822b60    00000020     notify_multicore_pe66.oe66 (.text:ti_sdo_ipc_GateMP_RemoteCustom1Proxy_Object__create__S)
                  00822b80    00000020     notify_multicore_pe66.oe66 (.text:ti_sdo_ipc_GateMP_RemoteCustom1Proxy_Object__delete__S)
                  00822ba0    00000020     notify_multicore_pe66.oe66 (.text:ti_sdo_ipc_GateMP_RemoteCustom1Proxy_Params__init__S)
                  00822bc0    00000020     notify_multicore_pe66.oe66 (.text:ti_sdo_ipc_GateMP_RemoteCustom1Proxy_Proxy__abstract__S)
                  00822be0    00000020     notify_multicore_pe66.oe66 (.text:ti_sdo_ipc_GateMP_RemoteCustom1Proxy_Proxy__delegate__S)
                  00822c00    00000020     notify_multicore_pe66.oe66 (.text:ti_sdo_ipc_GateMP_RemoteCustom2Proxy_Object__create__S)
                  00822c20    00000020     notify_multicore_pe66.oe66 (.text:ti_sdo_ipc_GateMP_RemoteCustom2Proxy_Object__delete__S)
                  00822c40    00000020     notify_multicore_pe66.oe66 (.text:ti_sdo_ipc_GateMP_RemoteCustom2Proxy_Params__init__S)
                  00822c60    00000020     notify_multicore_pe66.oe66 (.text:ti_sdo_ipc_GateMP_RemoteCustom2Proxy_Proxy__abstract__S)
                  00822c80    00000020     notify_multicore_pe66.oe66 (.text:ti_sdo_ipc_GateMP_RemoteCustom2Proxy_Proxy__delegate__S)
                  00822ca0    00000020     notify_multicore_pe66.oe66 (.text:ti_sdo_ipc_GateMP_RemoteSystemProxy_Object__create__S)
                  00822cc0    00000020     notify_multicore_pe66.oe66 (.text:ti_sdo_ipc_GateMP_RemoteSystemProxy_Object__delete__S)
                  00822ce0    00000020     notify_multicore_pe66.oe66 (.text:ti_sdo_ipc_GateMP_RemoteSystemProxy_Params__init__S)
                  00822d00    00000020     notify_multicore_pe66.oe66 (.text:ti_sdo_ipc_GateMP_RemoteSystemProxy_Proxy__abstract__S)
                  00822d20    00000020     notify_multicore_pe66.oe66 (.text:ti_sdo_ipc_GateMP_RemoteSystemProxy_Proxy__delegate__S)
                  00822d40    00000020     ipc.lib : Ipc.obj (.text:ti_sdo_ipc_GateMP_getSharedAddr__F)
                  00822d60    00000020     notify_multicore_pe66.oe66 (.text:ti_sdo_ipc_MessageQ_Object__get__S)
                  00822d80    00000020     notify_multicore_pe66.oe66 (.text:ti_sdo_ipc_Notify_Module_GateProxy_enter__E)
                  00822da0    00000020     notify_multicore_pe66.oe66 (.text:ti_sdo_ipc_Notify_Module_GateProxy_leave__E)
                  00822dc0    00000020     ipc.lib : Ipc.obj (.text:ti_sdo_ipc_family_c647x_Interrupt_intDisable__E)
                  00822de0    00000020             : Ipc.obj (.text:ti_sdo_ipc_family_c647x_Interrupt_intEnable__E)
                  00822e00    00000020             : Ipc.obj (.text:ti_sdo_ipc_family_c647x_NotifySetup_numIntLines__E)
                  00822e20    00000020             : Ipc.obj (.text:ti_sdo_ipc_gates_GateHWSem_getReservedMask__E)
                  00822e40    00000020             : Ipc.obj (.text:ti_sdo_ipc_gates_GateHWSem_query__F)
                  00822e60    00000020             : Ipc.obj (.text:ti_sdo_ipc_gates_GateHWSem_sharedMemReq__E)
                  00822e80    00000020             : Ipc.obj (.text:ti_sdo_ipc_gates_GateMPSupportNull_Instance_init__F)
                  00822ea0    00000020             : Ipc.obj (.text:ti_sdo_ipc_gates_GateMPSupportNull_getReservedMask__E)
                  00822ec0    00000020             : Ipc.obj (.text:ti_sdo_ipc_gates_GateMPSupportNull_query__F)
                  00822ee0    00000020             : Ipc.obj (.text:ti_sdo_ipc_gates_GateMPSupportNull_sharedMemReq__E)
                  00822f00    00000020             : Ipc.obj (.text:ti_sdo_ipc_gates_GatePeterson_getReservedMask__E)
                  00822f20    00000020             : Ipc.obj (.text:ti_sdo_ipc_gates_GatePeterson_query__F)
                  00822f40    00000020             : Ipc.obj (.text:ti_sdo_ipc_heaps_HeapMemMP_isBlocking__F)
                  00822f60    00000020     notify_multicore_pe66.oe66 (.text:ti_sdo_ipc_nsremote_NameServerRemoteNotify_Object__first__S)
                  00822f80    00000020     notify_multicore_pe66.oe66 (.text:ti_sdo_ipc_nsremote_NameServerRemoteNotify_Object__next__S)
                  00822fa0    00000020     ipc.lib : Ipc.obj (.text:ti_sdo_ipc_nsremote_NameServerRemoteNotify_cbFxn__I)
                  00822fc0    00000020             : Ipc.obj (.text:ti_sdo_ipc_transports_TransportShmSetup_isRegistered__E)
                  00822fe0    00000020             : Ipc.obj (.text:ti_sdo_ipc_transports_TransportShm_control__E)
                  00823000    00000020             : Ipc.obj (.text:ti_sdo_ipc_transports_TransportShm_getStatus__E)
                  00823020    00000020             : Ipc.obj (.text:ti_sdo_ipc_transports_TransportShm_notifyFxn__I)
                  00823040    00000020             : Ipc.obj (.text:ti_sdo_ipc_transports_TransportShm_setErrFxn__F)
                  00823060    00000020             : Ipc.obj (.text:ti_sdo_utils_List_Instance_init__F)
                  00823080    00000020     notify_multicore_pe66.oe66 (.text:ti_sdo_utils_List_Object__get__S)
                  008230a0    00000020     ipc.lib : Ipc.obj (.text:ti_sdo_utils_MultiProc_getClusterId__F)
                  008230c0    00000020     notify_multicore_pe66.oe66 (.text:ti_sdo_utils_NameServer_Object__first__S)
                  008230e0    00000020     notify_multicore_pe66.oe66 (.text:ti_sdo_utils_NameServer_Object__next__S)
                  00823100    00000020     notify_multicore_pe66.oe66 (.text:ti_sysbios_BIOS_RtsGateProxy_enter__E)
                  00823120    00000020     notify_multicore_pe66.oe66 (.text:ti_sysbios_BIOS_RtsGateProxy_leave__E)
                  00823140    00000020     sysbios.lib : BIOS.obj (.text:ti_sysbios_BIOS_getThreadType__E)
                  00823160    00000020                 : BIOS.obj (.text:ti_sysbios_BIOS_setThreadType__E)
                  00823180    00000020     notify_multicore_pe66.oe66 (.text:ti_sysbios_family_c62_TaskSupport_Module__startupDone__S)
                  008231a0    00000020     sysbios.lib : BIOS.obj (.text:ti_sysbios_family_c62_TaskSupport_checkStack__E)
                  008231c0    00000020                 : BIOS.obj (.text:ti_sysbios_family_c64p_Hwi_clearInterrupt__E)
                  008231e0    00000020                 : BIOS.obj (.text:ti_sysbios_family_c64p_Hwi_getHandle__E)
                  00823200    00000020                 : BIOS.obj (.text:ti_sysbios_family_c64p_Hwi_startup__E)
                  00823220    00000020                 : BIOS.obj (.text:ti_sysbios_family_c64p_Hwi_switchFromBootStack__E)
                  00823240    00000020                 : BIOS.obj (.text:ti_sysbios_family_c64p_Hwi_unPluggedInterrupt__I)
                  00823260    00000020                 : BIOS.obj (.text:ti_sysbios_family_c64p_tci6488_TimerSupport_enable__E)
                  00823280    00000020                 : BIOS.obj (.text:ti_sysbios_family_c66_Cache_inv__E)
                  008232a0    00000020                 : BIOS.obj (.text:ti_sysbios_family_c66_Cache_wbInv__E)
                  008232c0    00000020                 : BIOS.obj (.text:ti_sysbios_gates_GateAll_Instance_init__F)
                  008232e0    00000020                 : BIOS.obj (.text:ti_sysbios_gates_GateAll_query__F)
                  00823300    00000020                 : BIOS.obj (.text:ti_sysbios_gates_GateHwi_Instance_init__F)
                  00823320    00000020                 : BIOS.obj (.text:ti_sysbios_gates_GateHwi_enter__E)
                  00823340    00000020                 : BIOS.obj (.text:ti_sysbios_gates_GateHwi_leave__E)
                  00823360    00000020                 : BIOS.obj (.text:ti_sysbios_gates_GateHwi_query__F)
                  00823380    00000020                 : BIOS.obj (.text:ti_sysbios_gates_GateMutexPri_query__F)
                  008233a0    00000020                 : BIOS.obj (.text:ti_sysbios_gates_GateMutex_query__F)
                  008233c0    00000020                 : BIOS.obj (.text:ti_sysbios_gates_GateSwi_Instance_init__F)
                  008233e0    00000020                 : BIOS.obj (.text:ti_sysbios_gates_GateSwi_query__F)
                  00823400    00000020     notify_multicore_pe66.oe66 (.text:ti_sysbios_hal_Hwi_HwiProxy_Module__startupDone__S)
                  00823420    00000020     sysbios.lib : BIOS.obj (.text:ti_sysbios_hal_Hwi_Module_startup__F)
                  00823440    00000020                 : BIOS.obj (.text:ti_sysbios_hal_Timer_Module_startup__F)
                  00823460    00000020     notify_multicore_pe66.oe66 (.text:ti_sysbios_hal_Timer_TimerProxy_Module__startupDone__S)
                  00823480    00000020     notify_multicore_pe66.oe66 (.text:ti_sysbios_hal_Timer_TimerProxy_getExpiredCounts__E)
                  008234a0    00000020     notify_multicore_pe66.oe66 (.text:ti_sysbios_hal_Timer_TimerProxy_getPeriod__E)
                  008234c0    00000020     notify_multicore_pe66.oe66 (.text:ti_sysbios_hal_Timer_TimerProxy_setNextTick__E)
                  008234e0    00000020     notify_multicore_pe66.oe66 (.text:ti_sysbios_heaps_HeapMem_Module_GateProxy_enter__E)
                  00823500    00000020     notify_multicore_pe66.oe66 (.text:ti_sysbios_heaps_HeapMem_Module_GateProxy_leave__E)
                  00823520    00000020     sysbios.lib : BIOS.obj (.text:ti_sysbios_heaps_HeapMem_isBlocking__E)
                  00823540    00000020                 : BIOS.obj (.text:ti_sysbios_knl_Queue_Instance_init__F)
                  00823560    00000020     notify_multicore_pe66.oe66 (.text:ti_sysbios_knl_Queue_Object__get__S)
                  00823580    00000020     sysbios.lib : BIOS.obj (.text:ti_sysbios_knl_Queue_empty__E)
                  008235a0    00000020                 : BIOS.obj (.text:ti_sysbios_knl_Swi_disable__E)
                  008235c0    00000020     notify_multicore_pe66.oe66 (.text:ti_sysbios_knl_Task_Object__first__S)
                  008235e0    00000020     notify_multicore_pe66.oe66 (.text:ti_sysbios_knl_Task_Object__next__S)
                  00823600    00000020     notify_multicore_pe66.oe66 (.text:ti_sysbios_knl_Task_SupportProxy_Module__startupDone__S)
                  00823620    00000020     sysbios.lib : BIOS.obj (.text:ti_sysbios_knl_Task_disable__E)
                  00823640    00000020                 : BIOS.obj (.text:ti_sysbios_knl_Task_getPri__E)
                  00823660    00000020                 : BIOS.obj (.text:ti_sysbios_knl_Task_self__E)
                  00823680    00000020                 : BIOS.obj (.text:ti_sysbios_timers_timer64_Timer_setNextTick__E)
                  008236a0    00000020     ti.targets.rts6000.ae66 : GateNull.oe66 (.text:xdc_runtime_GateNull_enter__F)
                  008236c0    00000020                             : GateNull.oe66 (.text:xdc_runtime_GateNull_leave__F)
                  008236e0    00000020                             : GateNull.oe66 (.text:xdc_runtime_GateNull_query__F)
                  00823700    00000020                             : Gate.oe66 (.text:xdc_runtime_Gate_enterSystem__F)
                  00823720    00000020     notify_multicore_pe66.oe66 (.text:xdc_runtime_IHeap_alloc)
                  00823740    00000020     notify_multicore_pe66.oe66 (.text:xdc_runtime_IHeap_free)
                  00823760    00000020     notify_multicore_pe66.oe66 (.text:xdc_runtime_Memory_HeapProxy_alloc__E)
                  00823780    00000020     notify_multicore_pe66.oe66 (.text:xdc_runtime_Memory_HeapProxy_free__E)
                  008237a0    00000020     ti.targets.rts6000.ae66 : Memory.oe66 (.text:xdc_runtime_Memory_getMaxDefaultTypeAlign__F)
                  008237c0    00000020     notify_multicore_pe66.oe66 (.text:xdc_runtime_Startup_Module__startupDone__S)
                  008237e0    00000020     notify_multicore_pe66.oe66 (.text:xdc_runtime_Startup_exec__I)
                  00823800    00000020     notify_multicore_pe66.oe66 (.text:xdc_runtime_Startup_reset__I)
                  00823820    00000020     ti.targets.rts6000.ae66 : Startup.oe66 (.text:xdc_runtime_Startup_rtsDone__F)
                  00823840    00000020                             : SysStd.oe66 (.text:xdc_runtime_SysStd_exit__F)
                  00823860    00000020                             : SysStd.oe66 (.text:xdc_runtime_SysStd_putch__F)
                  00823880    00000020                             : SysStd.oe66 (.text:xdc_runtime_SysStd_ready__F)
                  008238a0    00000020     notify_multicore_pe66.oe66 (.text:xdc_runtime_System_Module_GateProxy_enter__E)
                  008238c0    00000020     notify_multicore_pe66.oe66 (.text:xdc_runtime_System_Module_GateProxy_leave__E)
                  008238e0    00000020     ti.targets.rts6000.ae66 : System.oe66 (.text:xdc_runtime_System_Module_startup__F)
                  00823900    00000020                             : System.oe66 (.text:xdc_runtime_System_exit__F)
                  00823920    00000020                             : System.oe66 (.text:xdc_runtime_System_lastFxn__I)
                  00823940    00000020                             : System.oe66 (.text:xdc_runtime_System_vsprintf__F)
                  00823960    00000020     notify_multicore_pe66.oe66 (.text:xdc_runtime_Text_visitRope__I)
                  00823980    00000020     notify_multicore_pe66.oe66 (.text:xdc_runtime_knl_GateThread_Module__startupDone__S)
                  008239a0    00000020     notify_multicore_pe66.oe66 (.text:xdc_runtime_knl_GateThread_Proxy_Object__create__S)
                  008239c0    00000020     notify_multicore_pe66.oe66 (.text:xdc_runtime_knl_GateThread_Proxy_Object__delete__S)
                  008239e0    00000020     notify_multicore_pe66.oe66 (.text:xdc_runtime_knl_GateThread_Proxy_enter__E)
                  00823a00    00000020     notify_multicore_pe66.oe66 (.text:xdc_runtime_knl_GateThread_Proxy_leave__E)
                  00823a20    00000020     ti.targets.rts6000.ae66 : GateThread.oe66 (.text:xdc_runtime_knl_GateThread_enter__F)
                  00823a40    00000020                             : GateThread.oe66 (.text:xdc_runtime_knl_GateThread_leave__F)

.far.1     0    00823a60    00009038     UNINITIALIZED
                  00823a60    00008034     notify_multicore_pe66.oe66 (.far)
                  0082ba94    00000004     --HOLE--
                  0082ba98    00001000     notify_multicore_pe66.oe66 (.far:taskStackSection)

.far.2     0    0082caa0    00000218     UNINITIALIZED
                  0082caa0    00000140     rts6600_elf.lib : defs.obj (.far)
                  0082cbe0    000000d8                     : trgdrv.obj (.far)

.const     0    0082ccc0    00004142     
                  0082ccc0    0000255c     notify_multicore_pe66.oe66 (.const:xdc_runtime_Text_charTab__A)
                  0082f21c    0000042c     sysbios.lib : BIOS.obj (.const:.string)
                  0082f648    00000008     ti.targets.rts6000.ae66 : System.oe66 (.const:.string)
                  0082f650    00000400     notify_multicore_pe66.oe66 (.const:ti_sysbios_family_c66_Cache_marvalues__C)
                  0082fa50    0000019c     notify_multicore.obj (.const:.string)
                  0082fbec    00000004     ti.targets.rts6000.ae66 : Assert.oe66 (.const:.string)
                  0082fbf0    00000168     notify_multicore_pe66.oe66 (.const:xdc_runtime_Text_nodeTab__A)
                  0082fd58    000000c4     notify_multicore_pe66.oe66 (.const:.string)
                  0082fe1c    00000058     ti.targets.rts6000.ae66 : Error.oe66 (.const:.string)
                  0082fe74    00000040                             : Text.oe66 (.const:.string)
                  0082feb4    0000000c     notify_multicore_pe66.oe66 (.const:ti_sysbios_family_c66_Cache_initSize__C)
                  0082fec0    0000003c     notify_multicore_pe66.oe66 (.const:xdc_runtime_Startup_sfxnTab__A)
                  0082fefc    00000038     notify_multicore_pe66.oe66 (.const:ti_sdo_ipc_notifyDrivers_NotifyDriverShm_Module__FXNS__C)
                  0082ff34    00000034     notify_multicore_pe66.oe66 (.const:ti_sdo_ipc_GateMP_Object__PARAMS__C)
                  0082ff68    00000034     notify_multicore_pe66.oe66 (.const:ti_sdo_ipc_notifyDrivers_NotifyDriverShm_Object__PARAMS__C)
                  0082ff9c    00000030     notify_multicore_pe66.oe66 (.const:ti_sdo_ipc_heaps_HeapMemMP_Object__PARAMS__C)
                  0082ffcc    00000030     notify_multicore_pe66.oe66 (.const:ti_sysbios_family_c64p_Hwi_Object__PARAMS__C)
                  0082fffc    0000002c     ti.targets.rts6000.ae66 : Startup.oe66 (.const:.string)
                  00830028    0000002c     notify_multicore_pe66.oe66 (.const:ti_sdo_ipc_ListMP_Object__PARAMS__C)
                  00830054    0000002c     notify_multicore_pe66.oe66 (.const:ti_sdo_ipc_gates_GateHWSem_Module__FXNS__C)
                  00830080    0000002c     notify_multicore_pe66.oe66 (.const:ti_sdo_ipc_gates_GateMPSupportNull_Module__FXNS__C)
                  008300ac    0000002c     notify_multicore_pe66.oe66 (.const:ti_sdo_ipc_gates_GatePeterson_Module__FXNS__C)
                  008300d8    00000028     notify_multicore_pe66.oe66 (.const:ti_sdo_ipc_heaps_HeapMemMP_Module__FXNS__C)
                  00830100    00000028     notify_multicore_pe66.oe66 (.const:ti_sdo_ipc_nsremote_NameServerRemoteNotify_Module__FXNS__C)
                  00830128    00000028     notify_multicore_pe66.oe66 (.const:ti_sdo_ipc_transports_TransportShm_Module__FXNS__C)
                  00830150    00000028     notify_multicore_pe66.oe66 (.const:ti_sdo_ipc_transports_TransportShm_Object__PARAMS__C)
                  00830178    00000028     notify_multicore_pe66.oe66 (.const:ti_sysbios_heaps_HeapMem_Module__FXNS__C)
                  008301a0    00000028     notify_multicore_pe66.oe66 (.const:ti_sysbios_knl_Swi_Object__PARAMS__C)
                  008301c8    00000024     notify_multicore_pe66.oe66 (.const:ti_sdo_ipc_gates_GateHWSem_Object__PARAMS__C)
                  008301ec    00000024     notify_multicore_pe66.oe66 (.const:ti_sdo_ipc_gates_GateMPSupportNull_Object__PARAMS__C)
                  00830210    00000024     notify_multicore_pe66.oe66 (.const:ti_sdo_ipc_gates_GatePeterson_Object__PARAMS__C)
                  00830234    00000024     notify_multicore_pe66.oe66 (.const:ti_sysbios_gates_GateAll_Module__FXNS__C)
                  00830258    00000024     notify_multicore_pe66.oe66 (.const:ti_sysbios_gates_GateHwi_Module__FXNS__C)
                  0083027c    00000024     notify_multicore_pe66.oe66 (.const:ti_sysbios_gates_GateMutexPri_Module__FXNS__C)
                  008302a0    00000024     notify_multicore_pe66.oe66 (.const:ti_sysbios_gates_GateMutex_Module__FXNS__C)
                  008302c4    00000024     notify_multicore_pe66.oe66 (.const:ti_sysbios_gates_GateSwi_Module__FXNS__C)
                  008302e8    00000024     notify_multicore_pe66.oe66 (.const:ti_sysbios_knl_Clock_Object__PARAMS__C)
                  0083030c    00000024     notify_multicore_pe66.oe66 (.const:ti_sysbios_knl_Semaphore_Object__PARAMS__C)
                  00830330    00000024     notify_multicore_pe66.oe66 (.const:xdc_runtime_GateNull_Module__FXNS__C)
                  00830354    00000024     notify_multicore_pe66.oe66 (.const:xdc_runtime_knl_GateThread_Module__FXNS__C)
                  00830378    00000020     ti.targets.rts6000.ae66 : Core-mem.oe66 (.const:.string)
                  00830398    00000020     notify_multicore_pe66.oe66 (.const:ti_sdo_ipc_GateMP_Object__DESC__C)
                  008303b8    00000020     notify_multicore_pe66.oe66 (.const:ti_sdo_ipc_ListMP_Object__DESC__C)
                  008303d8    00000020     notify_multicore_pe66.oe66 (.const:ti_sdo_ipc_Notify_Object__DESC__C)
                  008303f8    00000020     notify_multicore_pe66.oe66 (.const:ti_sdo_ipc_gates_GateHWSem_Object__DESC__C)
                  00830418    00000020     notify_multicore_pe66.oe66 (.const:ti_sdo_ipc_gates_GateMPSupportNull_Object__DESC__C)
                  00830438    00000020     notify_multicore_pe66.oe66 (.const:ti_sdo_ipc_gates_GatePeterson_Object__DESC__C)
                  00830458    00000020     notify_multicore_pe66.oe66 (.const:ti_sdo_ipc_heaps_HeapMemMP_Object__DESC__C)
                  00830478    00000020     notify_multicore_pe66.oe66 (.const:ti_sdo_ipc_notifyDrivers_NotifyDriverShm_Object__DESC__C)
                  00830498    00000020     notify_multicore_pe66.oe66 (.const:ti_sdo_ipc_nsremote_NameServerRemoteNotify_Object__DESC__C)
                  008304b8    00000020     notify_multicore_pe66.oe66 (.const:ti_sdo_ipc_nsremote_NameServerRemoteNotify_Object__PARAMS__C)
                  008304d8    00000020     notify_multicore_pe66.oe66 (.const:ti_sdo_ipc_transports_TransportShm_Object__DESC__C)
                  008304f8    00000020     notify_multicore_pe66.oe66 (.const:ti_sdo_utils_List_Object__DESC__C)
                  00830518    00000020     notify_multicore_pe66.oe66 (.const:ti_sysbios_family_c64p_Hwi_Object__DESC__C)
                  00830538    00000020     notify_multicore_pe66.oe66 (.const:ti_sysbios_gates_GateAll_Object__DESC__C)
                  00830558    00000020     notify_multicore_pe66.oe66 (.const:ti_sysbios_gates_GateHwi_Object__DESC__C)
                  00830578    00000020     notify_multicore_pe66.oe66 (.const:ti_sysbios_gates_GateMutexPri_Object__DESC__C)
                  00830598    00000020     notify_multicore_pe66.oe66 (.const:ti_sysbios_gates_GateMutex_Object__DESC__C)
                  008305b8    00000020     notify_multicore_pe66.oe66 (.const:ti_sysbios_gates_GateSwi_Object__DESC__C)
                  008305d8    00000020     notify_multicore_pe66.oe66 (.const:ti_sysbios_heaps_HeapMem_Object__DESC__C)
                  008305f8    00000020     notify_multicore_pe66.oe66 (.const:ti_sysbios_heaps_HeapMem_Object__PARAMS__C)
                  00830618    00000020     notify_multicore_pe66.oe66 (.const:ti_sysbios_knl_Clock_Object__DESC__C)
                  00830638    00000020     notify_multicore_pe66.oe66 (.const:ti_sysbios_knl_Queue_Object__DESC__C)
                  00830658    00000020     notify_multicore_pe66.oe66 (.const:ti_sysbios_knl_Semaphore_Object__DESC__C)
                  00830678    00000020     notify_multicore_pe66.oe66 (.const:ti_sysbios_knl_Swi_Object__DESC__C)
                  00830698    00000020     notify_multicore_pe66.oe66 (.const:ti_sysbios_xdcruntime_GateThreadSupport_Object__DESC__C)
                  008306b8    00000020     notify_multicore_pe66.oe66 (.const:xdc_runtime_GateNull_Object__DESC__C)
                  008306d8    00000020     notify_multicore_pe66.oe66 (.const:xdc_runtime_knl_GateThread_Object__DESC__C)
                  008306f8    00000008     notify_multicore_pe66.oe66 (.const:ti_sysbios_knl_Idle_funcList__C)
                  00830700    0000001e     notify_multicore_pe66.oe66 (.const:xdc_runtime_Startup_sfxnRts__A)
                  0083071e    00000002     --HOLE-- [fill = 0]
                  00830720    00000018     notify_multicore_pe66.oe66 (.const:ti_sdo_ipc_Notify_Object__PARAMS__C)
                  00830738    00000018     notify_multicore_pe66.oe66 (.const:ti_sdo_utils_List_Object__PARAMS__C)
                  00830750    00000018     notify_multicore_pe66.oe66 (.const:ti_sysbios_gates_GateAll_Object__PARAMS__C)
                  00830768    00000018     notify_multicore_pe66.oe66 (.const:ti_sysbios_gates_GateHwi_Object__PARAMS__C)
                  00830780    00000018     notify_multicore_pe66.oe66 (.const:ti_sysbios_gates_GateMutexPri_Object__PARAMS__C)
                  00830798    00000018     notify_multicore_pe66.oe66 (.const:ti_sysbios_gates_GateMutex_Object__PARAMS__C)
                  008307b0    00000018     notify_multicore_pe66.oe66 (.const:ti_sysbios_gates_GateSwi_Object__PARAMS__C)
                  008307c8    00000018     notify_multicore_pe66.oe66 (.const:ti_sysbios_knl_Queue_Object__PARAMS__C)
                  008307e0    00000018     notify_multicore_pe66.oe66 (.const:ti_sysbios_knl_Task_hooks__A)
                  008307f8    00000018     notify_multicore_pe66.oe66 (.const:ti_sysbios_xdcruntime_GateThreadSupport_Object__PARAMS__C)
                  00830810    00000018     notify_multicore_pe66.oe66 (.const:xdc_runtime_GateNull_Object__PARAMS__C)
                  00830828    00000018     notify_multicore_pe66.oe66 (.const:xdc_runtime_knl_GateThread_Object__PARAMS__C)
                  00830840    00000011     ti.targets.rts6000.ae66 : System.oe66 (.const:digtohex)
                  00830851    00000003     --HOLE-- [fill = 0]
                  00830854    00000008     notify_multicore_pe66.oe66 (.const:ti_sysbios_knl_Task_hooks__C)
                  0083085c    00000004     notify_multicore_pe66.oe66 (.const:ti_sdo_ipc_GateMP_A_invalidClose__C)
                  00830860    00000010     notify_multicore_pe66.oe66 (.const:ti_sdo_ipc_family_c647x_MultiProcSetup_procMap__A)
                  00830870    0000000c     notify_multicore_pe66.oe66 (.const:xdc_runtime_Startup_firstFxns__A)
                  0083087c    00000008     notify_multicore_pe66.oe66 (.const:xdc_runtime_Startup_firstFxns__C)
                  00830884    00000008     notify_multicore_pe66.oe66 (.const:xdc_runtime_Startup_lastFxns__C)
                  0083088c    00000004     notify_multicore_pe66.oe66 (.const:ti_sdo_ipc_GateMP_A_invalidDelete__C)
                  00830890    00000004     notify_multicore_pe66.oe66 (.const:ti_sdo_ipc_GateMP_E_gateUnavailable__C)
                  00830894    00000004     notify_multicore_pe66.oe66 (.const:ti_sdo_ipc_GateMP_E_localGate__C)
                  00830898    00000004     notify_multicore_pe66.oe66 (.const:ti_sdo_ipc_GateMP_LM_create__C)
                  0083089c    00000004     notify_multicore_pe66.oe66 (.const:ti_sdo_ipc_GateMP_LM_delete__C)
                  008308a0    00000004     notify_multicore_pe66.oe66 (.const:ti_sdo_ipc_GateMP_LM_enter__C)
                  008308a4    00000004     notify_multicore_pe66.oe66 (.const:ti_sdo_ipc_GateMP_LM_leave__C)
                  008308a8    00000004     notify_multicore_pe66.oe66 (.const:ti_sdo_ipc_GateMP_LM_open__C)
                  008308ac    00000004     notify_multicore_pe66.oe66 (.const:ti_sdo_ipc_GateMP_Module__diagsEnabled__C)
                  008308b0    00000004     notify_multicore_pe66.oe66 (.const:ti_sdo_ipc_GateMP_Module__diagsIncluded__C)
                  008308b4    00000004     notify_multicore_pe66.oe66 (.const:ti_sdo_ipc_GateMP_Module__diagsMask__C)
                  008308b8    00000004     notify_multicore_pe66.oe66 (.const:ti_sdo_ipc_GateMP_Module__loggerFxn2__C)
                  008308bc    00000004     notify_multicore_pe66.oe66 (.const:ti_sdo_ipc_GateMP_Module__loggerFxn4__C)
                  008308c0    00000004     notify_multicore_pe66.oe66 (.const:ti_sdo_ipc_GateMP_Module__loggerObj__C)
                  008308c4    00000004     notify_multicore_pe66.oe66 (.const:ti_sdo_ipc_Ipc_A_addrNotCacheAligned__C)
                  008308c8    00000004     notify_multicore_pe66.oe66 (.const:ti_sdo_ipc_Ipc_A_addrNotInSharedRegion__C)
                  008308cc    00000004     notify_multicore_pe66.oe66 (.const:ti_sdo_ipc_Ipc_A_internal__C)
                  008308d0    00000004     notify_multicore_pe66.oe66 (.const:ti_sdo_ipc_Ipc_A_invArgument__C)
                  008308d4    00000004     notify_multicore_pe66.oe66 (.const:ti_sdo_ipc_Ipc_A_invParam__C)
                  008308d8    00000004     notify_multicore_pe66.oe66 (.const:ti_sdo_ipc_Ipc_A_nullArgument__C)
                  008308dc    00000004     notify_multicore_pe66.oe66 (.const:ti_sdo_ipc_Ipc_A_nullPointer__C)
                  008308e0    00000004     notify_multicore_pe66.oe66 (.const:ti_sdo_ipc_Ipc_E_internal__C)
                  008308e4    00000004     notify_multicore_pe66.oe66 (.const:ti_sdo_ipc_Ipc_E_nameFailed__C)
                  008308e8    00000004     notify_multicore_pe66.oe66 (.const:ti_sdo_ipc_Ipc_E_versionMismatch__C)
                  008308ec    00000004     notify_multicore_pe66.oe66 (.const:ti_sdo_ipc_Ipc_Module__diagsEnabled__C)
                  008308f0    00000004     notify_multicore_pe66.oe66 (.const:ti_sdo_ipc_Ipc_Module__diagsIncluded__C)
                  008308f4    00000004     notify_multicore_pe66.oe66 (.const:ti_sdo_ipc_Ipc_Module__diagsMask__C)
                  008308f8    00000004     notify_multicore_pe66.oe66 (.const:ti_sdo_ipc_Ipc_numUserFxns__C)
                  008308fc    00000004     notify_multicore_pe66.oe66 (.const:ti_sdo_ipc_Ipc_procSync__C)
                  00830900    00000004     notify_multicore_pe66.oe66 (.const:ti_sdo_ipc_Ipc_userFxns__C)
                  00830904    00000004     notify_multicore_pe66.oe66 (.const:ti_sdo_ipc_ListMP_Module__diagsEnabled__C)
                  00830908    00000004     notify_multicore_pe66.oe66 (.const:ti_sdo_ipc_ListMP_Module__diagsIncluded__C)
                  0083090c    00000004     notify_multicore_pe66.oe66 (.const:ti_sdo_ipc_ListMP_Module__diagsMask__C)
                  00830910    00000004     notify_multicore_pe66.oe66 (.const:ti_sdo_ipc_MessageQ_A_invalidMsg__C)
                  00830914    00000004     notify_multicore_pe66.oe66 (.const:ti_sdo_ipc_MessageQ_A_invalidObj__C)
                  00830918    00000004     notify_multicore_pe66.oe66 (.const:ti_sdo_ipc_MessageQ_A_invalidQueueId__C)
                  0083091c    00000004     notify_multicore_pe66.oe66 (.const:ti_sdo_ipc_MessageQ_A_procIdInvalid__C)
                  00830920    00000004     notify_multicore_pe66.oe66 (.const:ti_sdo_ipc_MessageQ_A_unregisteredTransport__C)
                  00830924    00000004     notify_multicore_pe66.oe66 (.const:ti_sdo_ipc_MessageQ_Instance_State_highList__O)
                  00830928    00000004     notify_multicore_pe66.oe66 (.const:ti_sdo_ipc_MessageQ_Instance_State_normalList__O)
                  0083092c    00000004     notify_multicore_pe66.oe66 (.const:ti_sdo_ipc_MessageQ_LM_putLocal__C)
                  00830930    00000004     notify_multicore_pe66.oe66 (.const:ti_sdo_ipc_MessageQ_Module__diagsEnabled__C)
                  00830934    00000004     notify_multicore_pe66.oe66 (.const:ti_sdo_ipc_MessageQ_Module__diagsIncluded__C)
                  00830938    00000004     notify_multicore_pe66.oe66 (.const:ti_sdo_ipc_MessageQ_Module__diagsMask__C)
                  0083093c    00000004     notify_multicore_pe66.oe66 (.const:ti_sdo_ipc_MessageQ_Module__loggerFxn4__C)
                  00830940    00000004     notify_multicore_pe66.oe66 (.const:ti_sdo_ipc_MessageQ_Module__loggerObj__C)
                  00830944    00000004     notify_multicore_pe66.oe66 (.const:ti_sdo_ipc_MessageQ_Object__count__C)
                  00830948    00000004     notify_multicore_pe66.oe66 (.const:ti_sdo_ipc_Notify_A_alreadyRegistered__C)
                  0083094c    00000004     notify_multicore_pe66.oe66 (.const:ti_sdo_ipc_Notify_A_internal__C)
                  00830950    00000004     notify_multicore_pe66.oe66 (.const:ti_sdo_ipc_Notify_A_invArgument__C)
                  00830954    00000004     notify_multicore_pe66.oe66 (.const:ti_sdo_ipc_Notify_A_notRegistered__C)
                  00830958    00000004     notify_multicore_pe66.oe66 (.const:ti_sdo_ipc_Notify_A_reservedEvent__C)
[...]
00830a2c   ti_sdo_ipc_heaps_HeapMemMP_A_zeroBlock__C
00830a30   ti_sdo_ipc_heaps_HeapMemMP_E_memory__C
00830a34   ti_sdo_ipc_heaps_HeapMemMP_Module__diagsEnabled__C
00830a38   ti_sdo_ipc_heaps_HeapMemMP_Module__diagsIncluded__C
00830a3c   ti_sdo_ipc_heaps_HeapMemMP_Module__diagsMask__C
00830a40   ti_sdo_ipc_interfaces_IGateMPSupport_Interface__BASE__C
00830a44   ti_sdo_ipc_interfaces_IMessageQTransport_Interface__BASE__C
00830a48   ti_sdo_ipc_interfaces_INotifyDriver_Interface__BASE__C
00830a4c   ti_sdo_ipc_notifyDrivers_NotifyDriverShm_Module__diagsEnabled__C
00830a50   ti_sdo_ipc_notifyDrivers_NotifyDriverShm_Module__diagsIncluded__C
00830a54   ti_sdo_ipc_notifyDrivers_NotifyDriverShm_Module__diagsMask__C
00830a58   ti_sdo_ipc_notifyDrivers_NotifyDriverShm_Object__heap__C
00830a5c   ti_sdo_ipc_nsremote_NameServerRemoteNotify_A_invalidValueLen__C
00830a60   ti_sdo_ipc_nsremote_NameServerRemoteNotify_Instance_State_semMultiBlock__O
00830a64   ti_sdo_ipc_nsremote_NameServerRemoteNotify_Instance_State_semRemoteWait__O
00830a68   ti_sdo_ipc_nsremote_NameServerRemoteNotify_Instance_State_swiObj__O
00830a6c   ti_sdo_ipc_nsremote_NameServerRemoteNotify_Module__diagsEnabled__C
00830a70   ti_sdo_ipc_nsremote_NameServerRemoteNotify_Module__diagsIncluded__C
00830a74   ti_sdo_ipc_nsremote_NameServerRemoteNotify_Module__diagsMask__C
00830a78   ti_sdo_ipc_nsremote_NameServerRemoteNotify_notifyEventId__C
00830a7c   ti_sdo_ipc_nsremote_NameServerRemoteNotify_timeout__C
00830a80   ti_sdo_ipc_transports_TransportShmSetup_priority__C
00830a84   ti_sdo_ipc_transports_TransportShm_Instance_State_swiObj__O
00830a88   ti_sdo_ipc_transports_TransportShm_Module__diagsEnabled__C
00830a8c   ti_sdo_ipc_transports_TransportShm_Module__diagsIncluded__C
00830a90   ti_sdo_ipc_transports_TransportShm_Module__diagsMask__C
00830a94   ti_sdo_utils_INameServerRemote_Interface__BASE__C
00830a98   ti_sdo_utils_MultiProc_A_invalidMultiProcId__C
00830a9c   ti_sdo_utils_MultiProc_Module__diagsEnabled__C
00830aa0   ti_sdo_utils_MultiProc_Module__diagsIncluded__C
00830aa4   ti_sdo_utils_MultiProc_Module__diagsMask__C
00830aa8   ti_sdo_utils_NameServer_A_invArgument__C
00830aac   ti_sdo_utils_NameServer_A_invalidLen__C
00830ab0   ti_sdo_utils_NameServer_E_entryExists__C
00830ab4   ti_sdo_utils_NameServer_E_maxReached__C
00830ab8   ti_sdo_utils_NameServer_Instance_State_freeList__O
00830abc   ti_sdo_utils_NameServer_Instance_State_nameList__O
00830ac0   ti_sdo_utils_NameServer_Module__diagsEnabled__C
00830ac4   ti_sdo_utils_NameServer_Module__diagsIncluded__C
00830ac8   ti_sdo_utils_NameServer_Module__diagsMask__C
00830acc   ti_sdo_utils_NameServer_Object__count__C
00830ad0   ti_sysbios_BIOS_Module__diagsEnabled__C
00830ad4   ti_sysbios_BIOS_Module__diagsIncluded__C
00830ad8   ti_sysbios_BIOS_Module__diagsMask__C
00830adc   ti_sysbios_BIOS_installedErrorHook__C
00830ae0   ti_sysbios_family_c64p_Exception_E_exceptionMin__C
00830ae4   ti_sysbios_family_c64p_Exception_exceptionHook__C
00830ae8   ti_sysbios_family_c64p_Exception_externalHook__C
00830aec   ti_sysbios_family_c64p_Exception_internalHook__C
00830af0   ti_sysbios_family_c64p_Exception_nmiHook__C
00830af4   ti_sysbios_family_c64p_Hwi_E_alreadyDefined__C
00830af8   ti_sysbios_family_c64p_Hwi_E_handleNotFound__C
00830afc   ti_sysbios_family_c64p_Hwi_LD_end__C
00830b00   ti_sysbios_family_c64p_Hwi_LM_begin__C
00830b04   ti_sysbios_family_c64p_Hwi_Module__diagsEnabled__C
00830b08   ti_sysbios_family_c64p_Hwi_Module__diagsIncluded__C
00830b0c   ti_sysbios_family_c64p_Hwi_Module__diagsMask__C
00830b10   ti_sysbios_family_c64p_Hwi_Module__loggerFxn1__C
00830b14   ti_sysbios_family_c64p_Hwi_Module__loggerFxn8__C
00830b18   ti_sysbios_family_c64p_Hwi_Module__loggerObj__C
00830b1c   ti_sysbios_family_c66_Cache_atomicBlockSize__C
00830b20   ti_sysbios_gates_GateMutexPri_A_badContext__C
00830b24   ti_sysbios_gates_GateMutexPri_Instance_State_pendQ__O
00830b28   ti_sysbios_gates_GateMutexPri_Module__diagsEnabled__C
00830b2c   ti_sysbios_gates_GateMutexPri_Module__diagsIncluded__C
00830b30   ti_sysbios_gates_GateMutexPri_Module__diagsMask__C
00830b34   ti_sysbios_gates_GateMutex_A_badContext__C
00830b38   ti_sysbios_gates_GateMutex_Instance_State_sem__O
00830b3c   ti_sysbios_gates_GateMutex_Module__diagsEnabled__C
00830b40   ti_sysbios_gates_GateMutex_Module__diagsIncluded__C
00830b44   ti_sysbios_gates_GateMutex_Module__diagsMask__C
00830b48   ti_sysbios_gates_GateSwi_A_badContext__C
00830b4c   ti_sysbios_gates_GateSwi_Module__diagsEnabled__C
00830b50   ti_sysbios_gates_GateSwi_Module__diagsIncluded__C
00830b54   ti_sysbios_gates_GateSwi_Module__diagsMask__C
00830b58   ti_sysbios_hal_Hwi_E_stackOverflow__C
00830b5c   ti_sysbios_heaps_HeapMem_A_align__C
00830b60   ti_sysbios_heaps_HeapMem_A_heapSize__C
00830b64   ti_sysbios_heaps_HeapMem_A_invalidFree__C
00830b68   ti_sysbios_heaps_HeapMem_A_zeroBlock__C
00830b6c   ti_sysbios_heaps_HeapMem_E_memory__C
00830b70   ti_sysbios_heaps_HeapMem_Module__diagsEnabled__C
00830b74   ti_sysbios_heaps_HeapMem_Module__diagsIncluded__C
00830b78   ti_sysbios_heaps_HeapMem_Module__diagsMask__C
00830b7c   ti_sysbios_heaps_HeapMem_Module__gateObj__C
00830b80   ti_sysbios_heaps_HeapMem_Object__count__C
00830b84   ti_sysbios_heaps_HeapMem_reqAlignMask__C
00830b88   ti_sysbios_heaps_HeapMem_reqAlign__C
00830b8c   ti_sysbios_knl_Clock_A_badThreadType__C
00830b90   ti_sysbios_knl_Clock_LM_begin__C
00830b94   ti_sysbios_knl_Clock_LM_tick__C
00830b98   ti_sysbios_knl_Clock_LW_delayed__C
00830b9c   ti_sysbios_knl_Clock_Module_State_clockQ__O
00830ba0   ti_sysbios_knl_Clock_Module__diagsEnabled__C
00830ba4   ti_sysbios_knl_Clock_Module__diagsIncluded__C
00830ba8   ti_sysbios_knl_Clock_Module__diagsMask__C
00830bac   ti_sysbios_knl_Clock_Module__loggerFxn1__C
00830bb0   ti_sysbios_knl_Clock_Module__loggerFxn2__C
00830bb4   ti_sysbios_knl_Clock_Module__loggerObj__C
00830bb8   ti_sysbios_knl_Clock_tickMode__C
00830bbc   ti_sysbios_knl_Clock_tickSource__C
00830bc0   ti_sysbios_knl_Idle_funcList__A
00830bc4   ti_sysbios_knl_Semaphore_A_badContext__C
00830bc8   ti_sysbios_knl_Semaphore_A_noEvents__C
00830bcc   ti_sysbios_knl_Semaphore_Instance_State_pendQ__O
00830bd0   ti_sysbios_knl_Semaphore_LM_pend__C
00830bd4   ti_sysbios_knl_Semaphore_LM_post__C
00830bd8   ti_sysbios_knl_Semaphore_Module__diagsEnabled__C
00830bdc   ti_sysbios_knl_Semaphore_Module__diagsIncluded__C
00830be0   ti_sysbios_knl_Semaphore_Module__diagsMask__C
00830be4   ti_sysbios_knl_Semaphore_Module__loggerFxn2__C
00830be8   ti_sysbios_knl_Semaphore_Module__loggerFxn4__C
00830bec   ti_sysbios_knl_Semaphore_Module__loggerObj__C
00830bf0   ti_sysbios_knl_Swi_A_badPriority__C
00830bf4   ti_sysbios_knl_Swi_LD_end__C
00830bf8   ti_sysbios_knl_Swi_LM_begin__C
00830bfc   ti_sysbios_knl_Swi_LM_post__C
00830c00   ti_sysbios_knl_Swi_Module__diagsEnabled__C
00830c04   ti_sysbios_knl_Swi_Module__diagsIncluded__C
00830c08   ti_sysbios_knl_Swi_Module__diagsMask__C
00830c0c   ti_sysbios_knl_Swi_Module__loggerFxn1__C
00830c10   ti_sysbios_knl_Swi_Module__loggerFxn4__C
00830c14   ti_sysbios_knl_Swi_Module__loggerObj__C
00830c18   ti_sysbios_knl_Swi_Object__count__C
00830c1c   ti_sysbios_knl_Task_A_badPriority__C
00830c20   ti_sysbios_knl_Task_A_badTimeout__C
00830c24   ti_sysbios_knl_Task_E_spOutOfBounds__C
00830c28   ti_sysbios_knl_Task_E_stackOverflow__C
00830c2c   ti_sysbios_knl_Task_LD_block__C
00830c30   ti_sysbios_knl_Task_LD_exit__C
00830c34   ti_sysbios_knl_Task_LD_ready__C
00830c38   ti_sysbios_knl_Task_LM_setPri__C
00830c3c   ti_sysbios_knl_Task_LM_sleep__C
00830c40   ti_sysbios_knl_Task_LM_switch__C
00830c44   ti_sysbios_knl_Task_LM_yield__C
00830c48   ti_sysbios_knl_Task_Module_State_inactiveQ__O
00830c4c   ti_sysbios_knl_Task_Module_State_terminatedQ__O
00830c50   ti_sysbios_knl_Task_Module__diagsEnabled__C
00830c54   ti_sysbios_knl_Task_Module__diagsIncluded__C
00830c58   ti_sysbios_knl_Task_Module__diagsMask__C
00830c5c   ti_sysbios_knl_Task_Module__loggerFxn2__C
00830c60   ti_sysbios_knl_Task_Module__loggerFxn4__C
00830c64   ti_sysbios_knl_Task_Module__loggerObj__C
00830c68   ti_sysbios_knl_Task_Object__count__C
00830c6c   ti_sysbios_knl_Task_allBlockedFunc__C
00830c70   ti_sysbios_knl_Task_numConstructedTasks__C
00830c74   ti_sysbios_knl_Task_numPriorities__C
00830c78   ti_sysbios_timers_timer64_Timer_A_notAvailable__C
00830c7c   ti_sysbios_timers_timer64_Timer_E_cannotSupport__C
00830c80   ti_sysbios_timers_timer64_Timer_Module__diagsEnabled__C
00830c84   ti_sysbios_timers_timer64_Timer_Module__diagsIncluded__C
00830c88   ti_sysbios_timers_timer64_Timer_Module__diagsMask__C
00830c8c   ti_sysbios_timers_timer64_Timer_anyMask__C
00830c90   ti_sysbios_timers_timer64_Timer_freqDivisor__C
00830c94   ti_sysbios_timers_timer64_Timer_numLocalTimers__C
00830c98   ti_sysbios_timers_timer64_Timer_numTimerDevices__C
00830c9c   ti_sysbios_xdcruntime_GateThreadSupport_Instance_State_gate__O
00830ca0   xdc_runtime_Assert_E_assertFailed__C
00830ca4   xdc_runtime_Core_A_initializedParams__C
00830ca8   xdc_runtime_Core_Module__diagsEnabled__C
00830cac   xdc_runtime_Core_Module__diagsIncluded__C
00830cb0   xdc_runtime_Core_Module__diagsMask__C
00830cb4   xdc_runtime_Error_E_generic__C
00830cb8   xdc_runtime_Error_E_memory__C
00830cbc   xdc_runtime_Error_Module__diagsEnabled__C
00830cc0   xdc_runtime_Error_Module__diagsIncluded__C
00830cc4   xdc_runtime_Error_Module__diagsMask__C
00830cc8   xdc_runtime_Error_Module__loggerFxn8__C
00830ccc   xdc_runtime_Error_Module__loggerObj__C
00830cd0   xdc_runtime_Error_policy__C
00830cd4   xdc_runtime_Error_raiseHook__C
00830cd8   xdc_runtime_IGateProvider_Interface__BASE__C
00830cdc   xdc_runtime_IHeap_Interface__BASE__C
00830ce0   xdc_runtime_IModule_Interface__BASE__C
00830ce4   xdc_runtime_Log_L_error__C
00830ce8   xdc_runtime_Memory_defaultHeapInstance__C
00830cec   xdc_runtime_Startup_execImpl__C
00830cf0   xdc_runtime_Startup_lastFxns__A
00830cf4   xdc_runtime_Startup_maxPasses__C
00830cf8   xdc_runtime_Startup_sfxnRts__C
00830cfc   xdc_runtime_Startup_sfxnTab__C
00830d00   xdc_runtime_System_Module__gateObj__C
00830d04   xdc_runtime_System_extendFxn__C
00830d08   xdc_runtime_System_maxAtexitHandlers__C
00830d0c   xdc_runtime_Text_charTab__C
00830d10   xdc_runtime_Text_nameEmpty__C
00830d14   xdc_runtime_Text_nameStatic__C
00830d18   xdc_runtime_Text_nameUnknown__C
00830d1c   xdc_runtime_Text_nodeTab__C
00830d20   xdc_runtime_Text_visitRopeFxn__C
00830d24   ti_sdo_ipc_GateMP_Module__id__C
00830d28   ti_sdo_ipc_GateMP_Module__loggerDefined__C
00830d2c   ti_sdo_ipc_Ipc_Module__id__C
00830d30   ti_sdo_ipc_Ipc_generateSlaveDataForHost__C
00830d34   ti_sdo_ipc_ListMP_Module__id__C
00830d38   ti_sdo_ipc_MessageQ_Module__id__C
00830d3c   ti_sdo_ipc_MessageQ_Module__loggerDefined__C
00830d40   ti_sdo_ipc_Notify_Module__id__C
00830d44   ti_sdo_ipc_Notify_numLines__C
00830d48   ti_sdo_ipc_Notify_reservedEvents__C
00830d4c   ti_sdo_ipc_SharedRegion_Module__id__C
00830d50   ti_sdo_ipc_SharedRegion_numEntries__C
00830d54   ti_sdo_ipc_SharedRegion_translate__C
00830d58   ti_sdo_ipc_family_c647x_Interrupt_enableKick__C
00830d5c   ti_sdo_ipc_family_c647x_MultiProcSetup_Module__id__C
00830d60   ti_sdo_ipc_gates_GateHWSem_Module__id__C
00830d64   ti_sdo_ipc_gates_GateMPSupportNull_Module__id__C
00830d68   ti_sdo_ipc_gates_GatePeterson_Module__id__C
00830d6c   ti_sdo_ipc_heaps_HeapMemMP_Module__id__C
00830d70   ti_sdo_ipc_notifyDrivers_NotifyDriverShm_Module__id__C
00830d74   ti_sdo_ipc_nsremote_NameServerRemoteNotify_Module__id__C
00830d78   ti_sdo_ipc_transports_TransportShm_Module__id__C
00830d7c   ti_sdo_ipc_transports_TransportShm_notifyEventId__C
00830d80   ti_sdo_utils_MultiProc_Module__id__C
00830d84   ti_sdo_utils_MultiProc_numProcessors__C
00830d88   ti_sdo_utils_MultiProc_numProcsInCluster__C
00830d8c   ti_sdo_utils_NameServer_Module__id__C
00830d90   ti_sysbios_BIOS_Module__id__C
00830d94   ti_sysbios_family_c64p_Exception_Module__id__C
00830d98   ti_sysbios_family_c64p_Hwi_Module__id__C
00830d9c   ti_sysbios_family_c64p_Hwi_Module__loggerDefined__C
00830da0   ti_sysbios_gates_GateMutexPri_Module__id__C
00830da4   ti_sysbios_gates_GateMutex_Module__id__C
00830da8   ti_sysbios_gates_GateSwi_Module__id__C
00830dac   ti_sysbios_hal_Hwi_Module__id__C
00830db0   ti_sysbios_heaps_HeapMem_Module__id__C
00830db4   ti_sysbios_knl_Clock_Module__id__C
00830db8   ti_sysbios_knl_Clock_Module__loggerDefined__C
00830dbc   ti_sysbios_knl_Semaphore_Module__id__C
00830dc0   ti_sysbios_knl_Semaphore_Module__loggerDefined__C
00830dc4   ti_sysbios_knl_Swi_Module__id__C
00830dc8   ti_sysbios_knl_Swi_Module__loggerDefined__C
00830dcc   ti_sysbios_knl_Task_Module__id__C
00830dd0   ti_sysbios_knl_Task_Module__loggerDefined__C
00830dd4   ti_sysbios_knl_Task_deleteTerminatedTasks__C
00830dd8   ti_sysbios_knl_Task_initStackFlag__C
00830ddc   ti_sysbios_timers_timer64_Timer_Module__id__C
00830de0   ti_sysbios_timers_timer64_Timer_startupNeeded__C
00830de4   xdc_runtime_Core_Module__id__C
00830de8   xdc_runtime_Error_Module__loggerDefined__C
00830dec   xdc_runtime_Error_maxDepth__C
00830df0   xdc_runtime_Memory_Module__id__C
00830df4   xdc_runtime_Text_charCnt__C
00830df8   xdc_runtime_Text_isLoaded__C
00830dfc   xdc_runtime_Text_registryModsLastId__C
00830e00   xdc_runtime_Text_unnamedModsLastId__C
00830e10   ti_sdo_ipc_GateMP_Module_State_0_remoteCustom1Gates__A
00831610   ti_sdo_ipc_GateMP_Module__root__V
00831618   ti_sdo_ipc_GateMP_Module__state__V
00831660   ti_sdo_ipc_Ipc_Module__state__V
0083166c   ti_sdo_ipc_ListMP_Module__root__V
00831674   ti_sdo_ipc_ListMP_Module__state__V
00831678   ti_sdo_ipc_MessageQ_Module__root__V
00831680   ti_sdo_ipc_MessageQ_Module__state__V
0083169c   ti_sdo_ipc_Notify_Module__root__V
008316a4   ti_sdo_ipc_Notify_Module__state__V
008316ac   ti_sdo_ipc_SharedRegion_Module__state__V
008316b0   ti_sdo_ipc_family_c647x_Interrupt_Module__state__V
008316b8   ti_sdo_ipc_gates_GateHWSem_Module__root__V
008316c0   ti_sdo_ipc_gates_GateMPSupportNull_Module__root__V
008316c8   ti_sdo_ipc_gates_GatePeterson_Module__root__V
008316d0   ti_sdo_ipc_heaps_HeapMemMP_Module__root__V
008316d8   ti_sdo_ipc_heaps_HeapMemMP_Module__state__V
008316dc   ti_sdo_ipc_notifyDrivers_NotifyDriverShm_Module__root__V
008316e4   ti_sdo_ipc_nsremote_NameServerRemoteNotify_Module__root__V
008316ec   ti_sdo_ipc_transports_TransportShm_Module__root__V
008316f4   ti_sdo_ipc_transports_TransportShmSetup_Module__state__V
008316f8   ti_sdo_utils_List_Module__root__V
00831700   ti_sdo_utils_MultiProc_Module__state__V
00831704   ti_sdo_utils_NameServer_Module__root__V
0083170c   ti_sdo_utils_NameServer_Module__state__V
00831714   ti_sdo_utils_NameServerRemoteNull_Module__root__V
0083171c   ti_sysbios_BIOS_Module__state__V
00831738   ti_sysbios_family_c64p_Exception_Module__state__V
00831764   ti_sysbios_family_c64p_Hwi_Module__root__V
0083176c   ti_sysbios_family_c64p_Hwi_Module__state__V
008317d4   ti_sysbios_gates_GateAll_Module__root__V
008317dc   ti_sysbios_gates_GateHwi_Module__root__V
008317e4   ti_sysbios_gates_GateMutex_Module__root__V
008317ec   ti_sysbios_gates_GateMutexPri_Module__root__V
008317f4   ti_sysbios_gates_GateSwi_Module__root__V
008317fc   ti_sysbios_hal_Hwi_Module__root__V
00831804   ti_sysbios_hal_Timer_Module__root__V
0083180c   ti_sysbios_heaps_HeapMem_Module__root__V
00831814   ti_sysbios_knl_Clock_Module__root__V
0083181c   ti_sysbios_knl_Clock_Module__state__V
00831848   ti_sysbios_knl_Queue_Module__root__V
00831850   ti_sysbios_knl_Semaphore_Module__root__V
00831858   ti_sysbios_knl_Swi_Module__root__V
00831860   ti_sysbios_knl_Swi_Module__state__V
0083187c   ti_sysbios_knl_Task_Module__root__V
00831884   ti_sysbios_knl_Task_Module__state__V
008318b8   ti_sysbios_syncs_SyncSem_Module__root__V
008318c0   ti_sysbios_timers_timer64_Timer_Module__root__V
008318c8   ti_sysbios_timers_timer64_Timer_Module__state__V
008318dc   ti_sysbios_xdcruntime_GateThreadSupport_Module__root__V
008318e4   xdc_runtime_Error_Module__state__V
008318e8   xdc_runtime_GateNull_Module__root__V
008318f0   xdc_runtime_Memory_Module__state__V
008318f4   xdc_runtime_Registry_Module__state__V
008318fc   xdc_runtime_Startup_Module__state__V
00831904   xdc_runtime_System_Module__state__V
00831910   xdc_runtime_Text_Module__state__V
00831918   xdc_runtime_knl_GateThread_Module__root__V
00831920   __xdc__init__addr
00831924   _cleanup_ptr
00831928   _dtors_ptr
0083192c   __TI_enable_exit_profile_output
00831930   _ftable
00831b10   ti_sysbios_timers_timer64_Timer_Module_State_0_device__A
00831c90   ti_sdo_utils_NameServer_Object__table__V
00831e10   ti_sdo_ipc_Ipc_Module_State_0_procEntry__A
00831eb0   ti_sdo_ipc_SharedRegion_Module_State_0_regions__A
00831f40   ti_sysbios_knl_Task_Object__table__V
00831f84   TSK_idle
00831fc8   _lock
00831fcc   _unlock
00831fd0   ti_sdo_ipc_GateMP_Module_State_0_remoteSystemGates__A
00832050   ti_sysbios_knl_Swi_Module_State_0_readyQ__A
008320d0   ti_sysbios_knl_Task_Module_State_0_readyQ__A
00832150   ti_sysbios_timers_timer64_Timer_Module_State_0_gctrl__A
008321d0   ti_sysbios_timers_timer64_Timer_Module_State_0_handles__A
00832250   ti_sysbios_timers_timer64_Timer_Module_State_0_intFreqs__A
00832348   _ft_end
00832350   ti_sysbios_timers_timer64_Timer_Object__table__V
008323a0   ti_sdo_ipc_MessageQ_Module_State_0_transports__A
008323e0   ti_sdo_ipc_family_c647x_Interrupt_Module_State_0_fxnTable__A
00832420   ti_sysbios_gates_GateMutex_Object__table__V
00832460   ti_sysbios_knl_Swi_Object__table__V
00832490   ti_sdo_ipc_MessageQ_Module_State_0_heaps__A
008324b0   ti_sdo_ipc_Notify_Module_State_0_notifyHandles__A
008324d0   ti_sdo_ipc_transports_TransportShmSetup_Module_State_0_handles__A
008324f0   xdc_runtime_System_Module_State_0_atexitHandlers__A
00832510   ti_sysbios_family_c64p_Hwi_Object__table__V
00832530   ti_sysbios_gates_GateMutexPri_Object__table__V
00832550   ti_sysbios_knl_Semaphore_Object__table__V
00832570   ti_sysbios_heaps_HeapMem_Object__table__V
00832590   ti_sysbios_gates_GateAll_Object__table__V
008325a0   ti_sysbios_gates_GateSwi_Object__table__V
008325b0   ti_sysbios_hal_Hwi_Object__table__V
008325c0   ti_sysbios_hal_Timer_Object__table__V
008325d0   ti_sdo_ipc_GateMP_Module_State_0_remoteCustom2Gates__A
008325e0   ti_sdo_ipc_Notify_Module_State_0_notifyHandles_0__A
008325f0   ti_sdo_ipc_Notify_Module_State_0_notifyHandles_1__A
00832600   ti_sdo_ipc_Notify_Module_State_0_notifyHandles_2__A
00832610   ti_sdo_ipc_Notify_Module_State_0_notifyHandles_3__A
00832620   ti_sdo_ipc_Notify_Module_State_0_notifyHandles_4__A
00832630   ti_sdo_ipc_Notify_Module_State_0_notifyHandles_5__A
00832640   ti_sdo_ipc_Notify_Module_State_0_notifyHandles_6__A
00832650   ti_sdo_ipc_Notify_Module_State_0_notifyHandles_7__A
00832660   ti_sysbios_gates_GateHwi_Object__table__V
00832670   xdc_runtime_GateNull_Object__table__V
00832678   _stack
00833678   __CIOBUF_
00833678   __TI_STACK_END
008337a8   Ipc_sr0MemorySetup
008337ac   __TI_STATIC_BASE
008337ac   times
008337b0   recvnumes
008337b4   semHandle
00833800   ti_sysbios_family_c64p_Hwi0
00833820   ti_sysbios_family_c64p_Hwi1
00833840   ti_sysbios_family_c64p_Hwi2
00833860   ti_sysbios_family_c64p_Hwi3
00833880   ti_sysbios_family_c64p_Hwi4
008338a0   ti_sysbios_family_c64p_Hwi5
008338c0   ti_sysbios_family_c64p_Hwi6
008338e0   ti_sysbios_family_c64p_Hwi7
00833900   ti_sysbios_family_c64p_Hwi8
00833920   ti_sysbios_family_c64p_Hwi9
00833940   ti_sysbios_family_c64p_Hwi10
00833960   ti_sysbios_family_c64p_Hwi11
00833980   ti_sysbios_family_c64p_Hwi12
008339a0   ti_sysbios_family_c64p_Hwi13
008339c0   ti_sysbios_family_c64p_Hwi14
008339e0   ti_sysbios_family_c64p_Hwi15
00834244   __TI_Handler_Table_Base
00834250   __TI_Handler_Table_Limit
00834304   __TI_CINIT_Base
008343b4   __TI_CINIT_Limit
ffffffff   __TI_pprof_out_hndl
ffffffff   __TI_prof_data_size
ffffffff   __TI_prof_data_start
ffffffff   __binit__
ffffffff   __c_args__
ffffffff   binit

[1248 symbols]
