******************************************************************************
               TMS320C6x Linker PC v7.4.2                      
******************************************************************************
>> Linked Fri May 06 20:45:13 2016

OUTPUT FILE NAME:   <SharedMem.out>
ENTRY POINT SYMBOL: "_c_int00"  address: 0081ea80


MEMORY CONFIGURATION

         name            origin    length      used     unused   attr    fill
----------------------  --------  ---------  --------  --------  ----  --------
  L2SRAM                00800000   00080000  00033e32  0004c1ce  RW X
  MSMCSRAM              0c000000   01000000  00800000  00800000  RW X
  DDR3                  80000000   20000000  00000000  20000000  RWIX


SEGMENT ALLOCATION MAP

run origin  load origin   length   init length attrs members
----------  ----------- ---------- ----------- ----- -------
00800000    00800000    00023840   00023840    r-x
  00800000    00800000    00023840   00023840    r-x .text
00823840    00823840    00009178   00000000    rw-
  00823840    00823840    00009178   00000000    rw- .far
0082c9b8    0082c9b8    00000008   00000008    rw-
  0082c9b8    0082c9b8    00000008   00000008    rw- .fardata.1
0082c9c0    0082c9c0    00004046   00004046    r--
  0082c9c0    0082c9c0    00004046   00004046    r-- .const
00830a08    00830a08    0000181c   0000181c    rw-
  00830a08    00830a08    0000181c   0000181c    rw- .fardata.2
00832228    00832228    00001120   00000000    rw-
  00832228    00832228    00001000   00000000    rw- .stack
  00833228    00833228    00000120   00000000    rw- .cio
00833348    00833348    00000010   00000010    r--
  00833348    00833348    00000010   00000010    r-- .switch
00833358    00833358    00000008   00000000    rw-
  00833358    00833358    00000008   00000000    rw- .bss
00833360    00833360    00000004   00000004    rw-
  00833360    00833360    00000004   00000004    rw- .neardata
00833364    00833364    00000004   00000004    r--
  00833364    00833364    00000004   00000004    r-- .rodata
00833400    00833400    00000ad0   00000ad0    r-x
  00833400    00833400    00000200   00000200    r-x .vecs
  00833600    00833600    000008d0   000008d0    r-- .cinit


SECTION ALLOCATION MAP

 output                                  attributes/
section   page    origin      length       input sections
--------  ----  ----------  ----------   ----------------
.init_array 
*          0    00800000    00000000     UNINITIALIZED

xdc.meta   0    00800000    000000f8     COPY SECTION
                  00800000    000000f8     SharedMemory_pe66.oe66 (xdc.meta)

.text      0    00800000    00023840     
                  00800000    000011c0     ipc.lib : Ipc.obj (.text:ti_sdo_ipc_GateMP_Instance_init__F)
                  008011c0    00000a60             : Ipc.obj (.text:ti_sdo_ipc_heaps_HeapMemMP_alloc__E)
                  00801c20    000009e0             : Ipc.obj (.text:ti_sdo_ipc_heaps_HeapMemMP_free__E)
                  00802600    000009a0             : Ipc.obj (.text:Ipc_attach)
                  00802fa0    000009a0     ti.targets.rts6000.ae66 : System.oe66 (.text:xdc_runtime_System_doPrint__I)
                  00803940    00000920     ipc.lib : Ipc.obj (.text:ti_sdo_ipc_transports_TransportShm_Instance_init__F)
                  00804260    000008a0             : Ipc.obj (.text:ti_sdo_ipc_ListMP_Instance_init__F)
                  00804b00    00000860             : Ipc.obj (.text:ti_sdo_ipc_GateMP_Instance_finalize__F)
                  00805360    00000840             : Ipc.obj (.text:MessageQ_put)
                  00805ba0    00000780             : Ipc.obj (.text:ti_sdo_ipc_heaps_HeapMemMP_Instance_init__F)
                  00806320    00000780     sysbios.lib : BIOS.obj (.text:ti_sysbios_family_c64p_Exception_handler__I)
                  00806aa0    00000700     ipc.lib : Ipc.obj (.text:Notify_registerEvent)
                  008071a0    000006c0             : Ipc.obj (.text:ti_sdo_ipc_nsremote_NameServerRemoteNotify_Instance_init__F)
                  00807860    000006a0             : Ipc.obj (.text:NameServer_add)
                  00807f00    00000660     sysbios.lib : BIOS.obj (.text:ti_sysbios_heaps_HeapMem_free__E)
                  00808560    00000620     ipc.lib : Ipc.obj (.text:Notify_sendEvent)
                  00808b80    00000620     sysbios.lib : BIOS.obj (.text:ti_sysbios_heaps_HeapMem_alloc__E)
                  008091a0    000005e0     ipc.lib : Ipc.obj (.text:Notify_registerEventSingle)
                  00809780    000005c0             : Ipc.obj (.text:ListMP_getHead)
                  00809d40    000005c0             : Ipc.obj (.text:Notify_unregisterEventSingle)
                  0080a300    000005c0             : Ipc.obj (.text:ti_sdo_ipc_SharedRegion_start__F)
                  0080a8c0    000005c0     sysbios.lib : BIOS.obj (.text:ti_sysbios_timers_timer64_Timer_Module_startup__F)
                  0080ae80    00000580     ipc.lib : Ipc.obj (.text:ti_sdo_ipc_nsremote_NameServerRemoteNotify_get__F)
                  0080b400    00000580             : Ipc.obj (.text:ti_sdo_ipc_transports_TransportShm_put__E)
                  0080b980    00000540             : Ipc.obj (.text:ti_sdo_ipc_Ipc_procSyncStart__I)
                  0080bec0    000004e0             : Ipc.obj (.text:ti_sdo_ipc_notifyDrivers_NotifyDriverShm_Instance_init__F)
                  0080c3a0    000004a0             : Ipc.obj (.text:ti_sdo_ipc_gates_GatePeterson_Instance_init__F)
                  0080c840    00000480     sysbios.lib : BIOS.obj (.text:ti_sysbios_knl_Task_Module_startup__F)
                  0080ccc0    00000460     ipc.lib : Ipc.obj (.text:ti_sdo_ipc_GateMP_setRegion0Reserved__F)
                  0080d120    00000460             : Ipc.obj (.text:ti_sdo_ipc_Ipc_procSyncFinish__I)
                  0080d580    00000440             : Ipc.obj (.text:ListMP_putTail)
                  0080d9c0    00000440             : Ipc.obj (.text:ti_sdo_ipc_heaps_HeapMemMP_getStats__E)
                  0080de00    00000440             : Ipc.obj (.text:ti_sdo_ipc_heaps_HeapMemMP_postInit__I)
                  0080e240    00000400             : Ipc.obj (.text:ti_sdo_ipc_Notify_Instance_init__F)
                  0080e640    00000400     sysbios.lib : BIOS.obj (.text:ti_sysbios_knl_Semaphore_pend__E)
                  0080ea40    000003c0     ipc.lib : Ipc.obj (.text:ti_sdo_ipc_SharedRegion_reserveMemory__F)
                  0080ee00    000003c0     sysbios.lib : BIOS.obj (.text:ti_sysbios_knl_Task_setPri__E)
                  0080f1c0    00000380     ipc.lib : Ipc.obj (.text:HeapMemMP_sharedMemReq)
                  0080f540    00000340             : Ipc.obj (.text:GateMP_sharedMemReq)
                  0080f880    00000340             : Ipc.obj (.text:ti_sdo_ipc_nsremote_NameServerRemoteNotify_swiFxn__I)
                  0080fbc0    00000320     SharedMemory.obj (.text)
                  0080fee0    00000300     ipc.lib : Ipc.obj (.text:GateMP_openByAddr)
                  008101e0    00000300             : Ipc.obj (.text:ti_sdo_ipc_transports_TransportShm_openByAddr__F)
                  008104e0    00000300     sysbios.lib : BIOS.obj (.text:ti_sysbios_family_c64p_Hwi_dispatchC__I)
                  008107e0    000002e0     ipc.lib : Ipc.obj (.text:SharedRegion_getEntry)
                  00810ac0    000002e0             : Ipc.obj (.text:SharedRegion_getPtr)
                  00810da0    000002e0     sysbios.lib : BIOS.obj (.text:ti_sysbios_gates_GateMutexPri_enter__E)
                  00811080    000002c0     ipc.lib : Ipc.obj (.text:ti_sdo_ipc_notifyDrivers_NotifyDriverShm_isr__I)
                  00811340    000002a0             : Ipc.obj (.text:Ipc_start)
                  008115e0    000002a0             : Ipc.obj (.text:NameServer_getLocal)
                  00811880    000002a0     sysbios.lib : BIOS.obj (.text:ti_sysbios_knl_Clock_workFunc__E)
                  00811b20    00000280     ipc.lib : Ipc.obj (.text:SharedRegion_getSRPtr)
                  00811da0    00000280     sysbios.lib : BIOS.obj (.text:deviceConfig$44)
                  00812020    00000280     ipc.lib : Ipc.obj (.text:ti_sdo_ipc_notifyDrivers_NotifyDriverShm_sharedMemReq__F)
                  008122a0    00000280     sysbios.lib : BIOS.obj (.text:ti_sysbios_knl_Clock_Instance_init__F)
                  00812520    00000280                 : BIOS.obj (.text:ti_sysbios_knl_Task_exit__E)
                  008127a0    00000280     ti.targets.rts6000.ae66 : Core-mem.oe66 (.text:xdc_runtime_Core_createObject__I)
                  00812a20    00000280                             : Error.oe66 (.text:xdc_runtime_Error_raiseX__F)
                  00812ca0    00000260     ipc.lib : Ipc.obj (.text:ListMP_sharedMemReq)
                  00812f00    00000260             : Ipc.obj (.text:ti_sdo_ipc_ListMP_Instance_finalize__F)
                  00813160    00000260             : Ipc.obj (.text:ti_sdo_ipc_heaps_HeapMemMP_Instance_finalize__F)
                  008133c0    00000260             : Ipc.obj (.text:ti_sdo_ipc_notifyDrivers_NotifyDriverShm_disableEvent__E)
                  00813620    00000260     ti.targets.rts6000.ae66 : Startup.oe66 (.text:xdc_runtime_Startup_startMods__I)
                  00813880    00000260     SharedMemory_pe66.oe66 (.text:xdc_runtime_System_printfExtend__I)
                  00813ae0    00000240     rts6600_elf.lib : imath64.obj (.text:__c6xabi_divull)
                  00813d20    00000240     sysbios.lib : BIOS.obj (.text:ti_sysbios_family_c64p_Exception_internalHandler__I)
                  00813f60    00000220     rts6600_elf.lib : fputc.obj (.text:fputc)
                  00814180    00000220     sysbios.lib : BIOS.obj (.text:ti_sysbios_family_c64p_Hwi_reconfig__E)
                  008143a0    00000220                 : BIOS.obj (.text:ti_sysbios_knl_Swi_run__I)
                  008145c0    00000220                 : BIOS.obj (.text:ti_sysbios_knl_Task_schedule__I)
                  008147e0    00000220                 : BIOS.obj (.text:ti_sysbios_knl_Task_startup__E)
                  00814a00    00000200     ipc.lib : Ipc.obj (.text:GateMP_enter)
                  00814c00    00000200             : Ipc.obj (.text:GateMP_leave)
                  00814e00    00000200             : Ipc.obj (.text:ListMP_openByAddr)
                  00815000    00000200     sysbios.lib : c64p_Hwi_disp_always.obj (.text:_ti_sysbios_family_c64p_Hwi_dispatchAlways)
                  00815200    00000200                 : BIOS.obj (.text:block$56)
                  00815400    00000200     rts6600_elf.lib : setvbuf.obj (.text:setvbuf)
                  00815600    00000200     ipc.lib : Ipc.obj (.text:ti_sdo_ipc_family_c647x_MultiProcSetup_init__I)
                  00815800    00000200             : Ipc.obj (.text:ti_sdo_ipc_notifyDrivers_NotifyDriverShm_sendEvent__E)
                  00815a00    00000200             : Ipc.obj (.text:ti_sdo_ipc_transports_TransportShm_Instance_finalize__F)
                  00815c00    000001e0             : Ipc.obj (.text:ti_sdo_ipc_GateMP_attach__F)
                  00815de0    000001e0             : Ipc.obj (.text:ti_sdo_ipc_GateMP_getFreeResource__I)
                  00815fc0    000001e0     sysbios.lib : BIOS.obj (.text:ti_sysbios_timers_timer64_Timer_getFreq__E)
                  008161a0    000001c0     ipc.lib : Ipc.obj (.text:HeapMemMP_openByAddr)
                  00816360    000001c0             : Ipc.obj (.text:ti_sdo_ipc_notifyDrivers_NotifyDriverShm_registerEvent__E)
                  00816520    000001c0     sysbios.lib : BIOS.obj (.text:ti_sysbios_knl_Swi_Instance_init__F)
                  008166e0    000001c0                 : BIOS.obj (.text:ti_sysbios_knl_Task_checkStacks__E)
                  008168a0    000001c0                 : BIOS.obj (.text:ti_sysbios_timers_timer64_Timer_setPeriodMicroSecs__E)
                  00816a60    000001a0     rts6600_elf.lib : trgdrv.obj (.text:HOSTrename)
                  00816c00    000001a0     ipc.lib : Ipc.obj (.text:SharedRegion_getCacheLineSize)
                  00816da0    000001a0             : Ipc.obj (.text:SharedRegion_getHeap)
                  00816f40    000001a0             : Ipc.obj (.text:SharedRegion_isCacheEnabled)
                  008170e0    000001a0             : Ipc.obj (.text:ti_sdo_ipc_GateMP_openRegion0Reserved__F)
                  00817280    000001a0             : Ipc.obj (.text:ti_sdo_ipc_notifyDrivers_NotifyDriverShm_enableEvent__E)
                  00817420    000001a0             : Ipc.obj (.text:ti_sdo_ipc_notifyDrivers_NotifyDriverShm_unregisterEvent__E)
                  008175c0    000001a0             : Ipc.obj (.text:ti_sdo_ipc_nsremote_NameServerRemoteNotify_attach__E)
                  00817760    000001a0     sysbios.lib : BIOS.obj (.text:ti_sysbios_gates_GateMutex_enter__E)
                  00817900    000001a0                 : BIOS.obj (.text:ti_sysbios_timers_timer64_Timer_start__E)
                  00817aa0    00000180     ipc.lib : Ipc.obj (.text:MultiProc_setLocalId)
                  00817c20    00000180             : Ipc.obj (.text:NameServer_getHandle)
                  00817da0    00000180             : Ipc.obj (.text:Notify_intLineRegistered)
                  00817f20    00000180     rts6600_elf.lib : copy_decompress_rle.obj (.text:__TI_decompress_rle_core)
                  008180a0    00000180     sysbios.lib : c64p_Exception_asm.obj (.text)
                  00818220    00000180     ipc.lib : Ipc.obj (.text:ti_sdo_ipc_MessageQ_registerTransport__F)
                  008183a0    00000180             : Ipc.obj (.text:ti_sdo_ipc_Notify_Module_startup__F)
                  00818520    00000180             : Ipc.obj (.text:ti_sdo_ipc_gates_GatePeterson_enter__E)
                  008186a0    00000180             : Ipc.obj (.text:ti_sdo_utils_NameServer_Module_startup__F)
                  00818820    00000180     sysbios.lib : BIOS.obj (.text:ti_sysbios_family_c66_Cache_disable__E)
                  008189a0    00000180                 : BIOS.obj (.text:ti_sysbios_heaps_HeapMem_Instance_init__F)
                  00818b20    00000180                 : BIOS.obj (.text:ti_sysbios_knl_Semaphore_post__E)
                  00818ca0    00000180                 : BIOS.obj (.text:ti_sysbios_knl_Swi_schedule__I)
                  00818e20    00000180                 : BIOS.obj (.text:ti_sysbios_knl_Task_unblockI__E)
                  00818fa0    00000180     ti.targets.rts6000.ae66 : Text.oe66 (.text:xdc_runtime_Text_putSite__F)
                  00819120    00000160     ipc.lib : Ipc.obj (.text:ti_sdo_ipc_GateMP_createLocal__F)
                  00819280    00000160             : Ipc.obj (.text:ti_sdo_ipc_MessageQ_unregisterTransport__F)
                  008193e0    00000160             : Ipc.obj (.text:ti_sdo_ipc_gates_GateHWSem_Instance_init__F)
                  00819540    00000160             : Ipc.obj (.text:ti_sdo_ipc_transports_TransportShm_sharedMemReq__F)
                  008196a0    00000160             : Ipc.obj (.text:ti_sdo_utils_NameServer_isRegistered__E)
                  00819800    00000160             : Ipc.obj (.text:ti_sdo_utils_NameServer_registerRemoteDriver__E)
                  00819960    00000160             : Ipc.obj (.text:ti_sdo_utils_NameServer_unregisterRemoteDriver__E)
                  00819ac0    00000140             : Ipc.obj (.text:GateMP_close)
                  00819c00    00000140             : Ipc.obj (.text:Notify_attach)
                  00819d40    00000140     boot.ae66 : autoinit.oe66 (.text:_auto_init_elf)
                  00819e80    00000140     rts6600_elf.lib : lowlev.obj (.text:getdevice)
                  00819fc0    00000140     ipc.lib : Ipc.obj (.text:ti_sdo_ipc_Notify_exec__F)
                  0081a100    00000140     sysbios.lib : BIOS.obj (.text:ti_sysbios_family_c64p_Hwi_Module_startup__F)
                  0081a240    00000140                 : BIOS.obj (.text:ti_sysbios_family_c66_Cache_Module_startup__F)
                  0081a380    00000140                 : BIOS.obj (.text:ti_sysbios_gates_GateSwi_enter__E)
                  0081a4c0    00000140                 : BIOS.obj (.text:ti_sysbios_knl_Clock_Instance_finalize__F)
                  0081a600    00000140                 : BIOS.obj (.text:ti_sysbios_knl_Semaphore_Instance_init__F)
                  0081a740    00000140                 : BIOS.obj (.text:ti_sysbios_knl_Swi_post__E)
                  0081a880    00000140                 : BIOS.obj (.text:ti_sysbios_knl_Task_blockI__E)
                  0081a9c0    00000140                 : BIOS.obj (.text:ti_sysbios_knl_Task_yield__E)
                  0081ab00    00000120     rts6600_elf.lib : fclose.obj (.text:_closefile)
                  0081ac20    00000120                     : fseek.obj (.text:fseek)
                  0081ad40    00000120     sysbios.lib : BIOS.obj (.text:rtsUnlock$0)
                  0081ae60    00000120     ipc.lib : Ipc.obj (.text:ti_sdo_ipc_MessageQ_Module_startup__F)
                  0081af80    00000120             : Ipc.obj (.text:ti_sdo_ipc_family_c647x_Interrupt_intRegister__E)
                  0081b0a0    00000120             : Ipc.obj (.text:ti_sdo_ipc_nsremote_NameServerRemoteNotify_Instance_finalize__F)
                  0081b1c0    00000120     ti.targets.rts6000.ae66 : Text.oe66 (.text:xdc_runtime_Text_putLab__F)
                  0081b2e0    00000100     rts6600_elf.lib : trgdrv.obj (.text:HOSTlseek)
                  0081b3e0    00000100                     : _io_perm.obj (.text:_wrt_ok)
                  0081b4e0    00000100     sysbios.lib : BIOS.obj (.text:initDevice$44)
                  0081b5e0    00000100     ipc.lib : Ipc.obj (.text:ti_sdo_ipc_GateMP_start__F)
                  0081b6e0    00000100             : Ipc.obj (.text:ti_sdo_ipc_Notify_Instance_finalize__F)
                  0081b7e0    00000100             : Ipc.obj (.text:ti_sdo_ipc_SharedRegion_attach__F)
                  0081b8e0    00000100             : Ipc.obj (.text:ti_sdo_ipc_SharedRegion_clearReservedMemory__F)
                  0081b9e0    00000100             : Ipc.obj (.text:ti_sdo_ipc_family_c647x_Interrupt_Module_startup__F)
                  0081bae0    00000100             : Ipc.obj (.text:ti_sdo_ipc_gates_GateHWSem_Module_startup__F)
                  0081bbe0    00000100             : Ipc.obj (.text:ti_sdo_ipc_gates_GateMPSupportNull_enter__E)
                  0081bce0    00000100             : Ipc.obj (.text:ti_sdo_ipc_gates_GateMPSupportNull_leave__E)
                  0081bde0    00000100             : Ipc.obj (.text:ti_sdo_ipc_transports_TransportShmSetup_attach__E)
                  0081bee0    00000100     sysbios.lib : BIOS.obj (.text:ti_sysbios_gates_GateMutexPri_leave__E)
                  0081bfe0    00000100                 : BIOS.obj (.text:ti_sysbios_knl_Clock_startI__E)
                  0081c0e0    00000100                 : BIOS.obj (.text:ti_sysbios_knl_Swi_restoreHwi__E)
                  0081c1e0    00000100     ti.targets.rts6000.ae66 : Core-mem.oe66 (.text:xdc_runtime_Core_deleteObject__I)
                  0081c2e0    00000100                             : Startup.oe66 (.text:xdc_runtime_Startup_exec__F)
                  0081c3e0    00000100                             : Text.oe66 (.text:xdc_runtime_Text_putMod__F)
                  0081c4e0    00000100                             : Text.oe66 (.text:xdc_runtime_Text_visitRope2__I)
                  0081c5e0    000000e0     rts6600_elf.lib : trgdrv.obj (.text:HOSTopen)
                  0081c6c0    000000e0                     : lowlev.obj (.text:close)
                  0081c7a0    000000e0                     : copy_zero_init.obj (.text:decompress:ZI:__TI_zero_init)
                  0081c880    000000e0                     : fflush.obj (.text:fflush)
                  0081c960    000000e0                     : memset.obj (.text:memset)
                  0081ca40    000000e0     ipc.lib : Ipc.obj (.text:ti_sdo_ipc_family_c647x_NotifySetup_attach__E)
                  0081cb20    000000e0             : Ipc.obj (.text:ti_sdo_ipc_gates_GateHWSem_enter__E)
                  0081cc00    000000e0     sysbios.lib : BIOS.obj (.text:ti_sysbios_family_c64p_Hwi_Instance_finalize__F)
                  0081cce0    000000e0                 : BIOS.obj (.text:ti_sysbios_family_c64p_Hwi_Instance_init__F)
                  0081cdc0    000000e0                 : BIOS.obj (.text:ti_sysbios_knl_Clock_start__E)
                  0081cea0    000000e0                 : BIOS.obj (.text:ti_sysbios_timers_timer64_Timer_startup__E)
                  0081cf80    000000e0     ti.targets.rts6000.ae66 : Error.oe66 (.text:xdc_runtime_Error_print__F)
                  0081d060    000000e0                             : Memory.oe66 (.text:xdc_runtime_Memory_alloc__F)
                  0081d140    000000c0     rts6600_elf.lib : trgdrv.obj (.text:HOSTread)
                  0081d200    000000c0                     : trgdrv.obj (.text:HOSTunlink)
                  0081d2c0    000000c0                     : trgdrv.obj (.text:HOSTwrite)
                  0081d380    000000c0     ipc.lib : Ipc.obj (.text:HeapMemMP_create)
                  0081d440    000000c0             : Ipc.obj (.text:ListMP_create)
                  0081d500    000000c0             : Ipc.obj (.text:SharedRegion_getId)
                  0081d5c0    000000c0     rts6600_elf.lib : dtor_list.obj (.text:_Z11__TI_atexitPFYvPvES_S_)
                  0081d680    000000c0                     : dtor_list.obj (.text:__cxa_finalize)
                  0081d740    000000c0                     : divu.obj (.text:__divu)
                  0081d800    000000c0                     : fflush.obj (.text:_doflush)
                  0081d8c0    000000c0                     : exit.obj (.text:exit)
                  0081d980    000000c0     SharedMemory_pe66.oe66 (.text:ti_sdo_ipc_GateMP_Object__create__S)
                  0081da40    000000c0     ipc.lib : Ipc.obj (.text:ti_sdo_ipc_GateMP_getRegion0ReservedSize__F)
                  0081db00    000000c0     SharedMemory_pe66.oe66 (.text:ti_sdo_ipc_ListMP_Object__create__S)
                  0081dbc0    000000c0     SharedMemory_pe66.oe66 (.text:ti_sdo_ipc_Notify_Object__create__S)
                  0081dc80    000000c0     ipc.lib : Ipc.obj (.text:ti_sdo_ipc_Notify_execMany__I)
                  0081dd40    000000c0             : Ipc.obj (.text:ti_sdo_ipc_family_c647x_Interrupt_intShmStub__I)
                  0081de00    000000c0     SharedMemory_pe66.oe66 (.text:ti_sdo_ipc_gates_GatePeterson_Object__create__S)
                  0081dec0    000000c0     SharedMemory_pe66.oe66 (.text:ti_sdo_ipc_heaps_HeapMemMP_Object__create__S)
                  0081df80    000000c0     SharedMemory_pe66.oe66 (.text:ti_sdo_ipc_notifyDrivers_NotifyDriverShm_Object__create__S)
                  0081e040    000000c0     SharedMemory_pe66.oe66 (.text:ti_sdo_ipc_nsremote_NameServerRemoteNotify_Object__create__S)
                  0081e100    000000c0     SharedMemory_pe66.oe66 (.text:ti_sdo_ipc_transports_TransportShm_Object__create__S)
                  0081e1c0    000000c0     sysbios.lib : BIOS.obj (.text:ti_sysbios_BIOS_errorRaiseHook__I)
                  0081e280    000000c0     SharedMemory_pe66.oe66 (.text:ti_sysbios_family_c64p_Hwi_Object__create__S)
                  0081e340    000000c0     sysbios.lib : BIOS.obj (.text:ti_sysbios_gates_GateAll_leave__E)
                  0081e400    000000c0                 : BIOS.obj (.text:ti_sysbios_heaps_HeapMem_getStats__E)
                  0081e4c0    000000c0                 : BIOS.obj (.text:ti_sysbios_knl_Clock_logTick__E)
                  0081e580    000000c0                 : BIOS.obj (.text:ti_sysbios_knl_Swi_Instance_finalize__F)
                  0081e640    000000c0     SharedMemory_pe66.oe66 (.text:ti_sysbios_knl_Swi_Object__create__S)
                  0081e700    000000c0     sysbios.lib : BIOS.obj (.text:ti_sysbios_timers_timer64_Timer_stop__E)
                  0081e7c0    000000c0     ti.targets.rts6000.ae66 : System.oe66 (.text:xdc_runtime_System_formatNum__I)
                  0081e880    000000c0     SharedMemory_pe66.oe66 (.text:xdc_runtime_knl_GateThread_Object__create__S)
                  0081e940    000000a0     rts6600_elf.lib : trgdrv.obj (.text:HOSTclose)
                  0081e9e0    000000a0                     : remu.obj (.text:__remu)
                  0081ea80    000000a0     boot.ae66 : boot.oe66 (.text:_c_int00)
                  0081eb20    000000a0     rts6600_elf.lib : fopen.obj (.text:_cleanup)
                  0081ebc0    000000a0     sysbios.lib : c64p_Hwi_asm.obj (.text:_ti_sysbios_family_c64p_Hwi_plug__E)
                  0081ec60    000000a0     rts6600_elf.lib : lowlev.obj (.text:finddevice)
                  0081ed00    000000a0                     : lowlev.obj (.text:lseek)
                  0081eda0    000000a0                     : memcpy64.obj (.text:memcpy)
                  0081ee40    000000a0     ipc.lib : Ipc.obj (.text:ti_sdo_ipc_family_c647x_Interrupt_intUnregister__E)
                  0081eee0    000000a0             : Ipc.obj (.text:ti_sdo_ipc_gates_GatePeterson_leave__E)
                  0081ef80    000000a0             : Ipc.obj (.text:ti_sdo_ipc_notifyDrivers_NotifyDriverShm_Instance_finalize__F)
                  0081f020    000000a0     sysbios.lib : BIOS.obj (.text:ti_sysbios_heaps_HeapMem_init__I)
                  0081f0c0    000000a0     rts6600_elf.lib : lowlev.obj (.text:write)
                  0081f160    000000a0     ti.targets.rts6000.ae66 : Assert.oe66 (.text:xdc_runtime_Assert_raise__I)
                  0081f200    00000080     rts6600_elf.lib : llshift.obj (.text:__c6xabi_llshl)
                  0081f280    00000080     sysbios.lib : c62_TaskSupport_asm.obj (.text:_ti_sysbios_family_c62_TaskSupport_swap__E)
                  0081f300    00000080     SharedMemory_pe66.oe66 (.text:malloc)
                  0081f380    00000080     rts6600_elf.lib : trgmsg.obj (.text:readmsg)
                  0081f400    00000080     SharedMemory_pe66.oe66 (.text:ti_sdo_ipc_gates_GateHWSem_Object__create__S)
                  0081f480    00000080     SharedMemory_pe66.oe66 (.text:ti_sdo_ipc_gates_GateMPSupportNull_Object__create__S)
                  0081f500    00000080     ipc.lib : Ipc.obj (.text:ti_sdo_ipc_nsremote_NameServerRemoteNotify_detach__E)
                  0081f580    00000080             : Ipc.obj (.text:ti_sdo_ipc_transports_TransportShm_swiFxn__I)
                  0081f600    00000080     SharedMemory_pe66.oe66 (.text:ti_sdo_utils_List_Object__create__S)
                  0081f680    00000080     sysbios.lib : BIOS.obj (.text:ti_sysbios_BIOS_exit__E)
                  0081f700    00000080                 : BIOS.obj (.text:ti_sysbios_family_c62_TaskSupport_start__E)
                  0081f780    00000080                 : BIOS.obj (.text:ti_sysbios_family_c64p_Exception_Module_startup__F)
                  0081f800    00000080                 : BIOS.obj (.text:ti_sysbios_family_c64p_Hwi_eventMap__E)
                  0081f880    00000080                 : BIOS.obj (.text:ti_sysbios_family_c66_Cache_invL1pAll__E)
                  0081f900    00000080                 : BIOS.obj (.text:ti_sysbios_family_c66_Cache_wbAll__E)
                  0081f980    00000080     SharedMemory_pe66.oe66 (.text:ti_sysbios_gates_GateAll_Object__create__S)
                  0081fa00    00000080     SharedMemory_pe66.oe66 (.text:ti_sysbios_gates_GateHwi_Object__create__S)
                  0081fa80    00000080     SharedMemory_pe66.oe66 (.text:ti_sysbios_gates_GateMutexPri_Object__create__S)
                  0081fb00    00000080     SharedMemory_pe66.oe66 (.text:ti_sysbios_gates_GateMutex_Object__create__S)
                  0081fb80    00000080     SharedMemory_pe66.oe66 (.text:ti_sysbios_gates_GateSwi_Object__create__S)
                  0081fc00    00000080     sysbios.lib : BIOS.obj (.text:ti_sysbios_gates_GateSwi_leave__E)
                  0081fc80    00000080                 : BIOS.obj (.text:ti_sysbios_hal_Hwi_checkStack:ti_sysbios_hal_Hwi_checkStack)
                  0081fd00    00000080     SharedMemory_pe66.oe66 (.text:ti_sysbios_heaps_HeapMem_Object__create__S)
                  0081fd80    00000080     sysbios.lib : BIOS.obj (.text:ti_sysbios_knl_Clock_Module_startup__F)
                  0081fe00    00000080     SharedMemory_pe66.oe66 (.text:ti_sysbios_knl_Clock_Object__create__S)
                  0081fe80    00000080     SharedMemory_pe66.oe66 (.text:ti_sysbios_knl_Clock_doTick__I)
                  0081ff00    00000080     sysbios.lib : BIOS.obj (.text:ti_sysbios_knl_Clock_getTicks__E)
                  0081ff80    00000080                 : BIOS.obj (.text:ti_sysbios_knl_Idle_loop__E)
                  00820000    00000080     SharedMemory_pe66.oe66 (.text:ti_sysbios_knl_Queue_Object__create__S)
                  00820080    00000080     SharedMemory_pe66.oe66 (.text:ti_sysbios_knl_Semaphore_Object__create__S)
                  00820100    00000080     sysbios.lib : BIOS.obj (.text:ti_sysbios_knl_Semaphore_pendTimeout__I)
                  00820180    00000080                 : BIOS.obj (.text:ti_sysbios_knl_Swi_startup__E)
                  00820200    00000080                 : BIOS.obj (.text:ti_sysbios_knl_Task_restore__E)
                  00820280    00000080                 : BIOS.obj (.text:ti_sysbios_timers_timer64_Timer_getCount__E)
                  00820300    00000080                 : BIOS.obj (.text:ti_sysbios_timers_timer64_Timer_getPeriod__E)
                  00820380    00000080     SharedMemory_pe66.oe66 (.text:ti_sysbios_xdcruntime_GateThreadSupport_Object__create__S)
                  00820400    00000080     rts6600_elf.lib : lowlev.obj (.text:unlink)
                  00820480    00000080     ti.targets.rts6000.ae66 : Core-label.oe66 (.text:xdc_runtime_Core_assignLabel__I)
                  00820500    00000080                             : Core-params.oe66 (.text:xdc_runtime_Core_assignParams__I)
                  00820580    00000080                             : System.oe66 (.text:xdc_runtime_System_atexit__F)
                  00820600    00000080                             : System.oe66 (.text:xdc_runtime_System_rtsExit__I)
                  00820680    00000080                             : Text.oe66 (.text:xdc_runtime_Text_printVisFxn__I)
                  00820700    00000080                             : Text.oe66 (.text:xdc_runtime_Text_xprintf__I)
                  00820780    00000060     ipc.lib : Ipc.obj (.text:GateMP_Params_init)
                  008207e0    00000060             : Ipc.obj (.text:HeapMemMP_Params_init)
                  00820840    00000060     rts6600_elf.lib : llshift.obj (.text:__c6xabi_llshru)
                  008208a0    00000060                     : imath64.obj (.text:_subcull)
                  00820900    00000060     ipc.lib : Ipc.obj (.text:ti_sdo_ipc_family_c647x_NotifySetup_sharedMemReq__E)
                  00820960    00000060             : Ipc.obj (.text:ti_sdo_ipc_gates_GateHWSem_leave__E)
                  008209c0    00000060             : Ipc.obj (.text:ti_sdo_ipc_gates_GatePeterson_Instance_finalize__F)
                  00820a20    00000060             : Ipc.obj (.text:ti_sdo_ipc_gates_GatePeterson_sharedMemReq__E)
                  00820a80    00000060             : Ipc.obj (.text:ti_sdo_ipc_notifyDrivers_NotifyDriverShm_setNotifyHandle__E)
                  00820ae0    00000060             : Ipc.obj (.text:ti_sdo_ipc_transports_TransportShmSetup_sharedMemReq__E)
                  00820b40    00000060     SharedMemory_pe66.oe66 (.text:ti_sysbios_BIOS_exitFunc__I)
                  00820ba0    00000060     sysbios.lib : BIOS.obj (.text:ti_sysbios_BIOS_registerRTSLock__I)
                  00820c00    00000060                 : BIOS.obj (.text:ti_sysbios_gates_GateAll_enter__E)
                  00820c60    00000060                 : BIOS.obj (.text:ti_sysbios_gates_GateMutex_Instance_init__F)
                  00820cc0    00000060                 : BIOS.obj (.text:ti_sysbios_hal_Hwi_initStack:ti_sysbios_hal_Hwi_initStack)
                  00820d20    00000060                 : BIOS.obj (.text:ti_sysbios_knl_Swi_Module_startup__F)
                  00820d80    00000060                 : BIOS.obj (.text:ti_sysbios_knl_Task_allBlockedFunction__I)
                  00820de0    00000060                 : BIOS.obj (.text:ti_sysbios_knl_Task_enter__I)
                  00820e40    00000060     rts6600_elf.lib : trgmsg.obj (.text:writemsg)
                  00820ea0    00000060     ti.targets.rts6000.ae66 : Memory.oe66 (.text:xdc_runtime_Memory_calloc__F)
                  00820f00    00000060                             : Memory.oe66 (.text:xdc_runtime_Memory_valloc__F)
                  00820f60    00000060                             : SysStd.oe66 (.text:xdc_runtime_SysStd_abort__F)
                  00820fc0    00000060                             : System.oe66 (.text:xdc_runtime_System_avprintf__F)
                  00821020    00000060                             : System.oe66 (.text:xdc_runtime_System_vprintf__F)
                  00821080    00000060                             : Text.oe66 (.text:xdc_runtime_Text_cordText__F)
                  008210e0    00000040     rts6600_elf.lib : args_main.obj (.text:_args_main)
                  00821120    00000040     sysbios.lib : c62_TaskSupport_asm.obj (.text:_ti_sysbios_family_c62_TaskSupport_buildTaskStack)
                  00821160    00000040                 : c64p_Hwi_asm_switch.obj (.text:_ti_sysbios_family_xxx_Hwi_switchToIsrStack)
                  008211a0    00000040     SharedMemory_pe66.oe66 (.text:free)
                  008211e0    00000040     sysbios.lib : BIOS.obj (.text:rtsLock$0)
                  00821220    00000040     SharedMemory_pe66.oe66 (.text:ti_sdo_ipc_GateMP_Object__delete__S)
                  00821260    00000040     SharedMemory_pe66.oe66 (.text:ti_sdo_ipc_ListMP_Object__delete__S)
                  008212a0    00000040     ipc.lib : Ipc.obj (.text:ti_sdo_ipc_family_c647x_Interrupt_intClear__E)
                  008212e0    00000040             : Ipc.obj (.text:ti_sdo_ipc_family_c647x_Interrupt_intSend__E)
                  00821320    00000040     SharedMemory_pe66.oe66 (.text:ti_sdo_ipc_gates_GateHWSem_Handle__label__S)
                  00821360    00000040     SharedMemory_pe66.oe66 (.text:ti_sdo_ipc_gates_GateHWSem_Object__delete__S)
                  008213a0    00000040     SharedMemory_pe66.oe66 (.text:ti_sdo_ipc_gates_GateMPSupportNull_Handle__label__S)
                  008213e0    00000040     SharedMemory_pe66.oe66 (.text:ti_sdo_ipc_gates_GateMPSupportNull_Object__delete__S)
                  00821420    00000040     SharedMemory_pe66.oe66 (.text:ti_sdo_ipc_gates_GatePeterson_Handle__label__S)
                  00821460    00000040     SharedMemory_pe66.oe66 (.text:ti_sdo_ipc_gates_GatePeterson_Object__delete__S)
                  008214a0    00000040     SharedMemory_pe66.oe66 (.text:ti_sdo_ipc_heaps_HeapMemMP_Handle__label__S)
                  008214e0    00000040     SharedMemory_pe66.oe66 (.text:ti_sdo_ipc_heaps_HeapMemMP_Object__delete__S)
                  00821520    00000040     SharedMemory_pe66.oe66 (.text:ti_sdo_ipc_notifyDrivers_NotifyDriverShm_Handle__label__S)
                  00821560    00000040     SharedMemory_pe66.oe66 (.text:ti_sdo_ipc_notifyDrivers_NotifyDriverShm_Object__delete__S)
                  008215a0    00000040     ipc.lib : Ipc.obj (.text:ti_sdo_ipc_notifyDrivers_NotifyDriverShm_disable__E)
                  008215e0    00000040             : Ipc.obj (.text:ti_sdo_ipc_notifyDrivers_NotifyDriverShm_enable__E)
                  00821620    00000040     SharedMemory_pe66.oe66 (.text:ti_sdo_ipc_nsremote_NameServerRemoteNotify_Handle__label__S)
                  00821660    00000040     SharedMemory_pe66.oe66 (.text:ti_sdo_ipc_nsremote_NameServerRemoteNotify_Object__delete__S)
                  008216a0    00000040     ipc.lib : Ipc.obj (.text:ti_sdo_ipc_nsremote_NameServerRemoteNotify_sharedMemReq__E)
                  008216e0    00000040     SharedMemory_pe66.oe66 (.text:ti_sdo_ipc_transports_TransportShm_Handle__label__S)
                  00821720    00000040     SharedMemory_pe66.oe66 (.text:ti_sdo_ipc_transports_TransportShm_Object__delete__S)
                  00821760    00000040     SharedMemory_pe66.oe66 (.text:ti_sdo_utils_List_Object__destruct__S)
                  008217a0    00000040     SharedMemory_pe66.oe66 (.text:ti_sdo_utils_NameServer_Module__startupDone__F)
                  008217e0    00000040     SharedMemory_pe66.oe66 (.text:ti_sdo_utils_NameServer_Object__get__S)
                  00821820    00000040     SharedMemory_pe66.oe66 (.text:ti_sysbios_BIOS_startFunc__I)
                  00821860    00000040     sysbios.lib : BIOS.obj (.text:ti_sysbios_BIOS_start__E)
                  008218a0    00000040     SharedMemory_pe66.oe66 (.text:ti_sysbios_family_c64p_Hwi_Module__startupDone__F)
                  008218e0    00000040     SharedMemory_pe66.oe66 (.text:ti_sysbios_family_c64p_Hwi_Object__delete__S)
                  00821920    00000040     sysbios.lib : BIOS.obj (.text:ti_sysbios_family_c64p_Hwi_disableInterrupt__E)
                  00821960    00000040                 : BIOS.obj (.text:ti_sysbios_family_c64p_Hwi_enableInterrupt__E)
                  008219a0    00000040     SharedMemory_pe66.oe66 (.text:ti_sysbios_gates_GateAll_Handle__label__S)
                  008219e0    00000040     SharedMemory_pe66.oe66 (.text:ti_sysbios_gates_GateAll_Object__delete__S)
                  00821a20    00000040     SharedMemory_pe66.oe66 (.text:ti_sysbios_gates_GateHwi_Handle__label__S)
                  00821a60    00000040     SharedMemory_pe66.oe66 (.text:ti_sysbios_gates_GateHwi_Object__delete__S)
                  00821aa0    00000040     SharedMemory_pe66.oe66 (.text:ti_sysbios_gates_GateMutexPri_Handle__label__S)
                  00821ae0    00000040     sysbios.lib : BIOS.obj (.text:ti_sysbios_gates_GateMutexPri_Instance_finalize__F)
                  00821b20    00000040                 : BIOS.obj (.text:ti_sysbios_gates_GateMutexPri_Instance_init__F)
                  00821b60    00000040     SharedMemory_pe66.oe66 (.text:ti_sysbios_gates_GateMutexPri_Object__delete__S)
                  00821ba0    00000040     SharedMemory_pe66.oe66 (.text:ti_sysbios_gates_GateMutexPri_Object__destruct__S)
                  00821be0    00000040     SharedMemory_pe66.oe66 (.text:ti_sysbios_gates_GateMutex_Handle__label__S)
                  00821c20    00000040     sysbios.lib : BIOS.obj (.text:ti_sysbios_gates_GateMutex_Instance_finalize__F)
                  00821c60    00000040     SharedMemory_pe66.oe66 (.text:ti_sysbios_gates_GateMutex_Object__delete__S)
                  00821ca0    00000040     sysbios.lib : BIOS.obj (.text:ti_sysbios_gates_GateMutex_leave__E)
                  00821ce0    00000040     SharedMemory_pe66.oe66 (.text:ti_sysbios_gates_GateSwi_Handle__label__S)
                  00821d20    00000040     SharedMemory_pe66.oe66 (.text:ti_sysbios_gates_GateSwi_Object__delete__S)
                  00821d60    00000040     SharedMemory_pe66.oe66 (.text:ti_sysbios_hal_Timer_Module__startupDone__F)
                  00821da0    00000040     SharedMemory_pe66.oe66 (.text:ti_sysbios_heaps_HeapMem_Handle__label__S)
                  00821de0    00000040     SharedMemory_pe66.oe66 (.text:ti_sysbios_heaps_HeapMem_Object__delete__S)
                  00821e20    00000040     SharedMemory_pe66.oe66 (.text:ti_sysbios_heaps_HeapMem_Object__get__S)
                  00821e60    00000040     SharedMemory_pe66.oe66 (.text:ti_sysbios_knl_Clock_Object__destruct__S)
                  00821ea0    00000040     SharedMemory_pe66.oe66 (.text:ti_sysbios_knl_Queue_Object__destruct__S)
                  00821ee0    00000040     sysbios.lib : BIOS.obj (.text:ti_sysbios_knl_Semaphore_Instance_finalize__F)
                  00821f20    00000040     SharedMemory_pe66.oe66 (.text:ti_sysbios_knl_Semaphore_Object__destruct__S)
                  00821f60    00000040     SharedMemory_pe66.oe66 (.text:ti_sysbios_knl_Swi_Object__destruct__S)
                  00821fa0    00000040     SharedMemory_pe66.oe66 (.text:ti_sysbios_knl_Swi_Object__get__S)
                  00821fe0    00000040     SharedMemory_pe66.oe66 (.text:ti_sysbios_knl_Task_Object__get__S)
                  00822020    00000040     SharedMemory_pe66.oe66 (.text:ti_sysbios_timers_timer64_Timer_Module__startupDone__F)
                  00822060    00000040     sysbios.lib : BIOS.obj (.text:ti_sysbios_xdcruntime_GateThreadSupport_Instance_finalize__F)
                  008220a0    00000040                 : BIOS.obj (.text:ti_sysbios_xdcruntime_GateThreadSupport_Instance_init__F)
                  008220e0    00000040     SharedMemory_pe66.oe66 (.text:ti_sysbios_xdcruntime_GateThreadSupport_Object__delete__S)
                  00822120    00000040     sysbios.lib : BIOS.obj (.text:ti_sysbios_xdcruntime_GateThreadSupport_enter__F)
                  00822160    00000040                 : BIOS.obj (.text:ti_sysbios_xdcruntime_GateThreadSupport_leave__F)
                  008221a0    00000040     ti.targets.rts6000.ae66 : Error.oe66 (.text:xdc_runtime_Error_check__F)
                  008221e0    00000040                             : Error.oe66 (.text:xdc_runtime_Error_init__F)
                  00822220    00000040     SharedMemory_pe66.oe66 (.text:xdc_runtime_GateNull_Handle__label__S)
                  00822260    00000040     SharedMemory_pe66.oe66 (.text:xdc_runtime_GateNull_Object__create__S)
                  008222a0    00000040     SharedMemory_pe66.oe66 (.text:xdc_runtime_GateNull_Object__delete__S)
                  008222e0    00000040     ti.targets.rts6000.ae66 : Gate.oe66 (.text:xdc_runtime_Gate_leaveSystem__F)
                  00822320    00000040                             : Memory.oe66 (.text:xdc_runtime_Memory_free__F)
                  00822360    00000040                             : Registry.oe66 (.text:xdc_runtime_Registry_findById__F)
                  008223a0    00000040                             : System.oe66 (.text:xdc_runtime_System_abort__F)
                  008223e0    00000040     SharedMemory_pe66.oe66 (.text:xdc_runtime_System_aprintf__E)
                  00822420    00000040     SharedMemory_pe66.oe66 (.text:xdc_runtime_System_printf__E)
                  00822460    00000040     ti.targets.rts6000.ae66 : Text.oe66 (.text:xdc_runtime_Text_ropeText__F)
                  008224a0    00000040     SharedMemory_pe66.oe66 (.text:xdc_runtime_knl_GateThread_Handle__label__S)
                  008224e0    00000040     ti.targets.rts6000.ae66 : GateThread.oe66 (.text:xdc_runtime_knl_GateThread_Instance_finalize__F)
                  00822520    00000040                             : GateThread.oe66 (.text:xdc_runtime_knl_GateThread_Instance_init__F)
                  00822560    00000040     SharedMemory_pe66.oe66 (.text:xdc_runtime_knl_GateThread_Object__delete__S)
                  008225a0    00000020     ipc.lib : Ipc.obj (.text:MultiProc_self)
                  008225c0    00000020     rts6600_elf.lib : dtor_list.obj (.text:__cxa_atexit)
                  008225e0    00000020                     : dtor_list.obj (.text:__cxa_ia64_exit)
                  00822600    00000020     ti.targets.rts6000.ae66 : xdc_noinit.oe66 (.text:__xdc__init)
                  00822620    00000020     rts6600_elf.lib : _lock.obj (.text:_nop)
                  00822640    00000020                     : _lock.obj (.text:_register_lock)
                  00822660    00000020                     : _lock.obj (.text:_register_unlock)
                  00822680    00000020     sysbios.lib : c62_TaskSupport_asm.obj (.text:_ti_sysbios_family_c62_TaskSupport_glue)
                  008226a0    00000020                 : c64p_Hwi_asm_switch.obj (.text:_ti_sysbios_family_xxx_Hwi_switchToTaskStack)
                  008226c0    00000020     rts6600_elf.lib : exit.obj (.text:abort)
                  008226e0    00000020                     : dtor_list.obj (.text:atexit)
                  00822700    00000020                     : copy_decompress_none.obj (.text:decompress:none:__TI_decompress_none)
                  00822720    00000020                     : copy_decompress_rle.obj (.text:decompress:rle24:__TI_decompress_rle24)
                  00822740    00000020     sysbios.lib : BIOS.obj (.text:nullFunc$0)
                  00822760    00000020     rts6600_elf.lib : fputc.obj (.text:putc)
                  00822780    00000020                     : fputc.obj (.text:putchar)
                  008227a0    00000020     SharedMemory_pe66.oe66 (.text:ti_sdo_ipc_GateMP_Params__init__S)
                  008227c0    00000020     SharedMemory_pe66.oe66 (.text:ti_sdo_ipc_GateMP_RemoteCustom1Proxy_Object__create__S)
                  008227e0    00000020     SharedMemory_pe66.oe66 (.text:ti_sdo_ipc_GateMP_RemoteCustom1Proxy_Object__delete__S)
                  00822800    00000020     SharedMemory_pe66.oe66 (.text:ti_sdo_ipc_GateMP_RemoteCustom1Proxy_Params__init__S)
                  00822820    00000020     SharedMemory_pe66.oe66 (.text:ti_sdo_ipc_GateMP_RemoteCustom1Proxy_Proxy__abstract__S)
                  00822840    00000020     SharedMemory_pe66.oe66 (.text:ti_sdo_ipc_GateMP_RemoteCustom1Proxy_Proxy__delegate__S)
                  00822860    00000020     SharedMemory_pe66.oe66 (.text:ti_sdo_ipc_GateMP_RemoteCustom2Proxy_Object__create__S)
                  00822880    00000020     SharedMemory_pe66.oe66 (.text:ti_sdo_ipc_GateMP_RemoteCustom2Proxy_Object__delete__S)
                  008228a0    00000020     SharedMemory_pe66.oe66 (.text:ti_sdo_ipc_GateMP_RemoteCustom2Proxy_Params__init__S)
                  008228c0    00000020     SharedMemory_pe66.oe66 (.text:ti_sdo_ipc_GateMP_RemoteCustom2Proxy_Proxy__abstract__S)
                  008228e0    00000020     SharedMemory_pe66.oe66 (.text:ti_sdo_ipc_GateMP_RemoteCustom2Proxy_Proxy__delegate__S)
                  00822900    00000020     SharedMemory_pe66.oe66 (.text:ti_sdo_ipc_GateMP_RemoteSystemProxy_Object__create__S)
                  00822920    00000020     SharedMemory_pe66.oe66 (.text:ti_sdo_ipc_GateMP_RemoteSystemProxy_Object__delete__S)
                  00822940    00000020     SharedMemory_pe66.oe66 (.text:ti_sdo_ipc_GateMP_RemoteSystemProxy_Params__init__S)
                  00822960    00000020     SharedMemory_pe66.oe66 (.text:ti_sdo_ipc_GateMP_RemoteSystemProxy_Proxy__abstract__S)
                  00822980    00000020     SharedMemory_pe66.oe66 (.text:ti_sdo_ipc_GateMP_RemoteSystemProxy_Proxy__delegate__S)
                  008229a0    00000020     ipc.lib : Ipc.obj (.text:ti_sdo_ipc_GateMP_getSharedAddr__F)
                  008229c0    00000020     SharedMemory_pe66.oe66 (.text:ti_sdo_ipc_ListMP_Params__init__S)
                  008229e0    00000020     SharedMemory_pe66.oe66 (.text:ti_sdo_ipc_MessageQ_Object__get__S)
                  00822a00    00000020     SharedMemory_pe66.oe66 (.text:ti_sdo_ipc_Notify_Module_GateProxy_enter__E)
                  00822a20    00000020     SharedMemory_pe66.oe66 (.text:ti_sdo_ipc_Notify_Module_GateProxy_leave__E)
                  00822a40    00000020     ipc.lib : Ipc.obj (.text:ti_sdo_ipc_family_c647x_Interrupt_intDisable__E)
                  00822a60    00000020             : Ipc.obj (.text:ti_sdo_ipc_family_c647x_Interrupt_intEnable__E)
                  00822a80    00000020             : Ipc.obj (.text:ti_sdo_ipc_family_c647x_NotifySetup_numIntLines__E)
                  00822aa0    00000020     SharedMemory_pe66.oe66 (.text:ti_sdo_ipc_gates_GateHWSem_Params__init__S)
                  00822ac0    00000020     ipc.lib : Ipc.obj (.text:ti_sdo_ipc_gates_GateHWSem_getReservedMask__E)
                  00822ae0    00000020             : Ipc.obj (.text:ti_sdo_ipc_gates_GateHWSem_query__F)
                  00822b00    00000020             : Ipc.obj (.text:ti_sdo_ipc_gates_GateHWSem_sharedMemReq__E)
                  00822b20    00000020             : Ipc.obj (.text:ti_sdo_ipc_gates_GateMPSupportNull_Instance_init__F)
                  00822b40    00000020     SharedMemory_pe66.oe66 (.text:ti_sdo_ipc_gates_GateMPSupportNull_Params__init__S)
                  00822b60    00000020     ipc.lib : Ipc.obj (.text:ti_sdo_ipc_gates_GateMPSupportNull_getReservedMask__E)
                  00822b80    00000020             : Ipc.obj (.text:ti_sdo_ipc_gates_GateMPSupportNull_query__F)
                  00822ba0    00000020             : Ipc.obj (.text:ti_sdo_ipc_gates_GateMPSupportNull_sharedMemReq__E)
                  00822bc0    00000020     SharedMemory_pe66.oe66 (.text:ti_sdo_ipc_gates_GatePeterson_Params__init__S)
                  00822be0    00000020     ipc.lib : Ipc.obj (.text:ti_sdo_ipc_gates_GatePeterson_getReservedMask__E)
                  00822c00    00000020             : Ipc.obj (.text:ti_sdo_ipc_gates_GatePeterson_query__F)
                  00822c20    00000020     SharedMemory_pe66.oe66 (.text:ti_sdo_ipc_heaps_HeapMemMP_Params__init__S)
                  00822c40    00000020     ipc.lib : Ipc.obj (.text:ti_sdo_ipc_heaps_HeapMemMP_isBlocking__F)
                  00822c60    00000020     SharedMemory_pe66.oe66 (.text:ti_sdo_ipc_notifyDrivers_NotifyDriverShm_Params__init__S)
                  00822c80    00000020     SharedMemory_pe66.oe66 (.text:ti_sdo_ipc_nsremote_NameServerRemoteNotify_Object__first__S)
                  00822ca0    00000020     SharedMemory_pe66.oe66 (.text:ti_sdo_ipc_nsremote_NameServerRemoteNotify_Object__next__S)
                  00822cc0    00000020     SharedMemory_pe66.oe66 (.text:ti_sdo_ipc_nsremote_NameServerRemoteNotify_Params__init__S)
                  00822ce0    00000020     ipc.lib : Ipc.obj (.text:ti_sdo_ipc_nsremote_NameServerRemoteNotify_cbFxn__I)
                  00822d00    00000020             : Ipc.obj (.text:ti_sdo_ipc_transports_TransportShmSetup_isRegistered__E)
                  00822d20    00000020     SharedMemory_pe66.oe66 (.text:ti_sdo_ipc_transports_TransportShm_Params__init__S)
                  00822d40    00000020     ipc.lib : Ipc.obj (.text:ti_sdo_ipc_transports_TransportShm_control__E)
                  00822d60    00000020             : Ipc.obj (.text:ti_sdo_ipc_transports_TransportShm_getStatus__E)
                  00822d80    00000020             : Ipc.obj (.text:ti_sdo_ipc_transports_TransportShm_notifyFxn__I)
                  00822da0    00000020             : Ipc.obj (.text:ti_sdo_ipc_transports_TransportShm_setErrFxn__F)
                  00822dc0    00000020             : Ipc.obj (.text:ti_sdo_utils_List_Instance_init__F)
                  00822de0    00000020     SharedMemory_pe66.oe66 (.text:ti_sdo_utils_List_Object__get__S)
                  00822e00    00000020     ipc.lib : Ipc.obj (.text:ti_sdo_utils_MultiProc_getClusterId__F)
                  00822e20    00000020     SharedMemory_pe66.oe66 (.text:ti_sdo_utils_NameServer_Object__first__S)
                  00822e40    00000020     SharedMemory_pe66.oe66 (.text:ti_sdo_utils_NameServer_Object__next__S)
                  00822e60    00000020     SharedMemory_pe66.oe66 (.text:ti_sysbios_BIOS_RtsGateProxy_enter__E)
                  00822e80    00000020     SharedMemory_pe66.oe66 (.text:ti_sysbios_BIOS_RtsGateProxy_leave__E)
                  00822ea0    00000020     sysbios.lib : BIOS.obj (.text:ti_sysbios_BIOS_getThreadType__E)
                  00822ec0    00000020                 : BIOS.obj (.text:ti_sysbios_BIOS_setThreadType__E)
                  00822ee0    00000020     SharedMemory_pe66.oe66 (.text:ti_sysbios_family_c62_TaskSupport_Module__startupDone__S)
                  00822f00    00000020     sysbios.lib : BIOS.obj (.text:ti_sysbios_family_c62_TaskSupport_checkStack__E)
                  00822f20    00000020     SharedMemory_pe66.oe66 (.text:ti_sysbios_family_c64p_Hwi_Params__init__S)
                  00822f40    00000020     sysbios.lib : BIOS.obj (.text:ti_sysbios_family_c64p_Hwi_clearInterrupt__E)
                  00822f60    00000020                 : BIOS.obj (.text:ti_sysbios_family_c64p_Hwi_getHandle__E)
                  00822f80    00000020                 : BIOS.obj (.text:ti_sysbios_family_c64p_Hwi_startup__E)
                  00822fa0    00000020                 : BIOS.obj (.text:ti_sysbios_family_c64p_Hwi_switchFromBootStack__E)
                  00822fc0    00000020                 : BIOS.obj (.text:ti_sysbios_family_c64p_Hwi_unPluggedInterrupt__I)
                  00822fe0    00000020                 : BIOS.obj (.text:ti_sysbios_family_c64p_tci6488_TimerSupport_enable__E)
                  00823000    00000020                 : BIOS.obj (.text:ti_sysbios_family_c66_Cache_inv__E)
                  00823020    00000020                 : BIOS.obj (.text:ti_sysbios_family_c66_Cache_wbInv__E)
                  00823040    00000020                 : BIOS.obj (.text:ti_sysbios_gates_GateAll_Instance_init__F)
                  00823060    00000020                 : BIOS.obj (.text:ti_sysbios_gates_GateAll_query__F)
                  00823080    00000020                 : BIOS.obj (.text:ti_sysbios_gates_GateHwi_Instance_init__F)
                  008230a0    00000020                 : BIOS.obj (.text:ti_sysbios_gates_GateHwi_enter__E)
                  008230c0    00000020                 : BIOS.obj (.text:ti_sysbios_gates_GateHwi_leave__E)
                  008230e0    00000020                 : BIOS.obj (.text:ti_sysbios_gates_GateHwi_query__F)
                  00823100    00000020                 : BIOS.obj (.text:ti_sysbios_gates_GateMutexPri_query__F)
                  00823120    00000020                 : BIOS.obj (.text:ti_sysbios_gates_GateMutex_query__F)
                  00823140    00000020                 : BIOS.obj (.text:ti_sysbios_gates_GateSwi_Instance_init__F)
                  00823160    00000020                 : BIOS.obj (.text:ti_sysbios_gates_GateSwi_query__F)
                  00823180    00000020     SharedMemory_pe66.oe66 (.text:ti_sysbios_hal_Hwi_HwiProxy_Module__startupDone__S)
                  008231a0    00000020     sysbios.lib : BIOS.obj (.text:ti_sysbios_hal_Hwi_Module_startup__F)
                  008231c0    00000020                 : BIOS.obj (.text:ti_sysbios_hal_Timer_Module_startup__F)
                  008231e0    00000020     SharedMemory_pe66.oe66 (.text:ti_sysbios_hal_Timer_TimerProxy_Module__startupDone__S)
                  00823200    00000020     SharedMemory_pe66.oe66 (.text:ti_sysbios_hal_Timer_TimerProxy_getExpiredCounts__E)
                  00823220    00000020     SharedMemory_pe66.oe66 (.text:ti_sysbios_hal_Timer_TimerProxy_getPeriod__E)
                  00823240    00000020     SharedMemory_pe66.oe66 (.text:ti_sysbios_hal_Timer_TimerProxy_setNextTick__E)
                  00823260    00000020     SharedMemory_pe66.oe66 (.text:ti_sysbios_heaps_HeapMem_Module_GateProxy_enter__E)
                  00823280    00000020     SharedMemory_pe66.oe66 (.text:ti_sysbios_heaps_HeapMem_Module_GateProxy_leave__E)
                  008232a0    00000020     sysbios.lib : BIOS.obj (.text:ti_sysbios_heaps_HeapMem_isBlocking__E)
                  008232c0    00000020     SharedMemory_pe66.oe66 (.text:ti_sysbios_knl_Clock_Params__init__S)
                  008232e0    00000020     sysbios.lib : BIOS.obj (.text:ti_sysbios_knl_Queue_Instance_init__F)
                  00823300    00000020     SharedMemory_pe66.oe66 (.text:ti_sysbios_knl_Queue_Object__get__S)
                  00823320    00000020     sysbios.lib : BIOS.obj (.text:ti_sysbios_knl_Queue_empty__E)
                  00823340    00000020     SharedMemory_pe66.oe66 (.text:ti_sysbios_knl_Semaphore_Params__init__S)
                  00823360    00000020     SharedMemory_pe66.oe66 (.text:ti_sysbios_knl_Swi_Params__init__S)
                  00823380    00000020     sysbios.lib : BIOS.obj (.text:ti_sysbios_knl_Swi_disable__E)
                  008233a0    00000020     SharedMemory_pe66.oe66 (.text:ti_sysbios_knl_Task_Object__first__S)
                  008233c0    00000020     SharedMemory_pe66.oe66 (.text:ti_sysbios_knl_Task_Object__next__S)
                  008233e0    00000020     SharedMemory_pe66.oe66 (.text:ti_sysbios_knl_Task_SupportProxy_Module__startupDone__S)
                  00823400    00000020     sysbios.lib : BIOS.obj (.text:ti_sysbios_knl_Task_disable__E)
                  00823420    00000020                 : BIOS.obj (.text:ti_sysbios_knl_Task_getPri__E)
                  00823440    00000020                 : BIOS.obj (.text:ti_sysbios_knl_Task_self__E)
                  00823460    00000020                 : BIOS.obj (.text:ti_sysbios_timers_timer64_Timer_setNextTick__E)
                  00823480    00000020     ti.targets.rts6000.ae66 : GateNull.oe66 (.text:xdc_runtime_GateNull_enter__F)
                  008234a0    00000020                             : GateNull.oe66 (.text:xdc_runtime_GateNull_leave__F)
                  008234c0    00000020                             : GateNull.oe66 (.text:xdc_runtime_GateNull_query__F)
                  008234e0    00000020                             : Gate.oe66 (.text:xdc_runtime_Gate_enterSystem__F)
                  00823500    00000020     SharedMemory_pe66.oe66 (.text:xdc_runtime_IHeap_alloc)
                  00823520    00000020     SharedMemory_pe66.oe66 (.text:xdc_runtime_IHeap_free)
                  00823540    00000020     SharedMemory_pe66.oe66 (.text:xdc_runtime_Memory_HeapProxy_alloc__E)
                  00823560    00000020     SharedMemory_pe66.oe66 (.text:xdc_runtime_Memory_HeapProxy_free__E)
                  00823580    00000020     ti.targets.rts6000.ae66 : Memory.oe66 (.text:xdc_runtime_Memory_getMaxDefaultTypeAlign__F)
                  008235a0    00000020     SharedMemory_pe66.oe66 (.text:xdc_runtime_Startup_Module__startupDone__S)
                  008235c0    00000020     SharedMemory_pe66.oe66 (.text:xdc_runtime_Startup_exec__I)
                  008235e0    00000020     SharedMemory_pe66.oe66 (.text:xdc_runtime_Startup_reset__I)
                  00823600    00000020     ti.targets.rts6000.ae66 : Startup.oe66 (.text:xdc_runtime_Startup_rtsDone__F)
                  00823620    00000020                             : SysStd.oe66 (.text:xdc_runtime_SysStd_exit__F)
                  00823640    00000020                             : SysStd.oe66 (.text:xdc_runtime_SysStd_putch__F)
                  00823660    00000020                             : SysStd.oe66 (.text:xdc_runtime_SysStd_ready__F)
                  00823680    00000020     SharedMemory_pe66.oe66 (.text:xdc_runtime_System_Module_GateProxy_enter__E)
                  008236a0    00000020     SharedMemory_pe66.oe66 (.text:xdc_runtime_System_Module_GateProxy_leave__E)
                  008236c0    00000020     ti.targets.rts6000.ae66 : System.oe66 (.text:xdc_runtime_System_Module_startup__F)
                  008236e0    00000020                             : System.oe66 (.text:xdc_runtime_System_exit__F)
                  00823700    00000020                             : System.oe66 (.text:xdc_runtime_System_lastFxn__I)
                  00823720    00000020                             : System.oe66 (.text:xdc_runtime_System_vsprintf__F)
                  00823740    00000020     SharedMemory_pe66.oe66 (.text:xdc_runtime_Text_visitRope__I)
                  00823760    00000020     SharedMemory_pe66.oe66 (.text:xdc_runtime_knl_GateThread_Module__startupDone__S)
                  00823780    00000020     SharedMemory_pe66.oe66 (.text:xdc_runtime_knl_GateThread_Proxy_Object__create__S)
                  008237a0    00000020     SharedMemory_pe66.oe66 (.text:xdc_runtime_knl_GateThread_Proxy_Object__delete__S)
                  008237c0    00000020     SharedMemory_pe66.oe66 (.text:xdc_runtime_knl_GateThread_Proxy_enter__E)
                  008237e0    00000020     SharedMemory_pe66.oe66 (.text:xdc_runtime_knl_GateThread_Proxy_leave__E)
                  00823800    00000020     ti.targets.rts6000.ae66 : GateThread.oe66 (.text:xdc_runtime_knl_GateThread_enter__F)
                  00823820    00000020                             : GateThread.oe66 (.text:xdc_runtime_knl_GateThread_leave__F)

.far       0    00823840    00009178     UNINITIALIZED
                  00823840    0000802c     SharedMemory_pe66.oe66 (.far)
                  0082b86c    00000004     --HOLE--
                  0082b870    00001000     SharedMemory_pe66.oe66 (.far:taskStackSection)
                  0082c870    00000140     rts6600_elf.lib : defs.obj (.far)
                  0082c9b0    00000008                     : trgdrv.obj (.far)

.fardata.1 
*          0    0082c9b8    00000008     
                  0082c9b8    00000008     rts6600_elf.lib : _lock.obj (.fardata)

.const     0    0082c9c0    00004046     
                  0082c9c0    00002566     SharedMemory_pe66.oe66 (.const:xdc_runtime_Text_charTab__A)
                  0082ef26    00000002     --HOLE-- [fill = 0]
                  0082ef28    0000042c     sysbios.lib : BIOS.obj (.const:.string)
                  0082f354    00000004     ti.targets.rts6000.ae66 : Assert.oe66 (.const:.string)
                  0082f358    00000400     SharedMemory_pe66.oe66 (.const:ti_sysbios_family_c66_Cache_marvalues__C)
                  0082f758    0000016c     SharedMemory_pe66.oe66 (.const:xdc_runtime_Text_nodeTab__A)
                  0082f8c4    000000d0     SharedMemory_pe66.oe66 (.const:.string)
                  0082f994    0000007c     SharedMemory.obj (.const:.string)
                  0082fa10    00000058     ti.targets.rts6000.ae66 : Error.oe66 (.const:.string)
                  0082fa68    00000040                             : Text.oe66 (.const:.string)
                  0082faa8    0000003c     SharedMemory_pe66.oe66 (.const:xdc_runtime_Startup_sfxnTab__A)
                  0082fae4    00000038     SharedMemory_pe66.oe66 (.const:ti_sdo_ipc_notifyDrivers_NotifyDriverShm_Module__FXNS__C)
                  0082fb1c    00000034     SharedMemory_pe66.oe66 (.const:ti_sdo_ipc_GateMP_Object__PARAMS__C)
                  0082fb50    00000034     SharedMemory_pe66.oe66 (.const:ti_sdo_ipc_notifyDrivers_NotifyDriverShm_Object__PARAMS__C)
                  0082fb84    00000030     SharedMemory_pe66.oe66 (.const:ti_sdo_ipc_heaps_HeapMemMP_Object__PARAMS__C)
                  0082fbb4    00000030     SharedMemory_pe66.oe66 (.const:ti_sysbios_family_c64p_Hwi_Object__PARAMS__C)
                  0082fbe4    0000002c     ti.targets.rts6000.ae66 : Startup.oe66 (.const:.string)
                  0082fc10    0000002c     SharedMemory_pe66.oe66 (.const:ti_sdo_ipc_ListMP_Object__PARAMS__C)
                  0082fc3c    0000002c     SharedMemory_pe66.oe66 (.const:ti_sdo_ipc_gates_GateHWSem_Module__FXNS__C)
                  0082fc68    0000002c     SharedMemory_pe66.oe66 (.const:ti_sdo_ipc_gates_GateMPSupportNull_Module__FXNS__C)
                  0082fc94    0000002c     SharedMemory_pe66.oe66 (.const:ti_sdo_ipc_gates_GatePeterson_Module__FXNS__C)
                  0082fcc0    00000028     SharedMemory_pe66.oe66 (.const:ti_sdo_ipc_heaps_HeapMemMP_Module__FXNS__C)
                  0082fce8    00000028     SharedMemory_pe66.oe66 (.const:ti_sdo_ipc_nsremote_NameServerRemoteNotify_Module__FXNS__C)
                  0082fd10    00000028     SharedMemory_pe66.oe66 (.const:ti_sdo_ipc_transports_TransportShm_Module__FXNS__C)
                  0082fd38    00000028     SharedMemory_pe66.oe66 (.const:ti_sdo_ipc_transports_TransportShm_Object__PARAMS__C)
                  0082fd60    00000028     SharedMemory_pe66.oe66 (.const:ti_sysbios_heaps_HeapMem_Module__FXNS__C)
                  0082fd88    00000028     SharedMemory_pe66.oe66 (.const:ti_sysbios_knl_Swi_Object__PARAMS__C)
                  0082fdb0    00000024     SharedMemory_pe66.oe66 (.const:ti_sdo_ipc_gates_GateHWSem_Object__PARAMS__C)
                  0082fdd4    00000024     SharedMemory_pe66.oe66 (.const:ti_sdo_ipc_gates_GateMPSupportNull_Object__PARAMS__C)
                  0082fdf8    00000024     SharedMemory_pe66.oe66 (.const:ti_sdo_ipc_gates_GatePeterson_Object__PARAMS__C)
                  0082fe1c    00000024     SharedMemory_pe66.oe66 (.const:ti_sysbios_gates_GateAll_Module__FXNS__C)
                  0082fe40    00000024     SharedMemory_pe66.oe66 (.const:ti_sysbios_gates_GateHwi_Module__FXNS__C)
                  0082fe64    00000024     SharedMemory_pe66.oe66 (.const:ti_sysbios_gates_GateMutexPri_Module__FXNS__C)
                  0082fe88    00000024     SharedMemory_pe66.oe66 (.const:ti_sysbios_gates_GateMutex_Module__FXNS__C)
                  0082feac    00000024     SharedMemory_pe66.oe66 (.const:ti_sysbios_gates_GateSwi_Module__FXNS__C)
                  0082fed0    00000024     SharedMemory_pe66.oe66 (.const:ti_sysbios_knl_Clock_Object__PARAMS__C)
                  0082fef4    00000024     SharedMemory_pe66.oe66 (.const:ti_sysbios_knl_Semaphore_Object__PARAMS__C)
                  0082ff18    00000024     SharedMemory_pe66.oe66 (.const:xdc_runtime_GateNull_Module__FXNS__C)
                  0082ff3c    00000024     SharedMemory_pe66.oe66 (.const:xdc_runtime_knl_GateThread_Module__FXNS__C)
                  0082ff60    00000020     ti.targets.rts6000.ae66 : Core-mem.oe66 (.const:.string)
                  0082ff80    00000020     SharedMemory_pe66.oe66 (.const:ti_sdo_ipc_GateMP_Object__DESC__C)
                  0082ffa0    00000020     SharedMemory_pe66.oe66 (.const:ti_sdo_ipc_ListMP_Object__DESC__C)
                  0082ffc0    00000020     SharedMemory_pe66.oe66 (.const:ti_sdo_ipc_Notify_Object__DESC__C)
                  0082ffe0    00000020     SharedMemory_pe66.oe66 (.const:ti_sdo_ipc_gates_GateHWSem_Object__DESC__C)
                  00830000    00000020     SharedMemory_pe66.oe66 (.const:ti_sdo_ipc_gates_GateMPSupportNull_Object__DESC__C)
                  00830020    00000020     SharedMemory_pe66.oe66 (.const:ti_sdo_ipc_gates_GatePeterson_Object__DESC__C)
                  00830040    00000020     SharedMemory_pe66.oe66 (.const:ti_sdo_ipc_heaps_HeapMemMP_Object__DESC__C)
                  00830060    00000020     SharedMemory_pe66.oe66 (.const:ti_sdo_ipc_notifyDrivers_NotifyDriverShm_Object__DESC__C)
                  00830080    00000020     SharedMemory_pe66.oe66 (.const:ti_sdo_ipc_nsremote_NameServerRemoteNotify_Object__DESC__C)
                  008300a0    00000020     SharedMemory_pe66.oe66 (.const:ti_sdo_ipc_nsremote_NameServerRemoteNotify_Object__PARAMS__C)
                  008300c0    00000020     SharedMemory_pe66.oe66 (.const:ti_sdo_ipc_transports_TransportShm_Object__DESC__C)
                  008300e0    00000020     SharedMemory_pe66.oe66 (.const:ti_sdo_utils_List_Object__DESC__C)
                  00830100    00000020     SharedMemory_pe66.oe66 (.const:ti_sysbios_family_c64p_Hwi_Object__DESC__C)
                  00830120    00000020     SharedMemory_pe66.oe66 (.const:ti_sysbios_gates_GateAll_Object__DESC__C)
                  00830140    00000020     SharedMemory_pe66.oe66 (.const:ti_sysbios_gates_GateHwi_Object__DESC__C)
                  00830160    00000020     SharedMemory_pe66.oe66 (.const:ti_sysbios_gates_GateMutexPri_Object__DESC__C)
                  00830180    00000020     SharedMemory_pe66.oe66 (.const:ti_sysbios_gates_GateMutex_Object__DESC__C)
                  008301a0    00000020     SharedMemory_pe66.oe66 (.const:ti_sysbios_gates_GateSwi_Object__DESC__C)
                  008301c0    00000020     SharedMemory_pe66.oe66 (.const:ti_sysbios_heaps_HeapMem_Object__DESC__C)
                  008301e0    00000020     SharedMemory_pe66.oe66 (.const:ti_sysbios_heaps_HeapMem_Object__PARAMS__C)
                  00830200    00000020     SharedMemory_pe66.oe66 (.const:ti_sysbios_knl_Clock_Object__DESC__C)
                  00830220    00000020     SharedMemory_pe66.oe66 (.const:ti_sysbios_knl_Queue_Object__DESC__C)
                  00830240    00000020     SharedMemory_pe66.oe66 (.const:ti_sysbios_knl_Semaphore_Object__DESC__C)
                  00830260    00000020     SharedMemory_pe66.oe66 (.const:ti_sysbios_knl_Swi_Object__DESC__C)
                  00830280    00000020     SharedMemory_pe66.oe66 (.const:ti_sysbios_xdcruntime_GateThreadSupport_Object__DESC__C)
                  008302a0    00000020     SharedMemory_pe66.oe66 (.const:xdc_runtime_GateNull_Object__DESC__C)
                  008302c0    00000020     SharedMemory_pe66.oe66 (.const:xdc_runtime_knl_GateThread_Object__DESC__C)
                  008302e0    0000001e     SharedMemory_pe66.oe66 (.const:xdc_runtime_Startup_sfxnRts__A)
                  008302fe    00000002     --HOLE-- [fill = 0]
                  00830300    00000018     SharedMemory_pe66.oe66 (.const:ti_sdo_ipc_Notify_Object__PARAMS__C)
                  00830318    00000018     SharedMemory_pe66.oe66 (.const:ti_sdo_utils_List_Object__PARAMS__C)
                  00830330    00000018     SharedMemory_pe66.oe66 (.const:ti_sysbios_gates_GateAll_Object__PARAMS__C)
                  00830348    00000018     SharedMemory_pe66.oe66 (.const:ti_sysbios_gates_GateHwi_Object__PARAMS__C)
                  00830360    00000018     SharedMemory_pe66.oe66 (.const:ti_sysbios_gates_GateMutexPri_Object__PARAMS__C)
                  00830378    00000018     SharedMemory_pe66.oe66 (.const:ti_sysbios_gates_GateMutex_Object__PARAMS__C)
                  00830390    00000018     SharedMemory_pe66.oe66 (.const:ti_sysbios_gates_GateSwi_Object__PARAMS__C)
                  008303a8    00000018     SharedMemory_pe66.oe66 (.const:ti_sysbios_knl_Queue_Object__PARAMS__C)
                  008303c0    00000018     SharedMemory_pe66.oe66 (.const:ti_sysbios_knl_Task_hooks__A)
                  008303d8    00000018     SharedMemory_pe66.oe66 (.const:ti_sysbios_xdcruntime_GateThreadSupport_Object__PARAMS__C)
                  008303f0    00000018     SharedMemory_pe66.oe66 (.const:xdc_runtime_GateNull_Object__PARAMS__C)
                  00830408    00000018     SharedMemory_pe66.oe66 (.const:xdc_runtime_knl_GateThread_Object__PARAMS__C)
                  00830420    00000011     ti.targets.rts6000.ae66 : System.oe66 (.const:digtohex)
                  00830431    00000003     --HOLE-- [fill = 0]
                  00830434    00000004     SharedMemory_pe66.oe66 (.const:ti_sdo_ipc_GateMP_A_invalidClose__C)
                  00830438    00000010     SharedMemory_pe66.oe66 (.const:ti_sdo_ipc_family_c647x_MultiProcSetup_procMap__A)
                  00830448    0000000c     SharedMemory_pe66.oe66 (.const:ti_sysbios_family_c66_Cache_initSize__C)
                  00830454    00000004     SharedMemory_pe66.oe66 (.const:ti_sdo_ipc_GateMP_A_invalidDelete__C)
                  00830458    0000000c     SharedMemory_pe66.oe66 (.const:xdc_runtime_Startup_firstFxns__A)
                  00830464    00000008     ti.targets.rts6000.ae66 : System.oe66 (.const:.string)
                  0083046c    00000008     SharedMemory_pe66.oe66 (.const:ti_sysbios_knl_Idle_funcList__C)
                  00830474    00000008     SharedMemory_pe66.oe66 (.const:ti_sysbios_knl_Task_hooks__C)
                  0083047c    00000008     SharedMemory_pe66.oe66 (.const:xdc_runtime_Startup_firstFxns__C)
                  00830484    00000008     SharedMemory_pe66.oe66 (.const:xdc_runtime_Startup_lastFxns__C)
                  0083048c    00000004     SharedMemory_pe66.oe66 (.const:ti_sdo_ipc_GateMP_E_gateUnavailable__C)
                  00830490    00000004     SharedMemory_pe66.oe66 (.const:ti_sdo_ipc_GateMP_E_localGate__C)
                  00830494    00000004     SharedMemory_pe66.oe66 (.const:ti_sdo_ipc_GateMP_LM_create__C)
                  00830498    00000004     SharedMemory_pe66.oe66 (.const:ti_sdo_ipc_GateMP_LM_delete__C)
                  0083049c    00000004     SharedMemory_pe66.oe66 (.const:ti_sdo_ipc_GateMP_LM_enter__C)
                  008304a0    00000004     SharedMemory_pe66.oe66 (.const:ti_sdo_ipc_GateMP_LM_leave__C)
                  008304a4    00000004     SharedMemory_pe66.oe66 (.const:ti_sdo_ipc_GateMP_LM_open__C)
                  008304a8    00000004     SharedMemory_pe66.oe66 (.const:ti_sdo_ipc_GateMP_Module__diagsEnabled__C)
                  008304ac    00000004     SharedMemory_pe66.oe66 (.const:ti_sdo_ipc_GateMP_Module__diagsIncluded__C)
                  008304b0    00000004     SharedMemory_pe66.oe66 (.const:ti_sdo_ipc_GateMP_Module__diagsMask__C)
                  008304b4    00000004     SharedMemory_pe66.oe66 (.const:ti_sdo_ipc_GateMP_Module__loggerFxn2__C)
                  008304b8    00000004     SharedMemory_pe66.oe66 (.const:ti_sdo_ipc_GateMP_Module__loggerFxn4__C)
                  008304bc    00000004     SharedMemory_pe66.oe66 (.const:ti_sdo_ipc_GateMP_Module__loggerObj__C)
                  008304c0    00000004     SharedMemory_pe66.oe66 (.const:ti_sdo_ipc_Ipc_A_addrNotCacheAligned__C)
                  008304c4    00000004     SharedMemory_pe66.oe66 (.const:ti_sdo_ipc_Ipc_A_addrNotInSharedRegion__C)
                  008304c8    00000004     SharedMemory_pe66.oe66 (.const:ti_sdo_ipc_Ipc_A_internal__C)
                  008304cc    00000004     SharedMemory_pe66.oe66 (.const:ti_sdo_ipc_Ipc_A_invArgument__C)
                  008304d0    00000004     SharedMemory_pe66.oe66 (.const:ti_sdo_ipc_Ipc_A_invParam__C)
                  008304d4    00000004     SharedMemory_pe66.oe66 (.const:ti_sdo_ipc_Ipc_A_nullArgument__C)
                  008304d8    00000004     SharedMemory_pe66.oe66 (.const:ti_sdo_ipc_Ipc_A_nullPointer__C)
                  008304dc    00000004     SharedMemory_pe66.oe66 (.const:ti_sdo_ipc_Ipc_E_internal__C)
                  008304e0    00000004     SharedMemory_pe66.oe66 (.const:ti_sdo_ipc_Ipc_E_nameFailed__C)
                  008304e4    00000004     SharedMemory_pe66.oe66 (.const:ti_sdo_ipc_Ipc_E_versionMismatch__C)
                  008304e8    00000004     SharedMemory_pe66.oe66 (.const:ti_sdo_ipc_Ipc_Module__diagsEnabled__C)
                  008304ec    00000004     SharedMemory_pe66.oe66 (.const:ti_sdo_ipc_Ipc_Module__diagsIncluded__C)
                  008304f0    00000004     SharedMemory_pe66.oe66 (.const:ti_sdo_ipc_Ipc_Module__diagsMask__C)
                  008304f4    00000004     SharedMemory_pe66.oe66 (.const:ti_sdo_ipc_Ipc_numUserFxns__C)
                  008304f8    00000004     SharedMemory_pe66.oe66 (.const:ti_sdo_ipc_Ipc_procSync__C)
                  008304fc    00000004     SharedMemory_pe66.oe66 (.const:ti_sdo_ipc_Ipc_userFxns__C)
                  00830500    00000004     SharedMemory_pe66.oe66 (.const:ti_sdo_ipc_ListMP_Module__diagsEnabled__C)
                  00830504    00000004     SharedMemory_pe66.oe66 (.const:ti_sdo_ipc_ListMP_Module__diagsIncluded__C)
                  00830508    00000004     SharedMemory_pe66.oe66 (.const:ti_sdo_ipc_ListMP_Module__diagsMask__C)
                  0083050c    00000004     SharedMemory_pe66.oe66 (.const:ti_sdo_ipc_MessageQ_A_invalidMsg__C)
                  00830510    00000004     SharedMemory_pe66.oe66 (.const:ti_sdo_ipc_MessageQ_A_invalidObj__C)
                  00830514    00000004     SharedMemory_pe66.oe66 (.const:ti_sdo_ipc_MessageQ_A_invalidQueueId__C)
                  00830518    00000004     SharedMemory_pe66.oe66 (.const:ti_sdo_ipc_MessageQ_A_procIdInvalid__C)
                  0083051c    00000004     SharedMemory_pe66.oe66 (.const:ti_sdo_ipc_MessageQ_A_unregisteredTransport__C)
                  00830520    00000004     SharedMemory_pe66.oe66 (.const:ti_sdo_ipc_MessageQ_Instance_State_highList__O)
                  00830524    00000004     SharedMemory_pe66.oe66 (.const:ti_sdo_ipc_MessageQ_Instance_State_normalList__O)
                  00830528    00000004     SharedMemory_pe66.oe66 (.const:ti_sdo_ipc_MessageQ_LM_putLocal__C)
                  0083052c    00000004     SharedMemory_pe66.oe66 (.const:ti_sdo_ipc_MessageQ_Module__diagsEnabled__C)
                  00830530    00000004     SharedMemory_pe66.oe66 (.const:ti_sdo_ipc_MessageQ_Module__diagsIncluded__C)
                  00830534    00000004     SharedMemory_pe66.oe66 (.const:ti_sdo_ipc_MessageQ_Module__diagsMask__C)
                  00830538    00000004     SharedMemory_pe66.oe66 (.const:ti_sdo_ipc_MessageQ_Module__loggerFxn4__C)
                  0083053c    00000004     SharedMemory_pe66.oe66 (.const:ti_sdo_ipc_MessageQ_Module__loggerObj__C)
                  00830540    00000004     SharedMemory_pe66.oe66 (.const:ti_sdo_ipc_MessageQ_Object__count__C)
                  00830544    00000004     SharedMemory_pe66.oe66 (.const:ti_sdo_ipc_Notify_A_alreadyRegistered__C)
                  00830548    00000004     SharedMemory_pe66.oe66 (.const:ti_sdo_ipc_Notify_A_internal__C)
                  0083054c    00000004     SharedMemory_pe66.oe66 (.const:ti_sdo_ipc_Notify_A_invArgument__C)
                  00830550    00000004     SharedMemory_pe66.oe66 (.const:ti_sdo_ipc_Notify_A_notRegistered__C)
                  00830554    00000004     SharedMemory_pe66.oe66 (.const:ti_sdo_ipc_Notify_A_reservedEvent__C)
                  00830558    00000004     SharedMemory_pe66.oe66 (.const:ti_sdo_ipc_Notify_Module__diagsEnabled__C)
                  0083055c    00000004     SharedMemory_pe66.oe66 (.const:ti_sdo_ipc_Notify_Module__diagsIncluded__C)
                  00830560    00000004     SharedMemory_pe66.oe66 (.const:ti_sdo_ipc_Notify_Module__diagsMask__C)
                  00830564    00000004     SharedMemory_pe66.oe66 (.const:ti_sdo_ipc_Notify_Module__gateObj__C)
                  00830568    00000004     SharedMemory_pe66.oe66 (.const:ti_sdo_ipc_Notify_Object__heap__C)
                  0083056c    00000004     SharedMemory_pe66.oe66 (.const:ti_sdo_ipc_Notify_numEvents__C)
                  00830570    00000004     SharedMemory_pe66.oe66 (.const:ti_sdo_ipc_Notify_sendEventPollCount__C)
                  00830574    00000004     SharedMemory_pe66.oe66 (.const:ti_sdo_ipc_SharedRegion_A_addrOutOfRange__C)
                  00830578    00000004     SharedMemory_pe66.oe66 (.const:ti_sdo_ipc_SharedRegion_A_idTooLarge__C)
                  0083057c    00000004     SharedMemory_pe66.oe66 (.const:ti_sdo_ipc_SharedRegion_A_noHeap__C)
                  00830580    00000004     SharedMemory_pe66.oe66 (.const:ti_sdo_ipc_SharedRegion_A_region0Invalid__C)
                  00830584    00000004     SharedMemory_pe66.oe66 (.const:ti_sdo_ipc_SharedRegion_A_regionInvalid__C)
                  00830588    00000004     SharedMemory_pe66.oe66 (.const:ti_sdo_ipc_SharedRegion_A_reserveTooMuch__C)
                  0083058c    00000004     SharedMemory_pe66.oe66 (.const:ti_sdo_ipc_SharedRegion_INVALIDSRPTR__C)
                  00830590    00000004     SharedMemory_pe66.oe66 (.const:ti_sdo_ipc_SharedRegion_Module__diagsEnabled__C)
                  00830594    00000004     SharedMemory_pe66.oe66 (.const:ti_sdo_ipc_SharedRegion_Module__diagsIncluded__C)
                  00830598    00000004     SharedMemory_pe66.oe66 (.const:ti_sdo_ipc_SharedRegion_Module__diagsMask__C)
                  0083059c    00000004     SharedMemory_pe66.oe66 (.const:ti_sdo_ipc_SharedRegion_cacheLineSize__C)
                  008305a0    00000004     SharedMemory_pe66.oe66 (.const:ti_sdo_ipc_SharedRegion_numOffsetBits__C)
                  008305a4    00000004     SharedMemory_pe66.oe66 (.const:ti_sdo_ipc_SharedRegion_offsetMask__C)
                  008305a8    00000004     SharedMemory_pe66.oe66 (.const:ti_sdo_ipc_family_c647x_Interrupt_INTERDSPINT__C)
                  008305ac    00000004     SharedMemory_pe66.oe66 (.const:ti_sdo_ipc_family_c647x_Interrupt_IPCAR0__C)
                  008305b0    00000004     SharedMemory_pe66.oe66 (.const:ti_sdo_ipc_family_c647x_Interrupt_IPCGR0__C)
[...]
0083063c   ti_sdo_ipc_interfaces_IGateMPSupport_Interface__BASE__C
00830640   ti_sdo_ipc_interfaces_IMessageQTransport_Interface__BASE__C
00830644   ti_sdo_ipc_interfaces_INotifyDriver_Interface__BASE__C
00830648   ti_sdo_ipc_notifyDrivers_NotifyDriverShm_Module__diagsEnabled__C
0083064c   ti_sdo_ipc_notifyDrivers_NotifyDriverShm_Module__diagsIncluded__C
00830650   ti_sdo_ipc_notifyDrivers_NotifyDriverShm_Module__diagsMask__C
00830654   ti_sdo_ipc_notifyDrivers_NotifyDriverShm_Object__heap__C
00830658   ti_sdo_ipc_nsremote_NameServerRemoteNotify_A_invalidValueLen__C
0083065c   ti_sdo_ipc_nsremote_NameServerRemoteNotify_Instance_State_semMultiBlock__O
00830660   ti_sdo_ipc_nsremote_NameServerRemoteNotify_Instance_State_semRemoteWait__O
00830664   ti_sdo_ipc_nsremote_NameServerRemoteNotify_Instance_State_swiObj__O
00830668   ti_sdo_ipc_nsremote_NameServerRemoteNotify_Module__diagsEnabled__C
0083066c   ti_sdo_ipc_nsremote_NameServerRemoteNotify_Module__diagsIncluded__C
00830670   ti_sdo_ipc_nsremote_NameServerRemoteNotify_Module__diagsMask__C
00830674   ti_sdo_ipc_nsremote_NameServerRemoteNotify_notifyEventId__C
00830678   ti_sdo_ipc_nsremote_NameServerRemoteNotify_timeout__C
0083067c   ti_sdo_ipc_transports_TransportShmSetup_priority__C
00830680   ti_sdo_ipc_transports_TransportShm_Instance_State_swiObj__O
00830684   ti_sdo_ipc_transports_TransportShm_Module__diagsEnabled__C
00830688   ti_sdo_ipc_transports_TransportShm_Module__diagsIncluded__C
0083068c   ti_sdo_ipc_transports_TransportShm_Module__diagsMask__C
00830690   ti_sdo_utils_INameServerRemote_Interface__BASE__C
00830694   ti_sdo_utils_MultiProc_A_invalidMultiProcId__C
00830698   ti_sdo_utils_MultiProc_Module__diagsEnabled__C
0083069c   ti_sdo_utils_MultiProc_Module__diagsIncluded__C
008306a0   ti_sdo_utils_MultiProc_Module__diagsMask__C
008306a4   ti_sdo_utils_NameServer_A_invArgument__C
008306a8   ti_sdo_utils_NameServer_A_invalidLen__C
008306ac   ti_sdo_utils_NameServer_E_entryExists__C
008306b0   ti_sdo_utils_NameServer_E_maxReached__C
008306b4   ti_sdo_utils_NameServer_Instance_State_freeList__O
008306b8   ti_sdo_utils_NameServer_Instance_State_nameList__O
008306bc   ti_sdo_utils_NameServer_Module__diagsEnabled__C
008306c0   ti_sdo_utils_NameServer_Module__diagsIncluded__C
008306c4   ti_sdo_utils_NameServer_Module__diagsMask__C
008306c8   ti_sdo_utils_NameServer_Object__count__C
008306cc   ti_sysbios_BIOS_Module__diagsEnabled__C
008306d0   ti_sysbios_BIOS_Module__diagsIncluded__C
008306d4   ti_sysbios_BIOS_Module__diagsMask__C
008306d8   ti_sysbios_BIOS_installedErrorHook__C
008306dc   ti_sysbios_family_c64p_Exception_E_exceptionMin__C
008306e0   ti_sysbios_family_c64p_Exception_exceptionHook__C
008306e4   ti_sysbios_family_c64p_Exception_externalHook__C
008306e8   ti_sysbios_family_c64p_Exception_internalHook__C
008306ec   ti_sysbios_family_c64p_Exception_nmiHook__C
008306f0   ti_sysbios_family_c64p_Hwi_E_alreadyDefined__C
008306f4   ti_sysbios_family_c64p_Hwi_E_handleNotFound__C
008306f8   ti_sysbios_family_c64p_Hwi_LD_end__C
008306fc   ti_sysbios_family_c64p_Hwi_LM_begin__C
00830700   ti_sysbios_family_c64p_Hwi_Module__diagsEnabled__C
00830704   ti_sysbios_family_c64p_Hwi_Module__diagsIncluded__C
00830708   ti_sysbios_family_c64p_Hwi_Module__diagsMask__C
0083070c   ti_sysbios_family_c64p_Hwi_Module__loggerFxn1__C
00830710   ti_sysbios_family_c64p_Hwi_Module__loggerFxn8__C
00830714   ti_sysbios_family_c64p_Hwi_Module__loggerObj__C
00830718   ti_sysbios_family_c66_Cache_Module__diagsEnabled__C
0083071c   ti_sysbios_family_c66_Cache_Module__diagsIncluded__C
00830720   ti_sysbios_family_c66_Cache_Module__diagsMask__C
00830724   ti_sysbios_family_c66_Cache_atomicBlockSize__C
00830728   ti_sysbios_gates_GateMutexPri_A_badContext__C
0083072c   ti_sysbios_gates_GateMutexPri_Instance_State_pendQ__O
00830730   ti_sysbios_gates_GateMutexPri_Module__diagsEnabled__C
00830734   ti_sysbios_gates_GateMutexPri_Module__diagsIncluded__C
00830738   ti_sysbios_gates_GateMutexPri_Module__diagsMask__C
0083073c   ti_sysbios_gates_GateMutex_A_badContext__C
00830740   ti_sysbios_gates_GateMutex_Instance_State_sem__O
00830744   ti_sysbios_gates_GateMutex_Module__diagsEnabled__C
00830748   ti_sysbios_gates_GateMutex_Module__diagsIncluded__C
0083074c   ti_sysbios_gates_GateMutex_Module__diagsMask__C
00830750   ti_sysbios_gates_GateSwi_A_badContext__C
00830754   ti_sysbios_gates_GateSwi_Module__diagsEnabled__C
00830758   ti_sysbios_gates_GateSwi_Module__diagsIncluded__C
0083075c   ti_sysbios_gates_GateSwi_Module__diagsMask__C
00830760   ti_sysbios_hal_Hwi_E_stackOverflow__C
00830764   ti_sysbios_heaps_HeapMem_A_align__C
00830768   ti_sysbios_heaps_HeapMem_A_heapSize__C
0083076c   ti_sysbios_heaps_HeapMem_A_invalidFree__C
00830770   ti_sysbios_heaps_HeapMem_A_zeroBlock__C
00830774   ti_sysbios_heaps_HeapMem_E_memory__C
00830778   ti_sysbios_heaps_HeapMem_Module__diagsEnabled__C
0083077c   ti_sysbios_heaps_HeapMem_Module__diagsIncluded__C
00830780   ti_sysbios_heaps_HeapMem_Module__diagsMask__C
00830784   ti_sysbios_heaps_HeapMem_Module__gateObj__C
00830788   ti_sysbios_heaps_HeapMem_Object__count__C
0083078c   ti_sysbios_heaps_HeapMem_reqAlignMask__C
00830790   ti_sysbios_heaps_HeapMem_reqAlign__C
00830794   ti_sysbios_knl_Clock_A_badThreadType__C
00830798   ti_sysbios_knl_Clock_LM_begin__C
0083079c   ti_sysbios_knl_Clock_LM_tick__C
008307a0   ti_sysbios_knl_Clock_LW_delayed__C
008307a4   ti_sysbios_knl_Clock_Module_State_clockQ__O
008307a8   ti_sysbios_knl_Clock_Module__diagsEnabled__C
008307ac   ti_sysbios_knl_Clock_Module__diagsIncluded__C
008307b0   ti_sysbios_knl_Clock_Module__diagsMask__C
008307b4   ti_sysbios_knl_Clock_Module__loggerFxn1__C
008307b8   ti_sysbios_knl_Clock_Module__loggerFxn2__C
008307bc   ti_sysbios_knl_Clock_Module__loggerObj__C
008307c0   ti_sysbios_knl_Clock_tickMode__C
008307c4   ti_sysbios_knl_Clock_tickSource__C
008307c8   ti_sysbios_knl_Idle_funcList__A
008307cc   ti_sysbios_knl_Semaphore_A_badContext__C
008307d0   ti_sysbios_knl_Semaphore_A_noEvents__C
008307d4   ti_sysbios_knl_Semaphore_Instance_State_pendQ__O
008307d8   ti_sysbios_knl_Semaphore_LM_pend__C
008307dc   ti_sysbios_knl_Semaphore_LM_post__C
008307e0   ti_sysbios_knl_Semaphore_Module__diagsEnabled__C
008307e4   ti_sysbios_knl_Semaphore_Module__diagsIncluded__C
008307e8   ti_sysbios_knl_Semaphore_Module__diagsMask__C
008307ec   ti_sysbios_knl_Semaphore_Module__loggerFxn2__C
008307f0   ti_sysbios_knl_Semaphore_Module__loggerFxn4__C
008307f4   ti_sysbios_knl_Semaphore_Module__loggerObj__C
008307f8   ti_sysbios_knl_Swi_A_badPriority__C
008307fc   ti_sysbios_knl_Swi_LD_end__C
00830800   ti_sysbios_knl_Swi_LM_begin__C
00830804   ti_sysbios_knl_Swi_LM_post__C
00830808   ti_sysbios_knl_Swi_Module__diagsEnabled__C
0083080c   ti_sysbios_knl_Swi_Module__diagsIncluded__C
00830810   ti_sysbios_knl_Swi_Module__diagsMask__C
00830814   ti_sysbios_knl_Swi_Module__loggerFxn1__C
00830818   ti_sysbios_knl_Swi_Module__loggerFxn4__C
0083081c   ti_sysbios_knl_Swi_Module__loggerObj__C
00830820   ti_sysbios_knl_Swi_Object__count__C
00830824   ti_sysbios_knl_Task_A_badPriority__C
00830828   ti_sysbios_knl_Task_E_spOutOfBounds__C
0083082c   ti_sysbios_knl_Task_E_stackOverflow__C
00830830   ti_sysbios_knl_Task_LD_block__C
00830834   ti_sysbios_knl_Task_LD_exit__C
00830838   ti_sysbios_knl_Task_LD_ready__C
0083083c   ti_sysbios_knl_Task_LM_setPri__C
00830840   ti_sysbios_knl_Task_LM_switch__C
00830844   ti_sysbios_knl_Task_LM_yield__C
00830848   ti_sysbios_knl_Task_Module_State_inactiveQ__O
0083084c   ti_sysbios_knl_Task_Module_State_terminatedQ__O
00830850   ti_sysbios_knl_Task_Module__diagsEnabled__C
00830854   ti_sysbios_knl_Task_Module__diagsIncluded__C
00830858   ti_sysbios_knl_Task_Module__diagsMask__C
0083085c   ti_sysbios_knl_Task_Module__loggerFxn2__C
00830860   ti_sysbios_knl_Task_Module__loggerFxn4__C
00830864   ti_sysbios_knl_Task_Module__loggerObj__C
00830868   ti_sysbios_knl_Task_Object__count__C
0083086c   ti_sysbios_knl_Task_allBlockedFunc__C
00830870   ti_sysbios_knl_Task_numConstructedTasks__C
00830874   ti_sysbios_knl_Task_numPriorities__C
00830878   ti_sysbios_timers_timer64_Timer_A_notAvailable__C
0083087c   ti_sysbios_timers_timer64_Timer_E_cannotSupport__C
00830880   ti_sysbios_timers_timer64_Timer_Module__diagsEnabled__C
00830884   ti_sysbios_timers_timer64_Timer_Module__diagsIncluded__C
00830888   ti_sysbios_timers_timer64_Timer_Module__diagsMask__C
0083088c   ti_sysbios_timers_timer64_Timer_anyMask__C
00830890   ti_sysbios_timers_timer64_Timer_freqDivisor__C
00830894   ti_sysbios_timers_timer64_Timer_numLocalTimers__C
00830898   ti_sysbios_timers_timer64_Timer_numTimerDevices__C
0083089c   ti_sysbios_xdcruntime_GateThreadSupport_Instance_State_gate__O
008308a0   xdc_runtime_Assert_E_assertFailed__C
008308a4   xdc_runtime_Core_A_initializedParams__C
008308a8   xdc_runtime_Core_Module__diagsEnabled__C
008308ac   xdc_runtime_Core_Module__diagsIncluded__C
008308b0   xdc_runtime_Core_Module__diagsMask__C
008308b4   xdc_runtime_Error_E_generic__C
008308b8   xdc_runtime_Error_E_memory__C
008308bc   xdc_runtime_Error_Module__diagsEnabled__C
008308c0   xdc_runtime_Error_Module__diagsIncluded__C
008308c4   xdc_runtime_Error_Module__diagsMask__C
008308c8   xdc_runtime_Error_Module__loggerFxn8__C
008308cc   xdc_runtime_Error_Module__loggerObj__C
008308d0   xdc_runtime_Error_policy__C
008308d4   xdc_runtime_Error_raiseHook__C
008308d8   xdc_runtime_IGateProvider_Interface__BASE__C
008308dc   xdc_runtime_IHeap_Interface__BASE__C
008308e0   xdc_runtime_IModule_Interface__BASE__C
008308e4   xdc_runtime_Log_L_error__C
008308e8   xdc_runtime_Memory_defaultHeapInstance__C
008308ec   xdc_runtime_Startup_execImpl__C
008308f0   xdc_runtime_Startup_lastFxns__A
008308f4   xdc_runtime_Startup_maxPasses__C
008308f8   xdc_runtime_Startup_sfxnRts__C
008308fc   xdc_runtime_Startup_sfxnTab__C
00830900   xdc_runtime_System_Module__gateObj__C
00830904   xdc_runtime_System_extendFxn__C
00830908   xdc_runtime_System_maxAtexitHandlers__C
0083090c   xdc_runtime_Text_charTab__C
00830910   xdc_runtime_Text_nameEmpty__C
00830914   xdc_runtime_Text_nameStatic__C
00830918   xdc_runtime_Text_nameUnknown__C
0083091c   xdc_runtime_Text_nodeTab__C
00830920   xdc_runtime_Text_visitRopeFxn__C
00830924   ti_sdo_ipc_GateMP_Module__id__C
00830928   ti_sdo_ipc_GateMP_Module__loggerDefined__C
0083092c   ti_sdo_ipc_Ipc_Module__id__C
00830930   ti_sdo_ipc_Ipc_generateSlaveDataForHost__C
00830934   ti_sdo_ipc_ListMP_Module__id__C
00830938   ti_sdo_ipc_MessageQ_Module__id__C
0083093c   ti_sdo_ipc_MessageQ_Module__loggerDefined__C
00830940   ti_sdo_ipc_Notify_Module__id__C
00830944   ti_sdo_ipc_Notify_numLines__C
00830948   ti_sdo_ipc_Notify_reservedEvents__C
0083094c   ti_sdo_ipc_SharedRegion_Module__id__C
00830950   ti_sdo_ipc_SharedRegion_numEntries__C
00830954   ti_sdo_ipc_SharedRegion_translate__C
00830958   ti_sdo_ipc_family_c647x_Interrupt_enableKick__C
0083095c   ti_sdo_ipc_family_c647x_MultiProcSetup_Module__id__C
00830960   ti_sdo_ipc_gates_GateHWSem_Module__id__C
00830964   ti_sdo_ipc_gates_GateMPSupportNull_Module__id__C
00830968   ti_sdo_ipc_gates_GatePeterson_Module__id__C
0083096c   ti_sdo_ipc_heaps_HeapMemMP_Module__id__C
00830970   ti_sdo_ipc_notifyDrivers_NotifyDriverShm_Module__id__C
00830974   ti_sdo_ipc_nsremote_NameServerRemoteNotify_Module__id__C
00830978   ti_sdo_ipc_transports_TransportShm_Module__id__C
0083097c   ti_sdo_ipc_transports_TransportShm_notifyEventId__C
00830980   ti_sdo_utils_MultiProc_Module__id__C
00830984   ti_sdo_utils_MultiProc_numProcessors__C
00830988   ti_sdo_utils_MultiProc_numProcsInCluster__C
0083098c   ti_sdo_utils_NameServer_Module__id__C
00830990   ti_sysbios_BIOS_Module__id__C
00830994   ti_sysbios_family_c64p_Exception_Module__id__C
00830998   ti_sysbios_family_c64p_Hwi_Module__id__C
0083099c   ti_sysbios_family_c64p_Hwi_Module__loggerDefined__C
008309a0   ti_sysbios_family_c66_Cache_Module__id__C
008309a4   ti_sysbios_gates_GateMutexPri_Module__id__C
008309a8   ti_sysbios_gates_GateMutex_Module__id__C
008309ac   ti_sysbios_gates_GateSwi_Module__id__C
008309b0   ti_sysbios_hal_Hwi_Module__id__C
008309b4   ti_sysbios_heaps_HeapMem_Module__id__C
008309b8   ti_sysbios_knl_Clock_Module__id__C
008309bc   ti_sysbios_knl_Clock_Module__loggerDefined__C
008309c0   ti_sysbios_knl_Semaphore_Module__id__C
008309c4   ti_sysbios_knl_Semaphore_Module__loggerDefined__C
008309c8   ti_sysbios_knl_Swi_Module__id__C
008309cc   ti_sysbios_knl_Swi_Module__loggerDefined__C
008309d0   ti_sysbios_knl_Task_Module__id__C
008309d4   ti_sysbios_knl_Task_Module__loggerDefined__C
008309d8   ti_sysbios_knl_Task_deleteTerminatedTasks__C
008309dc   ti_sysbios_knl_Task_initStackFlag__C
008309e0   ti_sysbios_timers_timer64_Timer_Module__id__C
008309e4   ti_sysbios_timers_timer64_Timer_startupNeeded__C
008309e8   xdc_runtime_Core_Module__id__C
008309ec   xdc_runtime_Error_Module__loggerDefined__C
008309f0   xdc_runtime_Error_maxDepth__C
008309f4   xdc_runtime_Memory_Module__id__C
008309f8   xdc_runtime_Text_charCnt__C
008309fc   xdc_runtime_Text_isLoaded__C
00830a00   xdc_runtime_Text_registryModsLastId__C
00830a04   xdc_runtime_Text_unnamedModsLastId__C
00830a08   ti_sdo_ipc_GateMP_Module_State_0_remoteCustom1Gates__A
00831208   ti_sdo_ipc_GateMP_Module__root__V
00831210   ti_sdo_ipc_GateMP_Module__state__V
00831258   ti_sdo_ipc_Ipc_Module__state__V
00831264   ti_sdo_ipc_ListMP_Module__root__V
0083126c   ti_sdo_ipc_ListMP_Module__state__V
00831270   ti_sdo_ipc_MessageQ_Module__root__V
00831278   ti_sdo_ipc_MessageQ_Module__state__V
00831294   ti_sdo_ipc_Notify_Module__root__V
0083129c   ti_sdo_ipc_Notify_Module__state__V
008312a4   ti_sdo_ipc_SharedRegion_Module__state__V
008312a8   ti_sdo_ipc_family_c647x_Interrupt_Module__state__V
008312b0   ti_sdo_ipc_gates_GateHWSem_Module__root__V
008312b8   ti_sdo_ipc_gates_GateMPSupportNull_Module__root__V
008312c0   ti_sdo_ipc_gates_GatePeterson_Module__root__V
008312c8   ti_sdo_ipc_heaps_HeapBufMP_Module__root__V
008312d0   ti_sdo_ipc_heaps_HeapBufMP_Module__state__V
008312d4   ti_sdo_ipc_heaps_HeapMemMP_Module__root__V
008312dc   ti_sdo_ipc_heaps_HeapMemMP_Module__state__V
008312e0   ti_sdo_ipc_notifyDrivers_NotifyDriverShm_Module__root__V
008312e8   ti_sdo_ipc_nsremote_NameServerRemoteNotify_Module__root__V
008312f0   ti_sdo_ipc_transports_TransportShm_Module__root__V
008312f8   ti_sdo_ipc_transports_TransportShmSetup_Module__state__V
008312fc   ti_sdo_utils_List_Module__root__V
00831304   ti_sdo_utils_MultiProc_Module__state__V
00831308   ti_sdo_utils_NameServer_Module__root__V
00831310   ti_sdo_utils_NameServer_Module__state__V
00831318   ti_sdo_utils_NameServerRemoteNull_Module__root__V
00831320   ti_sysbios_BIOS_Module__state__V
0083133c   ti_sysbios_family_c64p_Exception_Module__state__V
00831368   ti_sysbios_family_c64p_Hwi_Module__root__V
00831370   ti_sysbios_family_c64p_Hwi_Module__state__V
008313d8   ti_sysbios_gates_GateAll_Module__root__V
008313e0   ti_sysbios_gates_GateHwi_Module__root__V
008313e8   ti_sysbios_gates_GateMutex_Module__root__V
008313f0   ti_sysbios_gates_GateMutexPri_Module__root__V
008313f8   ti_sysbios_gates_GateSwi_Module__root__V
00831400   ti_sysbios_hal_Hwi_Module__root__V
00831408   ti_sysbios_hal_Timer_Module__root__V
00831410   ti_sysbios_heaps_HeapMem_Module__root__V
00831418   ti_sysbios_knl_Clock_Module__root__V
00831420   ti_sysbios_knl_Clock_Module__state__V
0083144c   ti_sysbios_knl_Queue_Module__root__V
00831454   ti_sysbios_knl_Semaphore_Module__root__V
0083145c   ti_sysbios_knl_Swi_Module__root__V
00831464   ti_sysbios_knl_Swi_Module__state__V
00831480   ti_sysbios_knl_Task_Module__root__V
00831488   ti_sysbios_knl_Task_Module__state__V
008314bc   ti_sysbios_syncs_SyncSem_Module__root__V
008314c4   ti_sysbios_timers_timer64_Timer_Module__root__V
008314cc   ti_sysbios_timers_timer64_Timer_Module__state__V
008314e0   ti_sysbios_xdcruntime_GateThreadSupport_Module__root__V
008314e8   xdc_runtime_Error_Module__state__V
008314ec   xdc_runtime_GateNull_Module__root__V
008314f4   xdc_runtime_Memory_Module__state__V
008314f8   xdc_runtime_Registry_Module__state__V
00831500   xdc_runtime_Startup_Module__state__V
00831508   xdc_runtime_System_Module__state__V
00831514   xdc_runtime_Text_Module__state__V
0083151c   xdc_runtime_knl_GateThread_Module__root__V
00831524   __xdc__init__addr
00831528   _ftable
00831708   ti_sysbios_timers_timer64_Timer_Module_State_0_device__A
00831888   ti_sdo_utils_NameServer_Object__table__V
00831a40   ti_sdo_ipc_Ipc_Module_State_0_procEntry__A
00831ae0   ti_sdo_ipc_SharedRegion_Module_State_0_regions__A
00831b70   ti_sysbios_knl_Task_Object__table__V
00831bb4   TSK_idle
00831bf8   ti_sdo_ipc_GateMP_Module_State_0_remoteSystemGates__A
00831c78   ti_sysbios_knl_Swi_Module_State_0_readyQ__A
00831cf8   ti_sysbios_knl_Task_Module_State_0_readyQ__A
00831d78   ti_sysbios_timers_timer64_Timer_Module_State_0_gctrl__A
00831df8   ti_sysbios_timers_timer64_Timer_Module_State_0_handles__A
00831e78   ti_sysbios_timers_timer64_Timer_Module_State_0_intFreqs__A
00831f70   ti_sysbios_timers_timer64_Timer_Object__table__V
00831fbc   _ft_end
00831fc0   ti_sdo_ipc_MessageQ_Module_State_0_transports__A
00832000   ti_sdo_ipc_family_c647x_Interrupt_Module_State_0_fxnTable__A
00832040   ti_sysbios_gates_GateMutex_Object__table__V
00832080   ti_sysbios_knl_Swi_Object__table__V
008320b0   ti_sdo_ipc_MessageQ_Module_State_0_heaps__A
008320d0   ti_sdo_ipc_Notify_Module_State_0_notifyHandles__A
008320f0   ti_sdo_ipc_transports_TransportShmSetup_Module_State_0_handles__A
00832110   xdc_runtime_System_Module_State_0_atexitHandlers__A
00832130   ti_sysbios_family_c64p_Hwi_Object__table__V
00832148   ti_sysbios_gates_GateMutexPri_Object__table__V
00832160   ti_sysbios_knl_Semaphore_Object__table__V
00832178   ti_sysbios_heaps_HeapMem_Object__table__V
00832190   ti_sysbios_gates_GateAll_Object__table__V
008321a0   _cleanup_ptr
008321a4   _dtors_ptr
008321a8   __TI_enable_exit_profile_output
008321b0   ti_sysbios_gates_GateSwi_Object__table__V
008321c0   ti_sysbios_hal_Hwi_Object__table__V
008321c8   ti_sysbios_hal_Timer_Object__table__V
008321d0   ti_sdo_ipc_GateMP_Module_State_0_remoteCustom2Gates__A
008321d8   ti_sdo_ipc_Notify_Module_State_0_notifyHandles_0__A
008321e0   ti_sdo_ipc_Notify_Module_State_0_notifyHandles_1__A
008321e8   ti_sdo_ipc_Notify_Module_State_0_notifyHandles_2__A
008321f0   ti_sdo_ipc_Notify_Module_State_0_notifyHandles_3__A
008321f8   ti_sdo_ipc_Notify_Module_State_0_notifyHandles_4__A
00832200   ti_sdo_ipc_Notify_Module_State_0_notifyHandles_5__A
00832208   ti_sdo_ipc_Notify_Module_State_0_notifyHandles_6__A
00832210   ti_sdo_ipc_Notify_Module_State_0_notifyHandles_7__A
00832218   ti_sysbios_gates_GateHwi_Object__table__V
00832220   xdc_runtime_GateNull_Object__table__V
00832228   _stack
00833228   __CIOBUF_
00833228   __TI_STACK_END
00833358   __TI_STATIC_BASE
00833358   inBuf_srptr
0083335c   Ipc_sr0MemorySetup
00833360   inBuf
00833364   semHandle
00833400   ti_sysbios_family_c64p_Hwi0
00833420   ti_sysbios_family_c64p_Hwi1
00833440   ti_sysbios_family_c64p_Hwi2
00833460   ti_sysbios_family_c64p_Hwi3
00833480   ti_sysbios_family_c64p_Hwi4
008334a0   ti_sysbios_family_c64p_Hwi5
008334c0   ti_sysbios_family_c64p_Hwi6
008334e0   ti_sysbios_family_c64p_Hwi7
00833500   ti_sysbios_family_c64p_Hwi8
00833520   ti_sysbios_family_c64p_Hwi9
00833540   ti_sysbios_family_c64p_Hwi10
00833560   ti_sysbios_family_c64p_Hwi11
00833580   ti_sysbios_family_c64p_Hwi12
008335a0   ti_sysbios_family_c64p_Hwi13
008335c0   ti_sysbios_family_c64p_Hwi14
008335e0   ti_sysbios_family_c64p_Hwi15
00833e6c   __TI_Handler_Table_Base
00833e78   __TI_Handler_Table_Limit
00833ea0   __TI_CINIT_Base
00833ed0   __TI_CINIT_Limit
ffffffff   __TI_pprof_out_hndl
ffffffff   __TI_prof_data_size
ffffffff   __TI_prof_data_start
ffffffff   __binit__
ffffffff   __c_args__
ffffffff   binit
UNDEFED    __TI_INITARRAY_Base
UNDEFED    __TI_INITARRAY_Limit

[1259 symbols]
