******************************************************************************
               TMS320C6x Linker PC v7.3.5                      
******************************************************************************
>> Linked Fri Aug 24 14:02:45 2012

OUTPUT FILE NAME:   <vlfft_evmc6670l.out>
ENTRY POINT SYMBOL: "_c_int00"  address: 822330e0


MEMORY CONFIGURATION

         name            origin    length      used     unused   attr    fill
----------------------  --------  ---------  --------  --------  ----  --------
  L2SRAM                00800000   00026000  00025000  00001000  RW X
  L2SRAM_1              00826000   0005a000  0005a000  00000000  RW X
  MSMCSRAM              0c000000   00200000  00200000  00000000  RW X
  MSMCSRAM_1            0c200000   00100000  00000000  00100000  RW X
  MSMCSRAM_2            0c300000   00100000  00000000  00100000  RW X
  DDR                   80000000   00200000  00000000  00200000  RW X
  DDR_1                 80200000   04000000  0203abe0  01fc5420  RW X


SEGMENT ALLOCATION MAP

run origin  load origin   length   init length attrs members
----------  ----------- ---------- ----------- ----- -------
00800000    00800000    00008014   00000000    rw-
  00800000    00800000    00008014   00000000    rw- .far.1
00808020    00808020    0000f598   00000000    rw-
  00808020    00808020    0000f598   00000000    rw- .far.2
008175c0    008175c0    00000096   00000000    rw-
  008175c0    008175c0    00000096   00000000    rw- .far.3
00817660    00817660    00004948   00004948    rw-
  00817660    00817660    00004948   00004948    rw- .fardata.1
0081bfb0    0081bfb0    000003e8   000003e8    rw-
  0081bfb0    0081bfb0    000003e8   000003e8    rw- .fardata.2
0081c3a0    0081c3a0    00000078   00000078    rw-
  0081c3a0    0081c3a0    00000078   00000078    rw- .fardata.3
0081c420    0081c420    00000068   00000068    rw-
  0081c420    0081c420    00000068   00000068    rw- .fardata.4
0081c490    0081c490    00000518   00000518    rw-
  0081c490    0081c490    00000518   00000518    rw- .fardata.5
0081c9b0    0081c9b0    00000018   00000018    rw-
  0081c9b0    0081c9b0    00000018   00000018    rw- .fardata.6
0081c9d0    0081c9d0    00000014   00000014    rw-
  0081c9d0    0081c9d0    00000014   00000014    rw- .fardata.7
0081c9f0    0081c9f0    00000098   00000098    rw-
  0081c9f0    0081c9f0    00000098   00000098    rw- .fardata.8
0081ca90    0081ca90    00000008   00000008    rw-
  0081ca90    0081ca90    00000008   00000008    rw- .fardata.9
0081caa0    0081caa0    00000004   00000004    rw-
  0081caa0    0081caa0    00000004   00000004    rw- .fardata.10
0081cab0    0081cab0    00000004   00000004    rw-
  0081cab0    0081cab0    00000004   00000004    rw- .fardata.11
0081cac0    0081cac0    00000004   00000004    rw-
  0081cac0    0081cac0    00000004   00000004    rw- .fardata.12
0081cad0    0081cad0    00000004   00000004    rw-
  0081cad0    0081cad0    00000004   00000004    rw- .fardata.13
0081cae0    0081cae0    00000004   00000004    rw-
  0081cae0    0081cae0    00000004   00000004    rw- .fardata.14
0081caf0    0081caf0    00000004   00000004    rw-
  0081caf0    0081caf0    00000004   00000004    rw- .fardata.15
0081cb00    0081cb00    00000004   00000004    rw-
  0081cb00    0081cb00    00000004   00000004    rw- .fardata.16
0081cb10    0081cb10    00004aae   00004aae    r--
  0081cb10    0081cb10    00004aae   00004aae    r-- .const
008215c0    008215c0    00001120   00000000    rw-
  008215c0    008215c0    00001000   00000000    rw- .stack
  008225c0    008225c0    00000120   00000000    rw- .cio
008226e0    008226e0    000000d0   000000d0    r--
  008226e0    008226e0    000000d0   000000d0    r-- .switch
008227b0    008227b0    00000010   00000000    rw-
  008227b0    008227b0    00000010   00000000    rw- .bss
008227c0    008227c0    00000032   00000032    rw-
  008227c0    008227c0    00000032   00000032    rw- .neardata
008227f4    008227f4    00000008   00000008    r--
  008227f4    008227f4    00000008   00000008    r-- .rodata
008227fc    008227fc    000028c4   000028c4    r--
  008227fc    008227fc    000028c4   000028c4    r-- .cinit
00826000    00826000    0005a000   00000000    rw-
  00826000    00826000    0005a000   00000000    rw- .internalMEM
80200000    80200000    02000000   00000000    rw-
  80200000    80200000    02000000   00000000    rw- .externalMEM
82200000    82200000    0003a9e0   0003a9e0    r-x
  82200000    82200000    0003a9e0   0003a9e0    r-x .text
8223ac00    8223ac00    00000200   00000200    r-x
  8223ac00    8223ac00    00000200   00000200    r-x .vecs


SECTION ALLOCATION MAP

 output                                  attributes/
section   page    origin      length       input sections
--------  ----  ----------  ----------   ----------------
.init_array 
*          0    00800000    00000000     UNINITIALIZED

xdc.meta   0    00800000    00000148     COPY SECTION
                  00800000    00000148     vlfft_evmc6670l_pe66.oe66 (xdc.meta)

.far.1     0    00800000    00008014     UNINITIALIZED
                  00800000    00008014     vlfft_evmc6670l_pe66.oe66 (.far)

.far.2     0    00808020    0000f598     UNINITIALIZED
                  00808020    000079f0     edma3_lld_drv.ae66 : edma3_drv_init.oe66 (.far)
                  0080fa10    00004970     edma3_lld_rm.ae66 : edma3resmgr.oe66 (.far)
                  00814380    00002820                       : edma3_rm_gbl_data.oe66 (.far)
                  00816ba0    00000800     vlfft_evmc6670l_pe66.oe66 (.far:taskStackSection)
                  008173a0    00000140     rts6600_elf.lib : defs.obj (.far)
                  008174e0    000000d8                     : trgdrv.obj (.far)

.far.3     0    008175c0    00000096     UNINITIALIZED
                  008175c0    00000096     vlfftApps.obj (.far)

.fardata.1 
*          0    00817660    00004948     
                  00817660    00000fc0     edma3_lld_rm.ae66 : edma3_c6678_cfg.oe66 (.fardata:defInstInitConfig)
                  00818620    00000fc0     edma3_lld_drv_sample.ae66 : sample_c6678_cfg.oe66 (.fardata:sampleInstInitConfig)
                  008195e0    00000888     edma3_lld_rm.ae66 : edma3_c6678_cfg.oe66 (.fardata:edma3GblCfgParams)
                  00819e68    00000008     rts6600_elf.lib : _lock.obj (.fardata)
                  00819e70    00000888     edma3_lld_drv_sample.ae66 : sample_c6678_cfg.oe66 (.fardata:sampleEdma3GblCfgParams)
                  0081a6f8    00000004     rts6600_elf.lib : defs.obj (.fardata)
                  0081a6fc    00000004                     : dtor_list.obj (.fardata)
                  0081a700    00000800     vlfft_evmc6670l_pe66.oe66 (.fardata:ti_sdo_ipc_GateMP_Module_State_0_remoteCustom1Gates__A)
                  0081af00    0000072c     vlfft_evmc6670l_pe66.oe66 (.fardata)
                  0081b62c    00000004     --HOLE--
                  0081b630    00000680     vlfft_evmc6670l_pe66.oe66 (.fardata:ti_sysbios_family_c66_tci66xx_CpIntc_Module_State_0_dispatchTab__A)
                  0081bcb0    000001e0     rts6600_elf.lib : defs.obj (.fardata:_ftable)
                  0081be90    00000118     vlfft_evmc6670l_pe66.oe66 (.fardata:ti_sdo_utils_NameServer_Object__table__V)

.fardata.2 
*          0    0081bfb0    000003e8     
                  0081bfb0    000000c0     vlfft_evmc6670l_pe66.oe66 (.fardata:ti_sysbios_timers_timer64_Timer_Module_State_0_device__A)
                  0081c070    000000a0     rts6600_elf.lib : lowlev.obj (.fardata:_stream)
                  0081c110    00000090     vlfft_evmc6670l_pe66.oe66 (.fardata:ti_sdo_ipc_SharedRegion_Module_State_0_regions__A)
                  0081c1a0    00000080     vlfft_evmc6670l_pe66.oe66 (.fardata:ti_sdo_ipc_GateMP_Module_State_0_remoteSystemGates__A)
                  0081c220    00000080     vlfft_evmc6670l_pe66.oe66 (.fardata:ti_sysbios_knl_Swi_Module_State_0_readyQ__A)
                  0081c2a0    00000080     vlfft_evmc6670l_pe66.oe66 (.fardata:ti_sysbios_knl_Task_Module_State_0_readyQ__A)
                  0081c320    00000078     rts6600_elf.lib : lowlev.obj (.fardata:_device)

.fardata.3 
*          0    0081c3a0    00000078     
                  0081c3a0    00000078     vlfft_evmc6670l_pe66.oe66 (.fardata:ti_sysbios_family_c64p_Hwi_Object__table__V)

.fardata.4 
*          0    0081c420    00000068     
                  0081c420    00000068     vlfft_evmc6670l_pe66.oe66 (.fardata:ti_sysbios_family_c66_tci66xx_CpIntc_Module_State_0_hostIntToSysInt__A)

.fardata.5 
*          0    0081c490    00000518     
                  0081c490    00000060     edma3_lld_drv_sample.ae66 : sample_c6678_cfg.oe66 (.fardata:ccXferCompInt)
                  0081c4f0    00000060                               : sample_c6678_int_reg.oe66 (.fardata:ccXferHostInt)
                  0081c550    00000060                               : sample_c6678_int_reg.oe66 (.fardata:edma3ErrHostInt)
                  0081c5b0    00000060                               : sample_c6678_cfg.oe66 (.fardata:tcErrorInt)
                  0081c610    00000050     vlfft_evmc6670l_pe66.oe66 (.fardata:ti_sdo_ipc_Ipc_Module_State_0_procEntry__A)
                  0081c660    0000004c     vlfft_evmc6670l_pe66.oe66 (.fardata:ti_sysbios_timers_timer64_Timer_Object__table__V)
                  0081c6ac    00000004     --HOLE--
                  0081c6b0    00000044     vlfft_evmc6670l_pe66.oe66 (.fardata:ti_sysbios_knl_Task_Object__table__V)
                  0081c6f4    0000000c     rts6600_elf.lib : exit.obj (.fardata)
                  0081c700    00000040                     : cos.obj (.fardata:R$1)
                  0081c740    00000040                     : sin.obj (.fardata:R$1)
                  0081c780    00000040     vlfft_evmc6670l_pe66.oe66 (.fardata:ti_sysbios_gates_GateMutex_Object__table__V)
                  0081c7c0    00000040     vlfft_evmc6670l_pe66.oe66 (.fardata:ti_sysbios_timers_timer64_Timer_Module_State_0_gctrl__A)
                  0081c800    00000040     vlfft_evmc6670l_pe66.oe66 (.fardata:ti_sysbios_timers_timer64_Timer_Module_State_0_handles__A)
                  0081c840    00000040     vlfft_evmc6670l_pe66.oe66 (.fardata:ti_sysbios_timers_timer64_Timer_Module_State_0_intFreqs__A)
                  0081c880    00000030     vlfft_evmc6670l_pe66.oe66 (.fardata:ti_sysbios_knl_Swi_Object__table__V)
                  0081c8b0    00000020     edma3_lld_drv_sample.ae66 : sample_c6678_cfg.oe66 (.fardata:gblCfgReqdArray)
                  0081c8d0    00000020                               : sample_c6678_int_reg.oe66 (.fardata:ptrEdma3TcIsrHandler)
                  0081c8f0    00000020     vlfft_evmc6670l_pe66.oe66 (.fardata:ti_sdo_ipc_MessageQ_Module_State_0_heaps__A)
                  0081c910    00000020     vlfft_evmc6670l_pe66.oe66 (.fardata:ti_sdo_ipc_MessageQ_Module_State_0_transports__A)
                  0081c930    00000020     vlfft_evmc6670l_pe66.oe66 (.fardata:ti_sdo_ipc_family_c647x_Interrupt_Module_State_0_fxnTable__A)
                  0081c950    00000020     vlfft_evmc6670l_pe66.oe66 (.fardata:xdc_runtime_System_Module_State_0_atexitHandlers__A)
                  0081c970    0000001c     vlfft_evmc6670l_pe66.oe66 (.fardata:ti_sysbios_family_c66_tci66xx_CpIntc_Module_State_0_initSIER__A)
                  0081c98c    00000004     --HOLE--
                  0081c990    00000018     edma3_lld_rm.ae66 : edma3resmgr.oe66 (.fardata:allocatedTCCs)

.fardata.6 
*          0    0081c9b0    00000018     
                  0081c9b0    00000018     vlfft_evmc6670l_pe66.oe66 (.fardata:ti_sysbios_gates_GateMutexPri_Object__table__V)

.fardata.7 
*          0    0081c9d0    00000014     
                  0081c9d0    00000014     vlfft_evmc6670l_pe66.oe66 (.fardata:ti_sysbios_heaps_HeapMem_Object__table__V)

.fardata.8 
*          0    0081c9f0    00000098     
                  0081c9f0    00000010     vlfft_evmc6670l_pe66.oe66 (.fardata:ti_sdo_ipc_Notify_Module_State_0_notifyHandles__A)
                  0081ca00    00000010     vlfft_evmc6670l_pe66.oe66 (.fardata:ti_sdo_ipc_transports_TransportShmNotifySetup_Module_State_0_handles__A)
                  0081ca10    00000010     vlfft_evmc6670l_pe66.oe66 (.fardata:ti_sysbios_gates_GateAll_Object__table__V)
                  0081ca20    0000000c     edma3_lld_drv_sample.ae66 : sample_c6678_cfg.oe66 (.fardata:ccErrorInt)
                  0081ca2c    00000004     --HOLE--
                  0081ca30    0000000c     edma3_lld_rm.ae66 : edma3resmgr.oe66 (.fardata:masterExists)
                  0081ca3c    00000004     --HOLE--
                  0081ca40    0000000c     edma3_lld_drv_sample.ae66 : sample_c6678_cfg.oe66 (.fardata:numEdma3Tc)
                  0081ca4c    00000004     --HOLE--
                  0081ca50    0000000c                               : sample_c6678_cfg.oe66 (.fardata:semHandle)
                  0081ca5c    00000004     --HOLE--
                  0081ca60    0000000c     vlfft_evmc6670l_pe66.oe66 (.fardata:ti_sysbios_family_c66_tci66xx_CpIntc_Module_State_0_controller__A)
                  0081ca6c    00000004     --HOLE--
                  0081ca70    0000000c     vlfft_evmc6670l_pe66.oe66 (.fardata:ti_sysbios_gates_GateSwi_Object__table__V)
                  0081ca7c    00000004     --HOLE--
                  0081ca80    00000008     vlfft_evmc6670l_pe66.oe66 (.fardata:ti_sysbios_hal_Hwi_Object__table__V)

.fardata.9 
*          0    0081ca90    00000008     
                  0081ca90    00000008     vlfft_evmc6670l_pe66.oe66 (.fardata:ti_sysbios_hal_Timer_Object__table__V)

.fardata.10 
*          0    0081caa0    00000004     
                  0081caa0    00000004     vlfft_evmc6670l_pe66.oe66 (.fardata:ti_sdo_ipc_GateMP_Module_State_0_remoteCustom2Gates__A)

.fardata.11 
*          0    0081cab0    00000004     
                  0081cab0    00000004     vlfft_evmc6670l_pe66.oe66 (.fardata:ti_sdo_ipc_Notify_Module_State_0_notifyHandles_0__A)

.fardata.12 
*          0    0081cac0    00000004     
                  0081cac0    00000004     vlfft_evmc6670l_pe66.oe66 (.fardata:ti_sdo_ipc_Notify_Module_State_0_notifyHandles_1__A)

.fardata.13 
*          0    0081cad0    00000004     
                  0081cad0    00000004     vlfft_evmc6670l_pe66.oe66 (.fardata:ti_sdo_ipc_Notify_Module_State_0_notifyHandles_2__A)

.fardata.14 
*          0    0081cae0    00000004     
                  0081cae0    00000004     vlfft_evmc6670l_pe66.oe66 (.fardata:ti_sdo_ipc_Notify_Module_State_0_notifyHandles_3__A)

.fardata.15 
*          0    0081caf0    00000004     
                  0081caf0    00000004     vlfft_evmc6670l_pe66.oe66 (.fardata:ti_sysbios_gates_GateHwi_Object__table__V)

.fardata.16 
*          0    0081cb00    00000004     
                  0081cb00    00000004     vlfft_evmc6670l_pe66.oe66 (.fardata:xdc_runtime_GateNull_Object__table__V)

.const     0    0081cb10    00004aae     
                  0081cb10    000025b4     vlfft_evmc6670l_pe66.oe66 (.const:xdc_runtime_Text_charTab__A)
                  0081f0c4    0000042c     sysbios.lib : BIOS.obj (.const:.string)
                  0081f4f0    00000400     vlfft_evmc6670l_pe66.oe66 (.const:ti_sysbios_family_c66_Cache_marvalues__C)
                  0081f8f0    000001ab     vlfftApps.obj (.const:.string)
                  0081fa9b    00000001     --HOLE-- [fill = 0]
                  0081fa9c    00000004     ti.targets.rts6000.ae66 : Assert.oe66 (.const:.string)
                  0081faa0    00000180     vlfft_evmc6670l_pe66.oe66 (.const:xdc_runtime_Text_nodeTab__A)
                  0081fc20    00000101     rts6600_elf.lib : ctype.obj (.const:_ctypes_)
                  0081fd21    000000fd     edma3_lld_rm.ae66 : edma3resmgr.oe66 (.const:.string)
                  0081fe1e    00000002     --HOLE-- [fill = 0]
                  0081fe20    000000d0     vlfft_evmc6670l_pe66.oe66 (.const:ti_sysbios_family_c66_tci66xx_CpIntc_sysIntToHostInt__A)
                  0081fef0    000000b0     vlfft_evmc6670l_pe66.oe66 (.const:.string)
                  0081ffa0    00000081     edma3_lld_drv.ae66 : edma3_drv_init.oe66 (.const:.string)
                  00820021    00000068                        : edma3_drv_basic.oe66 (.const:.string)
                  00820089    00000003     rts6600_elf.lib : assert.obj (.const:.string)
                  0082008c    00000004     vlfft_evmc6670l_pe66.oe66 (.const:ti_sdo_ipc_GateMP_A_invalidClose__C)
                  00820090    00000068     vlfft_evmc6670l_pe66.oe66 (.const:ti_sysbios_family_c66_tci66xx_CpIntc_hostIntToEventId__A)
                  008200f8    00000066     STMHelper.obj (.const:.string)
                  0082015e    0000005a     messgQUtil.obj (.const:.string)
                  008201b8    00000059     vlfftUtil.obj (.const:.string)
                  00820211    00000003     --HOLE-- [fill = 0]
                  00820214    00000058     ti.targets.rts6000.ae66 : Error.oe66 (.const:.string)
                  0082026c    00000004     vlfft_evmc6670l_pe66.oe66 (.const:ti_sdo_ipc_GateMP_A_invalidDelete__C)
                  00820270    00000048     vlfft_evmc6670l_pe66.oe66 (.const:xdc_runtime_Startup_sfxnTab__A)
                  008202b8    00000040     ti.targets.rts6000.ae66 : Text.oe66 (.const:.string)
                  008202f8    0000003e     vlfftEdmaConfig.obj (.const:.string)
                  00820336    00000002     --HOLE-- [fill = 0]
                  00820338    00000038     vlfft_evmc6670l_pe66.oe66 (.const:ti_sdo_ipc_heaps_HeapBufMP_Object__PARAMS__C)
                  00820370    00000038     vlfft_evmc6670l_pe66.oe66 (.const:ti_sdo_ipc_notifyDrivers_NotifyDriverCirc_Module__FXNS__C)
                  008203a8    00000038     vlfft_evmc6670l_pe66.oe66 (.const:ti_sysbios_knl_Task_Object__PARAMS__C)
                  008203e0    00000034     vlfft_evmc6670l_pe66.oe66 (.const:ti_sdo_ipc_GateMP_Object__PARAMS__C)
                  00820414    00000034     vlfft_evmc6670l_pe66.oe66 (.const:ti_sdo_ipc_notifyDrivers_NotifyDriverCirc_Object__PARAMS__C)
                  00820448    00000030     vlfft_evmc6670l_pe66.oe66 (.const:ti_sdo_ipc_heaps_HeapMemMP_Object__PARAMS__C)
                  00820478    00000030     vlfft_evmc6670l_pe66.oe66 (.const:ti_sysbios_family_c64p_Hwi_Object__PARAMS__C)
                  008204a8    0000002c     ti.targets.rts6000.ae66 : Startup.oe66 (.const:.string)
                  008204d4    0000002c     vlfft_evmc6670l_pe66.oe66 (.const:ti_sdo_ipc_ListMP_Object__PARAMS__C)
                  00820500    0000002c     vlfft_evmc6670l_pe66.oe66 (.const:ti_sdo_ipc_gates_GateHWSem_Module__FXNS__C)
                  0082052c    0000002c     vlfft_evmc6670l_pe66.oe66 (.const:ti_sdo_ipc_gates_GateMPSupportNull_Module__FXNS__C)
                  00820558    0000002c     vlfft_evmc6670l_pe66.oe66 (.const:ti_sdo_ipc_gates_GatePeterson_Module__FXNS__C)
                  00820584    00000028     vlfft_evmc6670l_pe66.oe66 (.const:ti_sdo_ipc_heaps_HeapBufMP_Module__FXNS__C)
                  008205ac    00000028     vlfft_evmc6670l_pe66.oe66 (.const:ti_sdo_ipc_heaps_HeapMemMP_Module__FXNS__C)
                  008205d4    00000028     vlfft_evmc6670l_pe66.oe66 (.const:ti_sdo_ipc_nsremote_NameServerRemoteNotify_Module__FXNS__C)
                  008205fc    00000028     vlfft_evmc6670l_pe66.oe66 (.const:ti_sdo_ipc_transports_TransportShmNotify_Module__FXNS__C)
                  00820624    00000028     vlfft_evmc6670l_pe66.oe66 (.const:ti_sysbios_heaps_HeapMem_Module__FXNS__C)
                  0082064c    00000028     vlfft_evmc6670l_pe66.oe66 (.const:ti_sysbios_knl_Swi_Object__PARAMS__C)
                  00820674    00000024     vlfft_evmc6670l_pe66.oe66 (.const:ti_sdo_ipc_gates_GateHWSem_Object__PARAMS__C)
                  00820698    00000024     vlfft_evmc6670l_pe66.oe66 (.const:ti_sdo_ipc_gates_GateMPSupportNull_Object__PARAMS__C)
                  008206bc    00000024     vlfft_evmc6670l_pe66.oe66 (.const:ti_sdo_ipc_gates_GatePeterson_Object__PARAMS__C)
                  008206e0    00000024     vlfft_evmc6670l_pe66.oe66 (.const:ti_sysbios_gates_GateAll_Module__FXNS__C)
                  00820704    00000024     vlfft_evmc6670l_pe66.oe66 (.const:ti_sysbios_gates_GateHwi_Module__FXNS__C)
                  00820728    00000024     vlfft_evmc6670l_pe66.oe66 (.const:ti_sysbios_gates_GateMutexPri_Module__FXNS__C)
                  0082074c    00000024     vlfft_evmc6670l_pe66.oe66 (.const:ti_sysbios_gates_GateMutex_Module__FXNS__C)
                  00820770    00000024     vlfft_evmc6670l_pe66.oe66 (.const:ti_sysbios_gates_GateSwi_Module__FXNS__C)
                  00820794    00000024     vlfft_evmc6670l_pe66.oe66 (.const:ti_sysbios_knl_Clock_Object__PARAMS__C)
                  008207b8    00000024     vlfft_evmc6670l_pe66.oe66 (.const:ti_sysbios_knl_Semaphore_Object__PARAMS__C)
                  008207dc    00000024     vlfft_evmc6670l_pe66.oe66 (.const:ti_sysbios_syncs_SyncSem_Module__FXNS__C)
                  00820800    00000024     vlfft_evmc6670l_pe66.oe66 (.const:xdc_runtime_GateNull_Module__FXNS__C)
                  00820824    0000000c     vlfft_evmc6670l_pe66.oe66 (.const:ti_sysbios_family_c66_Cache_initSize__C)
                  00820830    00000024     vlfft_evmc6670l_pe66.oe66 (.const:xdc_runtime_Startup_sfxnRts__A)
                  00820854    00000024     vlfft_evmc6670l_pe66.oe66 (.const:xdc_runtime_knl_GateThread_Module__FXNS__C)
                  00820878    00000023     rts6600_elf.lib : _printfi.obj (.const:.string)
                  0082089b    00000001     --HOLE-- [fill = 0]
                  0082089c    00000020     ti.targets.rts6000.ae66 : Core-mem.oe66 (.const:.string)
                  008208bc    00000020     vlfft_evmc6670l_pe66.oe66 (.const:ti_sdo_ipc_GateMP_Object__DESC__C)
                  008208dc    00000020     vlfft_evmc6670l_pe66.oe66 (.const:ti_sdo_ipc_ListMP_Object__DESC__C)
                  008208fc    00000020     vlfft_evmc6670l_pe66.oe66 (.const:ti_sdo_ipc_MessageQ_Object__DESC__C)
                  0082091c    00000020     vlfft_evmc6670l_pe66.oe66 (.const:ti_sdo_ipc_Notify_Object__DESC__C)
                  0082093c    00000020     vlfft_evmc6670l_pe66.oe66 (.const:ti_sdo_ipc_gates_GateHWSem_Object__DESC__C)
                  0082095c    00000020     vlfft_evmc6670l_pe66.oe66 (.const:ti_sdo_ipc_gates_GateMPSupportNull_Object__DESC__C)
                  0082097c    00000020     vlfft_evmc6670l_pe66.oe66 (.const:ti_sdo_ipc_gates_GatePeterson_Object__DESC__C)
                  0082099c    00000020     vlfft_evmc6670l_pe66.oe66 (.const:ti_sdo_ipc_heaps_HeapBufMP_Object__DESC__C)
                  008209bc    00000020     vlfft_evmc6670l_pe66.oe66 (.const:ti_sdo_ipc_heaps_HeapMemMP_Object__DESC__C)
                  008209dc    00000020     vlfft_evmc6670l_pe66.oe66 (.const:ti_sdo_ipc_notifyDrivers_NotifyDriverCirc_Object__DESC__C)
                  008209fc    00000020     vlfft_evmc6670l_pe66.oe66 (.const:ti_sdo_ipc_nsremote_NameServerRemoteNotify_Object__DESC__C)
                  00820a1c    00000020     vlfft_evmc6670l_pe66.oe66 (.const:ti_sdo_ipc_nsremote_NameServerRemoteNotify_Object__PARAMS__C)
                  00820a3c    00000020     vlfft_evmc6670l_pe66.oe66 (.const:ti_sdo_ipc_transports_TransportShmNotify_Object__DESC__C)
                  00820a5c    00000020     vlfft_evmc6670l_pe66.oe66 (.const:ti_sdo_utils_List_Object__DESC__C)
                  00820a7c    00000020     vlfft_evmc6670l_pe66.oe66 (.const:ti_sysbios_family_c64p_Hwi_Object__DESC__C)
                  00820a9c    00000020     vlfft_evmc6670l_pe66.oe66 (.const:ti_sysbios_gates_GateAll_Object__DESC__C)
                  00820abc    00000020     vlfft_evmc6670l_pe66.oe66 (.const:ti_sysbios_gates_GateHwi_Object__DESC__C)
                  00820adc    00000020     vlfft_evmc6670l_pe66.oe66 (.const:ti_sysbios_gates_GateMutexPri_Object__DESC__C)
                  00820afc    00000020     vlfft_evmc6670l_pe66.oe66 (.const:ti_sysbios_gates_GateMutex_Object__DESC__C)
                  00820b1c    00000020     vlfft_evmc6670l_pe66.oe66 (.const:ti_sysbios_gates_GateSwi_Object__DESC__C)
                  00820b3c    00000020     vlfft_evmc6670l_pe66.oe66 (.const:ti_sysbios_heaps_HeapMem_Object__DESC__C)
                  00820b5c    00000020     vlfft_evmc6670l_pe66.oe66 (.const:ti_sysbios_heaps_HeapMem_Object__PARAMS__C)
                  00820b7c    00000020     vlfft_evmc6670l_pe66.oe66 (.const:ti_sysbios_knl_Clock_Object__DESC__C)
                  00820b9c    00000020     vlfft_evmc6670l_pe66.oe66 (.const:ti_sysbios_knl_Queue_Object__DESC__C)
                  00820bbc    00000020     vlfft_evmc6670l_pe66.oe66 (.const:ti_sysbios_knl_Semaphore_Object__DESC__C)
                  00820bdc    00000020     vlfft_evmc6670l_pe66.oe66 (.const:ti_sysbios_knl_Swi_Object__DESC__C)
                  00820bfc    00000020     vlfft_evmc6670l_pe66.oe66 (.const:ti_sysbios_knl_Task_Object__DESC__C)
                  00820c1c    00000020     vlfft_evmc6670l_pe66.oe66 (.const:ti_sysbios_syncs_SyncSem_Object__DESC__C)
                  00820c3c    00000020     vlfft_evmc6670l_pe66.oe66 (.const:ti_sysbios_xdcruntime_GateThreadSupport_Object__DESC__C)
                  00820c5c    00000020     vlfft_evmc6670l_pe66.oe66 (.const:xdc_runtime_GateNull_Object__DESC__C)
                  00820c7c    00000020     vlfft_evmc6670l_pe66.oe66 (.const:xdc_runtime_knl_GateThread_Object__DESC__C)
                  00820c9c    0000001c     vlfft_evmc6670l_pe66.oe66 (.const:ti_sdo_ipc_MessageQ_Object__PARAMS__C)
                  00820cb8    0000001c     vlfft_evmc6670l_pe66.oe66 (.const:ti_sdo_ipc_transports_TransportShmNotify_Object__PARAMS__C)
                  00820cd4    0000001c     vlfft_evmc6670l_pe66.oe66 (.const:ti_sysbios_syncs_SyncSem_Object__PARAMS__C)
                  00820cf0    00000018     vlfft_evmc6670l_pe66.oe66 (.const:ti_sdo_ipc_Notify_Object__PARAMS__C)
                  00820d08    00000018     vlfft_evmc6670l_pe66.oe66 (.const:ti_sdo_utils_List_Object__PARAMS__C)
                  00820d20    00000018     vlfft_evmc6670l_pe66.oe66 (.const:ti_sysbios_gates_GateAll_Object__PARAMS__C)
                  00820d38    00000018     vlfft_evmc6670l_pe66.oe66 (.const:ti_sysbios_gates_GateHwi_Object__PARAMS__C)
                  00820d50    00000018     vlfft_evmc6670l_pe66.oe66 (.const:ti_sysbios_gates_GateMutexPri_Object__PARAMS__C)
                  00820d68    00000018     vlfft_evmc6670l_pe66.oe66 (.const:ti_sysbios_gates_GateMutex_Object__PARAMS__C)
                  00820d80    00000018     vlfft_evmc6670l_pe66.oe66 (.const:ti_sysbios_gates_GateSwi_Object__PARAMS__C)
                  00820d98    00000018     vlfft_evmc6670l_pe66.oe66 (.const:ti_sysbios_knl_Queue_Object__PARAMS__C)
                  00820db0    00000018     vlfft_evmc6670l_pe66.oe66 (.const:ti_sysbios_knl_Task_hooks__A)
                  00820dc8    00000018     vlfft_evmc6670l_pe66.oe66 (.const:ti_sysbios_xdcruntime_GateThreadSupport_Object__PARAMS__C)
                  00820de0    00000018     vlfft_evmc6670l_pe66.oe66 (.const:xdc_runtime_GateNull_Object__PARAMS__C)
                  00820df8    00000018     vlfft_evmc6670l_pe66.oe66 (.const:xdc_runtime_knl_GateThread_Object__PARAMS__C)
                  00820e10    00000014     stm_d.c66xx_elf.lib : StmLibrary.obj (.const:__FUNCTION__$2)
                  00820e24    00000008     ti.targets.rts6000.ae66 : System.oe66 (.const:.string)
                  00820e2c    00000004     vlfft_evmc6670l_pe66.oe66 (.const:ti_sdo_ipc_GateMP_E_gateUnavailable__C)
                  00820e30    00000012     stm_d.c66xx_elf.lib : StmLibrary.obj (.const:__FUNCTION__$4)
                  00820e42    00000002     --HOLE-- [fill = 0]
                  00820e44    00000008     vlfft_evmc6670l_pe66.oe66 (.const:ti_sysbios_knl_Idle_funcList__C)
                  00820e4c    00000004     vlfft_evmc6670l_pe66.oe66 (.const:ti_sdo_ipc_GateMP_E_localGate__C)
                  00820e50    00000012     stm_d.c66xx_elf.lib : StmLibrary.obj (.const:__FUNCTION__$7)
                  00820e62    00000002     --HOLE-- [fill = 0]
                  00820e64    00000008     vlfft_evmc6670l_pe66.oe66 (.const:ti_sysbios_knl_Task_hooks__C)
                  00820e6c    00000004     vlfft_evmc6670l_pe66.oe66 (.const:ti_sdo_ipc_GateMP_LM_create__C)
                  00820e70    00000011     stm_d.c66xx_elf.lib : StmLibrary.obj (.const:__FUNCTION__$10)
                  00820e81    00000003     --HOLE-- [fill = 0]
                  00820e84    00000008     vlfft_evmc6670l_pe66.oe66 (.const:xdc_runtime_Startup_firstFxns__C)
                  00820e8c    00000004     vlfft_evmc6670l_pe66.oe66 (.const:ti_sdo_ipc_GateMP_LM_delete__C)
                  00820e90    00000011     stm_d.c66xx_elf.lib : StmLibrary.obj (.const:__FUNCTION__$11)
                  00820ea1    00000003     --HOLE-- [fill = 0]
                  00820ea4    00000008     vlfft_evmc6670l_pe66.oe66 (.const:xdc_runtime_Startup_lastFxns__C)
                  00820eac    00000004     vlfft_evmc6670l_pe66.oe66 (.const:ti_sdo_ipc_GateMP_LM_enter__C)
                  00820eb0    00000011     stm_d.c66xx_elf.lib : StmLibrary.obj (.const:__FUNCTION__$12)
                  00820ec1    00000003     --HOLE-- [fill = 0]
                  00820ec4    00000004     vlfft_evmc6670l_pe66.oe66 (.const:ti_sdo_ipc_GateMP_LM_leave__C)
                  00820ec8    00000004     vlfft_evmc6670l_pe66.oe66 (.const:ti_sdo_ipc_GateMP_LM_open__C)
                  00820ecc    00000004     vlfft_evmc6670l_pe66.oe66 (.const:ti_sdo_ipc_GateMP_Module__diagsEnabled__C)
                  00820ed0    00000011     stm_d.c66xx_elf.lib : StmLibrary.obj (.const:__FUNCTION__$6)
                  00820ee1    00000003     --HOLE-- [fill = 0]
                  00820ee4    00000004     vlfft_evmc6670l_pe66.oe66 (.const:ti_sdo_ipc_GateMP_Module__diagsIncluded__C)
                  00820ee8    00000004     vlfft_evmc6670l_pe66.oe66 (.const:ti_sdo_ipc_GateMP_Module__diagsMask__C)
                  00820eec    00000004     vlfft_evmc6670l_pe66.oe66 (.const:ti_sdo_ipc_GateMP_Module__loggerFxn2__C)
                  00820ef0    00000011     stm_d.c66xx_elf.lib : StmLibrary.obj (.const:__FUNCTION__$8)
                  00820f01    00000003     --HOLE-- [fill = 0]
                  00820f04    00000004     vlfft_evmc6670l_pe66.oe66 (.const:ti_sdo_ipc_GateMP_Module__loggerFxn4__C)
                  00820f08    00000004     vlfft_evmc6670l_pe66.oe66 (.const:ti_sdo_ipc_GateMP_Module__loggerObj__C)
                  00820f0c    00000004     vlfft_evmc6670l_pe66.oe66 (.const:ti_sdo_ipc_Ipc_A_addrNotCacheAligned__C)
                  00820f10    00000011     ti.targets.rts6000.ae66 : System.oe66 (.const:digtohex)
                  00820f21    00000003     --HOLE-- [fill = 0]
                  00820f24    00000004     vlfft_evmc6670l_pe66.oe66 (.const:ti_sdo_ipc_Ipc_A_addrNotInSharedRegion__C)
                  00820f28    00000004     vlfft_evmc6670l_pe66.oe66 (.const:ti_sdo_ipc_Ipc_A_internal__C)
                  00820f2c    00000004     vlfft_evmc6670l_pe66.oe66 (.const:ti_sdo_ipc_Ipc_A_invArgument__C)
                  00820f30    00000010     stm_d.c66xx_elf.lib : StmLibrary.obj (.const:__FUNCTION__$3)
                  00820f40    00000010                         : StmLibrary.obj (.const:__FUNCTION__$5)
                  00820f50    00000010                         : StmLibrary.obj (.const:__FUNCTION__$9)
                  00820f60    00000010     vlfft_evmc6670l_pe66.oe66 (.const:ti_sdo_utils_MultiProc_nameList__A)
                  00820f70    00000010     vlfft_evmc6670l_pe66.oe66 (.const:ti_sysbios_family_c64p_EventCombiner_EVTMASK__C)
                  00820f80    0000000f     stm_d.c66xx_elf.lib : StmLibrary.obj (.const:__FUNCTION__$13)
                  00820f8f    00000001     --HOLE-- [fill = 0]
                  00820f90    0000000c                         : StmLibrary.obj (.const:__FUNCTION__$1)
                  00820f9c    00000004     vlfft_evmc6670l_pe66.oe66 (.const:ti_sdo_ipc_Ipc_A_invParam__C)
                  00820fa0    0000000c     vlfft_evmc6670l_pe66.oe66 (.const:xdc_runtime_Startup_firstFxns__A)
                  00820fac    00000004     vlfft_evmc6670l_pe66.oe66 (.const:ti_sdo_ipc_Ipc_A_nullArgument__C)
                  00820fb0    0000000b     stm_d.c66xx_elf.lib : StmLibrary.obj (.const:__FUNCTION__$14)
                  00820fbb    00000001     --HOLE-- [fill = 0]
                  00820fbc    00000004     vlfft_evmc6670l_pe66.oe66 (.const:ti_sdo_ipc_Ipc_A_nullPointer__C)
                  00820fc0    00000008     vlfft_evmc6670l_pe66.oe66 (.const:ti_sdo_ipc_family_c647x_MultiProcSetup_procMap__A)
                  00820fc8    00000004     vlfft_evmc6670l_pe66.oe66 (.const:ti_sdo_ipc_Ipc_E_internal__C)
                  00820fcc    00000004     vlfft_evmc6670l_pe66.oe66 (.const:ti_sdo_ipc_Ipc_E_nameFailed__C)
                  00820fd0    00000008     vlfft_evmc6670l_pe66.oe66 (.const:ti_sdo_utils_MultiProc_procIdList__A)
                  00820fd8    00000004     vlfft_evmc6670l_pe66.oe66 (.const:ti_sdo_ipc_Ipc_E_versionMismatch__C)
                  00820fdc    00000004     vlfft_evmc6670l_pe66.oe66 (.const:ti_sdo_ipc_Ipc_Module__diagsEnabled__C)
                  00820fe0    00000004     vlfft_evmc6670l_pe66.oe66 (.const:ti_sdo_ipc_Ipc_Module__diagsIncluded__C)
                  00820fe4    00000004     vlfft_evmc6670l_pe66.oe66 (.const:ti_sdo_ipc_Ipc_Module__diagsMask__C)
                  00820fe8    00000004     vlfft_evmc6670l_pe66.oe66 (.const:ti_sdo_ipc_Ipc_numUserFxns__C)
                  00820fec    00000004     vlfft_evmc6670l_pe66.oe66 (.const:ti_sdo_ipc_Ipc_procSync__C)
                  00820ff0    00000004     vlfft_evmc6670l_pe66.oe66 (.const:ti_sdo_ipc_Ipc_userFxns__C)
                  00820ff4    00000004     vlfft_evmc6670l_pe66.oe66 (.const:ti_sdo_ipc_ListMP_Module__diagsEnabled__C)
                  00820ff8    00000004     vlfft_evmc6670l_pe66.oe66 (.const:ti_sdo_ipc_ListMP_Module__diagsIncluded__C)
                  00820ffc    00000004     vlfft_evmc6670l_pe66.oe66 (.const:ti_sdo_ipc_ListMP_Module__diagsMask__C)
                  00821000    00000004     vlfft_evmc6670l_pe66.oe66 (.const:ti_sdo_ipc_MessageQ_A_heapIdInvalid__C)
                  00821004    00000004     vlfft_evmc6670l_pe66.oe66 (.const:ti_sdo_ipc_MessageQ_A_invalidMsg__C)
                  00821008    00000004     vlfft_evmc6670l_pe66.oe66 (.const:ti_sdo_ipc_MessageQ_A_invalidObj__C)
                  0082100c    00000004     vlfft_evmc6670l_pe66.oe66 (.const:ti_sdo_ipc_MessageQ_A_invalidParam__C)
                  00821010    00000004     vlfft_evmc6670l_pe66.oe66 (.const:ti_sdo_ipc_MessageQ_A_invalidQueueId__C)
                  00821014    00000004     vlfft_evmc6670l_pe66.oe66 (.const:ti_sdo_ipc_MessageQ_A_procIdInvalid__C)
                  00821018    00000004     vlfft_evmc6670l_pe66.oe66 (.const:ti_sdo_ipc_MessageQ_A_unregisteredTransport__C)
                  0082101c    00000004     vlfft_evmc6670l_pe66.oe66 (.const:ti_sdo_ipc_MessageQ_E_maxReached__C)
                  00821020    00000004     vlfft_evmc6670l_pe66.oe66 (.const:ti_sdo_ipc_MessageQ_E_nameFailed__C)
                  00821024    00000004     vlfft_evmc6670l_pe66.oe66 (.const:ti_sdo_ipc_MessageQ_Instance_State_highList__O)
                  00821028    00000004     vlfft_evmc6670l_pe66.oe66 (.const:ti_sdo_ipc_MessageQ_Instance_State_normalList__O)
                  0082102c    00000004     vlfft_evmc6670l_pe66.oe66 (.const:ti_sdo_ipc_MessageQ_LM_alloc__C)
                  00821030    00000004     vlfft_evmc6670l_pe66.oe66 (.const:ti_sdo_ipc_MessageQ_LM_get__C)
                  00821034    00000004     vlfft_evmc6670l_pe66.oe66 (.const:ti_sdo_ipc_MessageQ_LM_putLocal__C)
                  00821038    00000004     vlfft_evmc6670l_pe66.oe66 (.const:ti_sdo_ipc_MessageQ_Module__diagsEnabled__C)
                  0082103c    00000004     vlfft_evmc6670l_pe66.oe66 (.const:ti_sdo_ipc_MessageQ_Module__diagsIncluded__C)
                  00821040    00000004     vlfft_evmc6670l_pe66.oe66 (.const:ti_sdo_ipc_MessageQ_Module__diagsMask__C)
                  00821044    00000004     vlfft_evmc6670l_pe66.oe66 (.const:ti_sdo_ipc_MessageQ_Module__loggerFxn4__C)
                  00821048    00000004     vlfft_evmc6670l_pe66.oe66 (.const:ti_sdo_ipc_MessageQ_Module__loggerObj__C)
                  0082104c    00000004     vlfft_evmc6670l_pe66.oe66 (.const:ti_sdo_ipc_MessageQ_Object__count__C)
                  00821050    00000004     vlfft_evmc6670l_pe66.oe66 (.const:ti_sdo_ipc_MessageQ_Object__heap__C)
                  00821054    00000004     vlfft_evmc6670l_pe66.oe66 (.const:ti_sdo_ipc_MessageQ_Object__table__C)
                  00821058    00000004     vlfft_evmc6670l_pe66.oe66 (.const:ti_sdo_ipc_MessageQ_maxRuntimeEntries__C)
                  0082105c    00000004     vlfft_evmc6670l_pe66.oe66 (.const:ti_sdo_ipc_Notify_A_alreadyRegistered__C)
                  00821060    00000004     vlfft_evmc6670l_pe66.oe66 (.const:ti_sdo_ipc_Notify_A_internal__C)
                  00821064    00000004     vlfft_evmc6670l_pe66.oe66 (.const:ti_sdo_ipc_Notify_A_invArgument__C)
                  00821068    00000004     vlfft_evmc6670l_pe66.oe66 (.const:ti_sdo_ipc_Notify_A_notRegistered__C)
                  0082106c    00000004     vlfft_evmc6670l_pe66.oe66 (.const:ti_sdo_ipc_Notify_A_reservedEvent__C)
                  00821070    00000004     vlfft_evmc6670l_pe66.oe66 (.const:ti_sdo_ipc_Notify_Module__diagsEnabled__C)
                  00821074    00000004     vlfft_evmc6670l_pe66.oe66 (.const:ti_sdo_ipc_Notify_Module__diagsIncluded__C)
                  00821078    00000004     vlfft_evmc6670l_pe66.oe66 (.const:ti_sdo_ipc_Notify_Module__diagsMask__C)
                  0082107c    00000004     vlfft_evmc6670l_pe66.oe66 (.const:ti_sdo_ipc_Notify_Module__gateObj__C)
                  00821080    00000004     vlfft_evmc6670l_pe66.oe66 (.const:ti_sdo_ipc_Notify_Object__heap__C)
                  00821084    00000004     vlfft_evmc6670l_pe66.oe66 (.const:ti_sdo_ipc_Notify_numEvents__C)
                  00821088    00000004     vlfft_evmc6670l_pe66.oe66 (.const:ti_sdo_ipc_SharedRegion_A_addrOutOfRange__C)
                  0082108c    00000004     vlfft_evmc6670l_pe66.oe66 (.const:ti_sdo_ipc_SharedRegion_A_idTooLarge__C)
                  00821090    00000004     vlfft_evmc6670l_pe66.oe66 (.const:ti_sdo_ipc_SharedRegion_A_noHeap__C)
                  00821094    00000004     vlfft_evmc6670l_pe66.oe66 (.const:ti_sdo_ipc_SharedRegion_A_region0Invalid__C)
                  00821098    00000004     vlfft_evmc6670l_pe66.oe66 (.const:ti_sdo_ipc_SharedRegion_A_regionInvalid__C)
                  0082109c    00000004     vlfft_evmc6670l_pe66.oe66 (.const:ti_sdo_ipc_SharedRegion_A_reserveTooMuch__C)
                  008210a0    00000004     vlfft_evmc6670l_pe66.oe66 (.const:ti_sdo_ipc_SharedRegion_INVALIDSRPTR__C)
                  008210a4    00000004     vlfft_evmc6670l_pe66.oe66 (.const:ti_sdo_ipc_SharedRegion_Module__diagsEnabled__C)
                  008210a8    00000004     vlfft_evmc6670l_pe66.oe66 (.const:ti_sdo_ipc_SharedRegion_Module__diagsIncluded__C)
                  008210ac    00000004     vlfft_evmc6670l_pe66.oe66 (.const:ti_sdo_ipc_SharedRegion_Module__diagsMask__C)
                  008210b0    00000004     vlfft_evmc6670l_pe66.oe66 (.const:ti_sdo_ipc_SharedRegion_cacheLineSize__C)
                  008210b4    00000004     vlfft_evmc6670l_pe66.oe66 (.const:ti_sdo_ipc_SharedRegion_numOffsetBits__C)
                  008210b8    00000004     vlfft_evmc6670l_pe66.oe66 (.const:ti_sdo_ipc_SharedRegion_offsetMask__C)
                  008210bc    00000004     vlfft_evmc6670l_pe66.oe66 (.const:ti_sdo_ipc_family_c647x_Interrupt_INTERDSPINT__C)
                  008210c0    00000004     vlfft_evmc6670l_pe66.oe66 (.const:ti_sdo_ipc_family_c647x_Interrupt_IPCAR0__C)
                  008210c4    00000004     vlfft_evmc6670l_pe66.oe66 (.const:ti_sdo_ipc_family_c647x_Interrupt_IPCGR0__C)
                  008210c8    00000004     vlfft_evmc6670l_pe66.oe66 (.const:ti_sdo_ipc_family_c647x_Interrupt_KICK0__C)
                  008210cc    00000004     vlfft_evmc6670l_pe66.oe66 (.const:ti_sdo_ipc_family_c647x_Interrupt_KICK1__C)
                  008210d0    00000004     vlfft_evmc6670l_pe66.oe66 (.const:ti_sdo_ipc_family_c647x_MultiProcSetup_A_invalidProcessor__C)
                  008210d4    00000004     vlfft_evmc6670l_pe66.oe66 (.const:ti_sdo_ipc_family_c647x_MultiProcSetup_Module__diagsEnabled__C)
                  008210d8    00000004     vlfft_evmc6670l_pe66.oe66 (.const:ti_sdo_ipc_family_c647x_MultiProcSetup_Module__diagsIncluded__C)
                  008210dc    00000004     vlfft_evmc6670l_pe66.oe66 (.const:ti_sdo_ipc_family_c647x_MultiProcSetup_Module__diagsMask__C)
                  008210e0    00000004     vlfft_evmc6670l_pe66.oe66 (.const:ti_sdo_ipc_family_c647x_MultiProcSetup_procMap__C)
                  008210e4    00000004     vlfft_evmc6670l_pe66.oe66 (.const:ti_sdo_ipc_family_c647x_NotifyCircSetup_dspIntVectId__C)
                  008210e8    00000004     vlfft_evmc6670l_pe66.oe66 (.const:ti_sdo_ipc_gates_GateHWSem_A_invSemNum__C)
                  008210ec    00000004     vlfft_evmc6670l_pe66.oe66 (.const:ti_sdo_ipc_gates_GateHWSem_Module__diagsEnabled__C)
                  008210f0    00000004     vlfft_evmc6670l_pe66.oe66 (.const:ti_sdo_ipc_gates_GateHWSem_Module__diagsIncluded__C)
                  008210f4    00000004     vlfft_evmc6670l_pe66.oe66 (.const:ti_sdo_ipc_gates_GateHWSem_Module__diagsMask__C)
                  008210f8    00000004     vlfft_evmc6670l_pe66.oe66 (.const:ti_sdo_ipc_gates_GateHWSem_baseAddr__C)
                  008210fc    00000004     vlfft_evmc6670l_pe66.oe66 (.const:ti_sdo_ipc_gates_GateHWSem_numSems__C)
                  00821100    00000004     vlfft_evmc6670l_pe66.oe66 (.const:ti_sdo_ipc_gates_GateHWSem_reservedMaskArr__A)
                  00821104    00000004     vlfft_evmc6670l_pe66.oe66 (.const:ti_sdo_ipc_gates_GateHWSem_reservedMaskArr__C)
                  00821108    00000004     vlfft_evmc6670l_pe66.oe66 (.const:ti_sdo_ipc_gates_GateMPSupportNull_A_invalidAction__C)
                  0082110c    00000004     vlfft_evmc6670l_pe66.oe66 (.const:ti_sdo_ipc_gates_GateMPSupportNull_Module__diagsEnabled__C)
                  00821110    00000004     vlfft_evmc6670l_pe66.oe66 (.const:ti_sdo_ipc_gates_GateMPSupportNull_Module__diagsIncluded__C)
                  00821114    00000004     vlfft_evmc6670l_pe66.oe66 (.const:ti_sdo_ipc_gates_GateMPSupportNull_Module__diagsMask__C)
                  00821118    00000004     vlfft_evmc6670l_pe66.oe66 (.const:ti_sdo_ipc_gates_GateMPSupportNull_action__C)
                  0082111c    00000004     vlfft_evmc6670l_pe66.oe66 (.const:ti_sdo_ipc_gates_GatePeterson_E_gateRemotelyOpened__C)
                  00821120    00000004     vlfft_evmc6670l_pe66.oe66 (.const:ti_sdo_ipc_gates_GatePeterson_Module__diagsEnabled__C)
                  00821124    00000004     vlfft_evmc6670l_pe66.oe66 (.const:ti_sdo_ipc_gates_GatePeterson_Module__diagsIncluded__C)
                  00821128    00000004     vlfft_evmc6670l_pe66.oe66 (.const:ti_sdo_ipc_gates_GatePeterson_Module__diagsMask__C)
                  0082112c    00000004     vlfft_evmc6670l_pe66.oe66 (.const:ti_sdo_ipc_gates_GatePeterson_numInstances__C)
                  00821130    00000004     vlfft_evmc6670l_pe66.oe66 (.const:ti_sdo_ipc_heaps_HeapBufMP_A_badAlignment__C)
                  00821134    00000004     vlfft_evmc6670l_pe66.oe66 (.const:ti_sdo_ipc_heaps_HeapBufMP_A_invBlockFreed__C)
                  00821138    00000004     vlfft_evmc6670l_pe66.oe66 (.const:ti_sdo_ipc_heaps_HeapBufMP_E_alignTooLarge__C)
                  0082113c    00000004     vlfft_evmc6670l_pe66.oe66 (.const:ti_sdo_ipc_heaps_HeapBufMP_E_exactFail__C)
                  00821140    00000004     vlfft_evmc6670l_pe66.oe66 (.const:ti_sdo_ipc_heaps_HeapBufMP_E_noBlocksLeft__C)
                  00821144    00000004     vlfft_evmc6670l_pe66.oe66 (.const:ti_sdo_ipc_heaps_HeapBufMP_E_sizeTooLarge__C)
                  00821148    00000004     vlfft_evmc6670l_pe66.oe66 (.const:ti_sdo_ipc_heaps_HeapBufMP_Module__diagsEnabled__C)
                  0082114c    00000004     vlfft_evmc6670l_pe66.oe66 (.const:ti_sdo_ipc_heaps_HeapBufMP_Module__diagsIncluded__C)
                  00821150    00000004     vlfft_evmc6670l_pe66.oe66 (.const:ti_sdo_ipc_heaps_HeapBufMP_Module__diagsMask__C)
                  00821154    00000004     vlfft_evmc6670l_pe66.oe66 (.const:ti_sdo_ipc_heaps_HeapMemMP_A_align__C)
                  00821158    00000004     vlfft_evmc6670l_pe66.oe66 (.const:ti_sdo_ipc_heaps_HeapMemMP_A_heapSize__C)
                  0082115c    00000004     vlfft_evmc6670l_pe66.oe66 (.const:ti_sdo_ipc_heaps_HeapMemMP_A_invalidFree__C)
                  00821160    00000004     vlfft_evmc6670l_pe66.oe66 (.const:ti_sdo_ipc_heaps_HeapMemMP_A_zeroBlock__C)
                  00821164    00000004     vlfft_evmc6670l_pe66.oe66 (.const:ti_sdo_ipc_heaps_HeapMemMP_E_memory__C)
                  00821168    00000004     vlfft_evmc6670l_pe66.oe66 (.const:ti_sdo_ipc_heaps_HeapMemMP_Module__diagsEnabled__C)
                  0082116c    00000004     vlfft_evmc6670l_pe66.oe66 (.const:ti_sdo_ipc_heaps_HeapMemMP_Module__diagsIncluded__C)
                  00821170    00000004     vlfft_evmc6670l_pe66.oe66 (.const:ti_sdo_ipc_heaps_HeapMemMP_Module__diagsMask__C)
                  00821174    00000004     vlfft_evmc6670l_pe66.oe66 (.const:ti_sdo_ipc_interfaces_IGateMPSupport_Interface__BASE__C)
                  00821178    00000004     vlfft_evmc6670l_pe66.oe66 (.const:ti_sdo_ipc_interfaces_IMessageQTransport_Interface__BASE__C)
                  0082117c    00000004     vlfft_evmc6670l_pe66.oe66 (.const:ti_sdo_ipc_interfaces_INotifyDriver_Interface__BASE__C)
                  00821180    00000004     vlfft_evmc6670l_pe66.oe66 (.const:ti_sdo_ipc_notifyDrivers_NotifyDriverCirc_A_notSupported__C)
                  00821184    00000004     vlfft_evmc6670l_pe66.oe66 (.const:ti_sdo_ipc_notifyDrivers_NotifyDriverCirc_Module__diagsEnabled__C)
                  00821188    00000004     vlfft_evmc6670l_pe66.oe66 (.const:ti_sdo_ipc_notifyDrivers_NotifyDriverCirc_Module__diagsIncluded__C)
                  0082118c    00000004     vlfft_evmc6670l_pe66.oe66 (.const:ti_sdo_ipc_notifyDrivers_NotifyDriverCirc_Module__diagsMask__C)
                  00821190    00000004     vlfft_evmc6670l_pe66.oe66 (.const:ti_sdo_ipc_notifyDrivers_NotifyDriverCirc_maxIndex__C)
                  00821194    00000004     vlfft_evmc6670l_pe66.oe66 (.const:ti_sdo_ipc_notifyDrivers_NotifyDriverCirc_modIndex__C)
                  00821198    00000004     vlfft_evmc6670l_pe66.oe66 (.const:ti_sdo_ipc_notifyDrivers_NotifyDriverCirc_numMsgs__C)
                  0082119c    00000004     vlfft_evmc6670l_pe66.oe66 (.const:ti_sdo_ipc_nsremote_NameServerRemoteNotify_A_invalidValueLen__C)
                  008211a0    00000004     vlfft_evmc6670l_pe66.oe66 (.const:ti_sdo_ipc_nsremote_NameServerRemoteNotify_Instance_State_semMultiBlock__O)
                  008211a4    00000004     vlfft_evmc6670l_pe66.oe66 (.const:ti_sdo_ipc_nsremote_NameServerRemoteNotify_Instance_State_semRemoteWait__O)
                  008211a8    00000004     vlfft_evmc6670l_pe66.oe66 (.const:ti_sdo_ipc_nsremote_NameServerRemoteNotify_Instance_State_swiObj__O)
                  008211ac    00000004     vlfft_evmc6670l_pe66.oe66 (.const:ti_sdo_ipc_nsremote_NameServerRemoteNotify_Module__diagsEnabled__C)
                  008211b0    00000004     vlfft_evmc6670l_pe66.oe66 (.const:ti_sdo_ipc_nsremote_NameServerRemoteNotify_Module__diagsIncluded__C)
                  008211b4    00000004     vlfft_evmc6670l_pe66.oe66 (.const:ti_sdo_ipc_nsremote_NameServerRemoteNotify_Module__diagsMask__C)
                  008211b8    00000004     vlfft_evmc6670l_pe66.oe66 (.const:ti_sdo_ipc_nsremote_NameServerRemoteNotify_notifyEventId__C)
                  008211bc    00000004     vlfft_evmc6670l_pe66.oe66 (.const:ti_sdo_ipc_nsremote_NameServerRemoteNotify_timeout__C)
                  008211c0    00000004     vlfft_evmc6670l_pe66.oe66 (.const:ti_sdo_ipc_transports_TransportShmNotifySetup_priority__C)
                  008211c4    00000004     vlfft_evmc6670l_pe66.oe66 (.const:ti_sdo_utils_INameServerRemote_Interface__BASE__C)
                  008211c8    00000004     vlfft_evmc6670l_pe66.oe66 (.const:ti_sdo_utils_List_Object__count__C)
                  008211cc    00000004     vlfft_evmc6670l_pe66.oe66 (.const:ti_sdo_utils_List_Object__table__C)
                  008211d0    00000004     vlfft_evmc6670l_pe66.oe66 (.const:ti_sdo_utils_MultiProc_A_invalidMultiProcId__C)
                  008211d4    00000004     vlfft_evmc6670l_pe66.oe66 (.const:ti_sdo_utils_MultiProc_A_invalidProcName__C)
                  008211d8    00000004     vlfft_evmc6670l_pe66.oe66 (.const:ti_sdo_utils_MultiProc_Module__diagsEnabled__C)
                  008211dc    00000004     vlfft_evmc6670l_pe66.oe66 (.const:ti_sdo_utils_MultiProc_Module__diagsIncluded__C)
                  008211e0    00000004     vlfft_evmc6670l_pe66.oe66 (.const:ti_sdo_utils_MultiProc_Module__diagsMask__C)
                  008211e4    00000004     vlfft_evmc6670l_pe66.oe66 (.const:ti_sdo_utils_MultiProc_nameList__C)
                  008211e8    00000004     vlfft_evmc6670l_pe66.oe66 (.const:ti_sdo_utils_MultiProc_procIdList__C)
                  008211ec    00000004     vlfft_evmc6670l_pe66.oe66 (.const:ti_sdo_utils_NameServer_A_invArgument__C)
                  008211f0    00000004     vlfft_evmc6670l_pe66.oe66 (.const:ti_sdo_utils_NameServer_A_invalidLen__C)
                  008211f4    00000004     vlfft_evmc6670l_pe66.oe66 (.const:ti_sdo_utils_NameServer_E_entryExists__C)
                  008211f8    00000004     vlfft_evmc6670l_pe66.oe66 (.const:ti_sdo_utils_NameServer_E_maxReached__C)
                  008211fc    00000004     vlfft_evmc6670l_pe66.oe66 (.const:ti_sdo_utils_NameServer_Instance_State_freeList__O)
                  00821200    00000004     vlfft_evmc6670l_pe66.oe66 (.const:ti_sdo_utils_NameServer_Instance_State_nameList__O)
                  00821204    00000004     vlfft_evmc6670l_pe66.oe66 (.const:ti_sdo_utils_NameServer_Module__diagsEnabled__C)
                  00821208    00000004     vlfft_evmc6670l_pe66.oe66 (.const:ti_sdo_utils_NameServer_Module__diagsIncluded__C)
                  0082120c    00000004     vlfft_evmc6670l_pe66.oe66 (.const:ti_sdo_utils_NameServer_Module__diagsMask__C)
                  00821210    00000004     vlfft_evmc6670l_pe66.oe66 (.const:ti_sdo_utils_NameServer_Object__count__C)
                  00821214    00000004     vlfft_evmc6670l_pe66.oe66 (.const:ti_sdo_utils_NameServer_Object__table__C)
                  00821218    00000004     vlfft_evmc6670l_pe66.oe66 (.const:ti_sysbios_BIOS_Module__diagsEnabled__C)
                  0082121c    00000004     vlfft_evmc6670l_pe66.oe66 (.const:ti_sysbios_BIOS_Module__diagsIncluded__C)
                  00821220    00000004     vlfft_evmc6670l_pe66.oe66 (.const:ti_sysbios_BIOS_Module__diagsMask__C)
                  00821224    00000004     vlfft_evmc6670l_pe66.oe66 (.const:ti_sysbios_BIOS_installedErrorHook__C)
                  00821228    00000004     vlfft_evmc6670l_pe66.oe66 (.const:ti_sysbios_family_c62_TaskSupport_stackAlignment__C)
                  0082122c    00000004     vlfft_evmc6670l_pe66.oe66 (.const:ti_sysbios_family_c64p_EventCombiner_E_unpluggedEvent__C)
                  00821230    00000004     vlfft_evmc6670l_pe66.oe66 (.const:ti_sysbios_family_c64p_Exception_E_exceptionMin__C)
                  00821234    00000004     vlfft_evmc6670l_pe66.oe66 (.const:ti_sysbios_family_c64p_Exception_exceptionHook__C)
                  00821238    00000004     vlfft_evmc6670l_pe66.oe66 (.const:ti_sysbios_family_c64p_Exception_externalHook__C)
                  0082123c    00000004     vlfft_evmc6670l_pe66.oe66 (.const:ti_sysbios_family_c64p_Exception_internalHook__C)
                  00821240    00000004     vlfft_evmc6670l_pe66.oe66 (.const:ti_sysbios_family_c64p_Exception_nmiHook__C)
                  00821244    00000004     vlfft_evmc6670l_pe66.oe66 (.const:ti_sysbios_family_c64p_Hwi_E_alreadyDefined__C)
                  00821248    00000004     vlfft_evmc6670l_pe66.oe66 (.const:ti_sysbios_family_c64p_Hwi_LD_end__C)
                  0082124c    00000004     vlfft_evmc6670l_pe66.oe66 (.const:ti_sysbios_family_c64p_Hwi_LM_begin__C)
                  00821250    00000004     vlfft_evmc6670l_pe66.oe66 (.const:ti_sysbios_family_c64p_Hwi_Module__diagsEnabled__C)
                  00821254    00000004     vlfft_evmc6670l_pe66.oe66 (.const:ti_sysbios_family_c64p_Hwi_Module__diagsIncluded__C)
                  00821258    00000004     vlfft_evmc6670l_pe66.oe66 (.const:ti_sysbios_family_c64p_Hwi_Module__diagsMask__C)
                  0082125c    00000004     vlfft_evmc6670l_pe66.oe66 (.const:ti_sysbios_family_c64p_Hwi_Module__loggerFxn1__C)
                  00821260    00000004     vlfft_evmc6670l_pe66.oe66 (.const:ti_sysbios_family_c64p_Hwi_Module__loggerFxn8__C)
                  00821264    00000004     vlfft_evmc6670l_pe66.oe66 (.const:ti_sysbios_family_c64p_Hwi_Module__loggerObj__C)
                  00821268    00000004     vlfft_evmc6670l_pe66.oe66 (.const:ti_sysbios_family_c66_Cache_atomicBlockSize__C)
                  0082126c    00000004     vlfft_evmc6670l_pe66.oe66 (.const:ti_sysbios_family_c66_tci66xx_CpIntc_E_unpluggedSysInt__C)
                  00821270    00000004     vlfft_evmc6670l_pe66.oe66 (.const:ti_sysbios_family_c66_tci66xx_CpIntc_hostIntToEventId__C)
                  00821274    00000004     vlfft_evmc6670l_pe66.oe66 (.const:ti_sysbios_family_c66_tci66xx_CpIntc_numStatusRegs__C)
                  00821278    00000004     vlfft_evmc6670l_pe66.oe66 (.const:ti_sysbios_family_c66_tci66xx_CpIntc_numSysInts__C)
                  0082127c    00000004     vlfft_evmc6670l_pe66.oe66 (.const:ti_sysbios_family_c66_tci66xx_CpIntc_sysIntToHostInt__C)
                  00821280    00000004     vlfft_evmc6670l_pe66.oe66 (.const:ti_sysbios_gates_GateMutexPri_A_badContext__C)
                  00821284    00000004     vlfft_evmc6670l_pe66.oe66 (.const:ti_sysbios_gates_GateMutexPri_Instance_State_pendQ__O)
                  00821288    00000004     vlfft_evmc6670l_pe66.oe66 (.const:ti_sysbios_gates_GateMutexPri_Module__diagsEnabled__C)
                  0082128c    00000004     vlfft_evmc6670l_pe66.oe66 (.const:ti_sysbios_gates_GateMutexPri_Module__diagsIncluded__C)
                  00821290    00000004     vlfft_evmc6670l_pe66.oe66 (.const:ti_sysbios_gates_GateMutexPri_Module__diagsMask__C)
                  00821294    00000004     vlfft_evmc6670l_pe66.oe66 (.const:ti_sysbios_gates_GateMutex_A_badContext__C)
                  00821298    00000004     vlfft_evmc6670l_pe66.oe66 (.const:ti_sysbios_gates_GateMutex_Instance_State_sem__O)
                  0082129c    00000004     vlfft_evmc6670l_pe66.oe66 (.const:ti_sysbios_gates_GateMutex_Module__diagsEnabled__C)
                  008212a0    00000004     vlfft_evmc6670l_pe66.oe66 (.const:ti_sysbios_gates_GateMutex_Module__diagsIncluded__C)
                  008212a4    00000004     vlfft_evmc6670l_pe66.oe66 (.const:ti_sysbios_gates_GateMutex_Module__diagsMask__C)
                  008212a8    00000004     vlfft_evmc6670l_pe66.oe66 (.const:ti_sysbios_gates_GateSwi_A_badContext__C)
                  008212ac    00000004     vlfft_evmc6670l_pe66.oe66 (.const:ti_sysbios_gates_GateSwi_Module__diagsEnabled__C)
                  008212b0    00000004     vlfft_evmc6670l_pe66.oe66 (.const:ti_sysbios_gates_GateSwi_Module__diagsIncluded__C)
                  008212b4    00000004     vlfft_evmc6670l_pe66.oe66 (.const:ti_sysbios_gates_GateSwi_Module__diagsMask__C)
                  008212b8    00000004     vlfft_evmc6670l_pe66.oe66 (.const:ti_sysbios_hal_Hwi_E_stackOverflow__C)
                  008212bc    00000004     vlfft_evmc6670l_pe66.oe66 (.const:ti_sysbios_heaps_HeapMem_A_align__C)
                  008212c0    00000004     vlfft_evmc6670l_pe66.oe66 (.const:ti_sysbios_heaps_HeapMem_A_heapSize__C)
                  008212c4    00000004     vlfft_evmc6670l_pe66.oe66 (.const:ti_sysbios_heaps_HeapMem_A_invalidFree__C)
                  008212c8    00000004     vlfft_evmc6670l_pe66.oe66 (.const:ti_sysbios_heaps_HeapMem_A_zeroBlock__C)
                  008212cc    00000004     vlfft_evmc6670l_pe66.oe66 (.const:ti_sysbios_heaps_HeapMem_E_memory__C)
                  008212d0    00000004     vlfft_evmc6670l_pe66.oe66 (.const:ti_sysbios_heaps_HeapMem_Module__diagsEnabled__C)
                  008212d4    00000004     vlfft_evmc6670l_pe66.oe66 (.const:ti_sysbios_heaps_HeapMem_Module__diagsIncluded__C)
                  008212d8    00000004     vlfft_evmc6670l_pe66.oe66 (.const:ti_sysbios_heaps_HeapMem_Module__diagsMask__C)
                  008212dc    00000004     vlfft_evmc6670l_pe66.oe66 (.const:ti_sysbios_heaps_HeapMem_Module__gateObj__C)
                  008212e0    00000004     vlfft_evmc6670l_pe66.oe66 (.const:ti_sysbios_heaps_HeapMem_Object__count__C)
                  008212e4    00000004     vlfft_evmc6670l_pe66.oe66 (.const:ti_sysbios_heaps_HeapMem_Object__table__C)
                  008212e8    00000004     vlfft_evmc6670l_pe66.oe66 (.const:ti_sysbios_heaps_HeapMem_reqAlignMask__C)
                  008212ec    00000004     vlfft_evmc6670l_pe66.oe66 (.const:ti_sysbios_heaps_HeapMem_reqAlign__C)
                  008212f0    00000004     vlfft_evmc6670l_pe66.oe66 (.const:ti_sysbios_knl_Clock_A_badThreadType__C)
                  008212f4    00000004     vlfft_evmc6670l_pe66.oe66 (.const:ti_sysbios_knl_Clock_LM_begin__C)
                  008212f8    00000004     vlfft_evmc6670l_pe66.oe66 (.const:ti_sysbios_knl_Clock_LM_tick__C)
                  008212fc    00000004     vlfft_evmc6670l_pe66.oe66 (.const:ti_sysbios_knl_Clock_LW_delayed__C)
                  00821300    00000004     vlfft_evmc6670l_pe66.oe66 (.const:ti_sysbios_knl_Clock_Module_State_clockQ__O)
                  00821304    00000004     vlfft_evmc6670l_pe66.oe66 (.const:ti_sysbios_knl_Clock_Module__diagsEnabled__C)
                  00821308    00000004     vlfft_evmc6670l_pe66.oe66 (.const:ti_sysbios_knl_Clock_Module__diagsIncluded__C)
                  0082130c    00000004     vlfft_evmc6670l_pe66.oe66 (.const:ti_sysbios_knl_Clock_Module__diagsMask__C)
                  00821310    00000004     vlfft_evmc6670l_pe66.oe66 (.const:ti_sysbios_knl_Clock_Module__loggerFxn1__C)
                  00821314    00000004     vlfft_evmc6670l_pe66.oe66 (.const:ti_sysbios_knl_Clock_Module__loggerFxn2__C)
                  00821318    00000004     vlfft_evmc6670l_pe66.oe66 (.const:ti_sysbios_knl_Clock_Module__loggerObj__C)
                  0082131c    00000004     vlfft_evmc6670l_pe66.oe66 (.const:ti_sysbios_knl_Clock_tickMode__C)
                  00821320    00000004     vlfft_evmc6670l_pe66.oe66 (.const:ti_sysbios_knl_Clock_tickPeriod__C)
                  00821324    00000004     vlfft_evmc6670l_pe66.oe66 (.const:ti_sysbios_knl_Clock_tickSource__C)
                  00821328    00000004     vlfft_evmc6670l_pe66.oe66 (.const:ti_sysbios_knl_Queue_Object__count__C)
                  0082132c    00000004     vlfft_evmc6670l_pe66.oe66 (.const:ti_sysbios_knl_Queue_Object__table__C)
                  00821330    00000004     vlfft_evmc6670l_pe66.oe66 (.const:ti_sysbios_knl_Idle_funcList__A)
                  00821334    00000004     vlfft_evmc6670l_pe66.oe66 (.const:ti_sysbios_knl_Semaphore_A_badContext__C)
                  00821338    00000004     vlfft_evmc6670l_pe66.oe66 (.const:ti_sysbios_knl_Semaphore_A_noEvents__C)
                  0082133c    00000004     vlfft_evmc6670l_pe66.oe66 (.const:ti_sysbios_knl_Semaphore_Instance_State_pendQ__O)
                  00821340    00000004     vlfft_evmc6670l_pe66.oe66 (.const:ti_sysbios_knl_Semaphore_LM_pend__C)
                  00821344    00000004     vlfft_evmc6670l_pe66.oe66 (.const:ti_sysbios_knl_Semaphore_LM_post__C)
                  00821348    00000004     vlfft_evmc6670l_pe66.oe66 (.const:ti_sysbios_knl_Semaphore_Module__diagsEnabled__C)
                  0082134c    00000004     vlfft_evmc6670l_pe66.oe66 (.const:ti_sysbios_knl_Semaphore_Module__diagsIncluded__C)
                  00821350    00000004     vlfft_evmc6670l_pe66.oe66 (.const:ti_sysbios_knl_Semaphore_Module__diagsMask__C)
                  00821354    00000004     vlfft_evmc6670l_pe66.oe66 (.const:ti_sysbios_knl_Semaphore_Module__loggerFxn2__C)
                  00821358    00000004     vlfft_evmc6670l_pe66.oe66 (.const:ti_sysbios_knl_Semaphore_Module__loggerFxn4__C)
                  0082135c    00000004     vlfft_evmc6670l_pe66.oe66 (.const:ti_sysbios_knl_Semaphore_Module__loggerObj__C)
                  00821360    00000004     vlfft_evmc6670l_pe66.oe66 (.const:ti_sysbios_knl_Swi_A_badPriority__C)
                  00821364    00000004     vlfft_evmc6670l_pe66.oe66 (.const:ti_sysbios_knl_Swi_LD_end__C)
                  00821368    00000004     vlfft_evmc6670l_pe66.oe66 (.const:ti_sysbios_knl_Swi_LM_begin__C)
                  0082136c    00000004     vlfft_evmc6670l_pe66.oe66 (.const:ti_sysbios_knl_Swi_LM_post__C)
                  00821370    00000004     vlfft_evmc6670l_pe66.oe66 (.const:ti_sysbios_knl_Swi_Module__diagsEnabled__C)
                  00821374    00000004     vlfft_evmc6670l_pe66.oe66 (.const:ti_sysbios_knl_Swi_Module__diagsIncluded__C)
                  00821378    00000004     vlfft_evmc6670l_pe66.oe66 (.const:ti_sysbios_knl_Swi_Module__diagsMask__C)
                  0082137c    00000004     vlfft_evmc6670l_pe66.oe66 (.const:ti_sysbios_knl_Swi_Module__loggerFxn1__C)
                  00821380    00000004     vlfft_evmc6670l_pe66.oe66 (.const:ti_sysbios_knl_Swi_Module__loggerFxn4__C)
                  00821384    00000004     vlfft_evmc6670l_pe66.oe66 (.const:ti_sysbios_knl_Swi_Module__loggerObj__C)
                  00821388    00000004     vlfft_evmc6670l_pe66.oe66 (.const:ti_sysbios_knl_Swi_Object__count__C)
                  0082138c    00000004     vlfft_evmc6670l_pe66.oe66 (.const:ti_sysbios_knl_Swi_Object__table__C)
                  00821390    00000004     vlfft_evmc6670l_pe66.oe66 (.const:ti_sysbios_knl_Task_A_badPriority__C)
                  00821394    00000004     vlfft_evmc6670l_pe66.oe66 (.const:ti_sysbios_knl_Task_A_badTaskState__C)
                  00821398    00000004     vlfft_evmc6670l_pe66.oe66 (.const:ti_sysbios_knl_Task_A_badThreadType__C)
                  0082139c    00000004     vlfft_evmc6670l_pe66.oe66 (.const:ti_sysbios_knl_Task_A_noPendElem__C)
                  008213a0    00000004     vlfft_evmc6670l_pe66.oe66 (.const:ti_sysbios_knl_Task_E_spOutOfBounds__C)
                  008213a4    00000004     vlfft_evmc6670l_pe66.oe66 (.const:ti_sysbios_knl_Task_E_stackOverflow__C)
                  008213a8    00000004     vlfft_evmc6670l_pe66.oe66 (.const:ti_sysbios_knl_Task_LD_block__C)
                  008213ac    00000004     vlfft_evmc6670l_pe66.oe66 (.const:ti_sysbios_knl_Task_LD_exit__C)
                  008213b0    00000004     vlfft_evmc6670l_pe66.oe66 (.const:ti_sysbios_knl_Task_LD_ready__C)
                  008213b4    00000004     vlfft_evmc6670l_pe66.oe66 (.const:ti_sysbios_knl_Task_LM_setPri__C)
                  008213b8    00000004     vlfft_evmc6670l_pe66.oe66 (.const:ti_sysbios_knl_Task_LM_switch__C)
                  008213bc    00000004     vlfft_evmc6670l_pe66.oe66 (.const:ti_sysbios_knl_Task_LM_yield__C)
                  008213c0    00000004     vlfft_evmc6670l_pe66.oe66 (.const:ti_sysbios_knl_Task_Module_State_inactiveQ__O)
                  008213c4    00000004     vlfft_evmc6670l_pe66.oe66 (.const:ti_sysbios_knl_Task_Module_State_terminatedQ__O)
                  008213c8    00000004     vlfft_evmc6670l_pe66.oe66 (.const:ti_sysbios_knl_Task_Module__diagsEnabled__C)
                  008213cc    00000004     vlfft_evmc6670l_pe66.oe66 (.const:ti_sysbios_knl_Task_Module__diagsIncluded__C)
                  008213d0    00000004     vlfft_evmc6670l_pe66.oe66 (.const:ti_sysbios_knl_Task_Module__diagsMask__C)
                  008213d4    00000004     vlfft_evmc6670l_pe66.oe66 (.const:ti_sysbios_knl_Task_Module__loggerFxn2__C)
                  008213d8    00000004     vlfft_evmc6670l_pe66.oe66 (.const:ti_sysbios_knl_Task_Module__loggerFxn4__C)
                  008213dc    00000004     vlfft_evmc6670l_pe66.oe66 (.const:ti_sysbios_knl_Task_Module__loggerObj__C)
                  008213e0    00000004     vlfft_evmc6670l_pe66.oe66 (.const:ti_sysbios_knl_Task_Object__count__C)
                  008213e4    00000004     vlfft_evmc6670l_pe66.oe66 (.const:ti_sysbios_knl_Task_Object__heap__C)
                  008213e8    00000004     vlfft_evmc6670l_pe66.oe66 (.const:ti_sysbios_knl_Task_Object__table__C)
                  008213ec    00000004     vlfft_evmc6670l_pe66.oe66 (.const:ti_sysbios_knl_Task_allBlockedFunc__C)
                  008213f0    00000004     vlfft_evmc6670l_pe66.oe66 (.const:ti_sysbios_knl_Task_defaultStackHeap__C)
                  008213f4    00000004     vlfft_evmc6670l_pe66.oe66 (.const:ti_sysbios_knl_Task_defaultStackSize__C)
                  008213f8    00000004     vlfft_evmc6670l_pe66.oe66 (.const:ti_sysbios_knl_Task_numConstructedTasks__C)
                  008213fc    00000004     vlfft_evmc6670l_pe66.oe66 (.const:ti_sysbios_knl_Task_numPriorities__C)
                  00821400    00000004     vlfft_evmc6670l_pe66.oe66 (.const:ti_sysbios_syncs_SyncSem_Module__diagsEnabled__C)
                  00821404    00000004     vlfft_evmc6670l_pe66.oe66 (.const:ti_sysbios_syncs_SyncSem_Module__diagsIncluded__C)
                  00821408    00000004     vlfft_evmc6670l_pe66.oe66 (.const:ti_sysbios_syncs_SyncSem_Module__diagsMask__C)
                  0082140c    00000004     vlfft_evmc6670l_pe66.oe66 (.const:ti_sysbios_timers_timer64_Timer_A_notAvailable__C)
                  00821410    00000004     vlfft_evmc6670l_pe66.oe66 (.const:ti_sysbios_timers_timer64_Timer_E_cannotSupport__C)
                  00821414    00000004     vlfft_evmc6670l_pe66.oe66 (.const:ti_sysbios_timers_timer64_Timer_Module__diagsEnabled__C)
                  00821418    00000004     vlfft_evmc6670l_pe66.oe66 (.const:ti_sysbios_timers_timer64_Timer_Module__diagsIncluded__C)
                  0082141c    00000004     vlfft_evmc6670l_pe66.oe66 (.const:ti_sysbios_timers_timer64_Timer_Module__diagsMask__C)
                  00821420    00000004     vlfft_evmc6670l_pe66.oe66 (.const:ti_sysbios_timers_timer64_Timer_anyMask__C)
                  00821424    00000004     vlfft_evmc6670l_pe66.oe66 (.const:ti_sysbios_timers_timer64_Timer_freqDivisor__C)
                  00821428    00000004     vlfft_evmc6670l_pe66.oe66 (.const:ti_sysbios_timers_timer64_Timer_numLocalTimers__C)
                  0082142c    00000004     vlfft_evmc6670l_pe66.oe66 (.const:ti_sysbios_timers_timer64_Timer_numTimerDevices__C)
                  00821430    00000004     vlfft_evmc6670l_pe66.oe66 (.const:ti_sysbios_xdcruntime_GateThreadSupport_Instance_State_gate__O)
                  00821434    00000004     vlfft_evmc6670l_pe66.oe66 (.const:xdc_runtime_Assert_E_assertFailed__C)
                  00821438    00000004     vlfft_evmc6670l_pe66.oe66 (.const:xdc_runtime_Core_A_initializedParams__C)
                  0082143c    00000004     vlfft_evmc6670l_pe66.oe66 (.const:xdc_runtime_Core_Module__diagsEnabled__C)
                  00821440    00000004     vlfft_evmc6670l_pe66.oe66 (.const:xdc_runtime_Core_Module__diagsIncluded__C)
                  00821444    00000004     vlfft_evmc6670l_pe66.oe66 (.const:xdc_runtime_Core_Module__diagsMask__C)
                  00821448    00000004     vlfft_evmc6670l_pe66.oe66 (.const:xdc_runtime_Error_E_generic__C)
                  0082144c    00000004     vlfft_evmc6670l_pe66.oe66 (.const:xdc_runtime_Error_E_memory__C)
                  00821450    00000004     vlfft_evmc6670l_pe66.oe66 (.const:xdc_runtime_Error_Module__diagsEnabled__C)
                  00821454    00000004     vlfft_evmc6670l_pe66.oe66 (.const:xdc_runtime_Error_Module__diagsIncluded__C)
                  00821458    00000004     vlfft_evmc6670l_pe66.oe66 (.const:xdc_runtime_Error_Module__diagsMask__C)
                  0082145c    00000004     vlfft_evmc6670l_pe66.oe66 (.const:xdc_runtime_Error_Module__loggerFxn8__C)
                  00821460    00000004     vlfft_evmc6670l_pe66.oe66 (.const:xdc_runtime_Error_Module__loggerObj__C)
                  00821464    00000004     vlfft_evmc6670l_pe66.oe66 (.const:xdc_runtime_Error_policy__C)
                  00821468    00000004     vlfft_evmc6670l_pe66.oe66 (.const:xdc_runtime_Error_raiseHook__C)
                  0082146c    00000004     vlfft_evmc6670l_pe66.oe66 (.const:xdc_runtime_IGateProvider_Interface__BASE__C)
                  00821470    00000004     vlfft_evmc6670l_pe66.oe66 (.const:xdc_runtime_IHeap_Interface__BASE__C)
                  00821474    00000004     vlfft_evmc6670l_pe66.oe66 (.const:xdc_runtime_IModule_Interface__BASE__C)
                  00821478    00000004     vlfft_evmc6670l_pe66.oe66 (.const:xdc_runtime_Log_L_error__C)
                  0082147c    00000004     vlfft_evmc6670l_pe66.oe66 (.const:xdc_runtime_Memory_defaultHeapInstance__C)
                  00821480    00000004     vlfft_evmc6670l_pe66.oe66 (.const:xdc_runtime_Startup_execImpl__C)
                  00821484    00000004     vlfft_evmc6670l_pe66.oe66 (.const:xdc_runtime_Startup_maxPasses__C)
                  00821488    00000004     vlfft_evmc6670l_pe66.oe66 (.const:xdc_runtime_Startup_sfxnRts__C)
                  0082148c    00000004     vlfft_evmc6670l_pe66.oe66 (.const:xdc_runtime_Startup_sfxnTab__C)
                  00821490    00000004     vlfft_evmc6670l_pe66.oe66 (.const:xdc_runtime_Startup_lastFxns__A)
                  00821494    00000004     vlfft_evmc6670l_pe66.oe66 (.const:xdc_runtime_Startup_startModsFxn__C)
                  00821498    00000004     vlfft_evmc6670l_pe66.oe66 (.const:xdc_runtime_System_Module__gateObj__C)
                  0082149c    00000004     vlfft_evmc6670l_pe66.oe66 (.const:xdc_runtime_System_extendFxn__C)
                  008214a0    00000004     vlfft_evmc6670l_pe66.oe66 (.const:xdc_runtime_System_maxAtexitHandlers__C)
                  008214a4    00000004     vlfft_evmc6670l_pe66.oe66 (.const:xdc_runtime_Text_charTab__C)
                  008214a8    00000004     vlfft_evmc6670l_pe66.oe66 (.const:xdc_runtime_Text_nameEmpty__C)
                  008214ac    00000004     vlfft_evmc6670l_pe66.oe66 (.const:xdc_runtime_Text_nameStatic__C)
                  008214b0    00000004     vlfft_evmc6670l_pe66.oe66 (.const:xdc_runtime_Text_nameUnknown__C)
                  008214b4    00000004     vlfft_evmc6670l_pe66.oe66 (.const:xdc_runtime_Text_nodeTab__C)
                  008214b8    00000004     vlfft_evmc6670l_pe66.oe66 (.const:xdc_runtime_Text_visitRopeFxn__C)
                  008214bc    00000004     vlfft_evmc6670l_pe66.oe66 (.const:xdc_runtime_knl_ISync_Interface__BASE__C)
                  008214c0    00000002     vlfft_evmc6670l_pe66.oe66 (.const:ti_sdo_ipc_GateMP_Module__id__C)
                  008214c2    00000002     --HOLE-- [fill = 0]
                  008214c4    00000002     vlfft_evmc6670l_pe66.oe66 (.const:ti_sdo_ipc_GateMP_Module__loggerDefined__C)
                  008214c6    00000002     --HOLE-- [fill = 0]
                  008214c8    00000002     vlfft_evmc6670l_pe66.oe66 (.const:ti_sdo_ipc_Ipc_Module__id__C)
                  008214ca    00000002     --HOLE-- [fill = 0]
                  008214cc    00000002     vlfft_evmc6670l_pe66.oe66 (.const:ti_sdo_ipc_Ipc_generateSlaveDataForHost__C)
                  008214ce    00000002     --HOLE-- [fill = 0]
                  008214d0    00000002     vlfft_evmc6670l_pe66.oe66 (.const:ti_sdo_ipc_ListMP_Module__id__C)
                  008214d2    00000002     --HOLE-- [fill = 0]
                  008214d4    00000002     vlfft_evmc6670l_pe66.oe66 (.const:ti_sdo_ipc_MessageQ_Module__id__C)
                  008214d6    00000002     --HOLE-- [fill = 0]
                  008214d8    00000002     vlfft_evmc6670l_pe66.oe66 (.const:ti_sdo_ipc_MessageQ_Module__loggerDefined__C)
                  008214da    00000002     --HOLE-- [fill = 0]
                  008214dc    00000002     vlfft_evmc6670l_pe66.oe66 (.const:ti_sdo_ipc_Notify_Module__id__C)
                  008214de    00000002     --HOLE-- [fill = 0]
                  008214e0    00000002     vlfft_evmc6670l_pe66.oe66 (.const:ti_sdo_ipc_Notify_numLines__C)
                  008214e2    00000002     --HOLE-- [fill = 0]
                  008214e4    00000002     vlfft_evmc6670l_pe66.oe66 (.const:ti_sdo_ipc_Notify_reservedEvents__C)
                  008214e6    00000002     --HOLE-- [fill = 0]
                  008214e8    00000002     vlfft_evmc6670l_pe66.oe66 (.const:ti_sdo_ipc_SharedRegion_Module__id__C)
                  008214ea    00000002     --HOLE-- [fill = 0]
                  008214ec    00000002     vlfft_evmc6670l_pe66.oe66 (.const:ti_sdo_ipc_SharedRegion_numEntries__C)
                  008214ee    00000002     --HOLE-- [fill = 0]
                  008214f0    00000002     vlfft_evmc6670l_pe66.oe66 (.const:ti_sdo_ipc_SharedRegion_translate__C)
                  008214f2    00000002     --HOLE-- [fill = 0]
                  008214f4    00000002     vlfft_evmc6670l_pe66.oe66 (.const:ti_sdo_ipc_family_c647x_Interrupt_enableKick__C)
                  008214f6    00000002     --HOLE-- [fill = 0]
                  008214f8    00000002     vlfft_evmc6670l_pe66.oe66 (.const:ti_sdo_ipc_family_c647x_MultiProcSetup_Module__id__C)
                  008214fa    00000002     --HOLE-- [fill = 0]
                  008214fc    00000002     vlfft_evmc6670l_pe66.oe66 (.const:ti_sdo_ipc_gates_GateHWSem_Module__id__C)
                  008214fe    00000002     --HOLE-- [fill = 0]
                  00821500    00000002     vlfft_evmc6670l_pe66.oe66 (.const:ti_sdo_ipc_gates_GateMPSupportNull_Module__id__C)
                  00821502    00000002     --HOLE-- [fill = 0]
                  00821504    00000002     vlfft_evmc6670l_pe66.oe66 (.const:ti_sdo_ipc_gates_GatePeterson_Module__id__C)
                  00821506    00000002     --HOLE-- [fill = 0]
                  00821508    00000002     vlfft_evmc6670l_pe66.oe66 (.const:ti_sdo_ipc_heaps_HeapBufMP_Module__id__C)
                  0082150a    00000002     --HOLE-- [fill = 0]
                  0082150c    00000002     vlfft_evmc6670l_pe66.oe66 (.const:ti_sdo_ipc_heaps_HeapBufMP_trackAllocs__C)
                  0082150e    00000002     --HOLE-- [fill = 0]
                  00821510    00000002     vlfft_evmc6670l_pe66.oe66 (.const:ti_sdo_ipc_heaps_HeapMemMP_Module__id__C)
                  00821512    00000002     --HOLE-- [fill = 0]
                  00821514    00000002     vlfft_evmc6670l_pe66.oe66 (.const:ti_sdo_ipc_notifyDrivers_NotifyDriverCirc_Module__id__C)
                  00821516    00000002     --HOLE-- [fill = 0]
                  00821518    00000002     vlfft_evmc6670l_pe66.oe66 (.const:ti_sdo_ipc_notifyDrivers_NotifyDriverCirc_enableStats__C)
                  0082151a    00000002     --HOLE-- [fill = 0]
                  0082151c    00000002     vlfft_evmc6670l_pe66.oe66 (.const:ti_sdo_ipc_nsremote_NameServerRemoteNotify_Module__id__C)
                  0082151e    00000002     --HOLE-- [fill = 0]
                  00821520    00000002     vlfft_evmc6670l_pe66.oe66 (.const:ti_sdo_ipc_transports_TransportShmNotify_alwaysWriteBackMsg__C)
                  00821522    00000002     --HOLE-- [fill = 0]
                  00821524    00000002     vlfft_evmc6670l_pe66.oe66 (.const:ti_sdo_ipc_transports_TransportShmNotify_notifyEventId__C)
                  00821526    00000002     --HOLE-- [fill = 0]
                  00821528    00000002     vlfft_evmc6670l_pe66.oe66 (.const:ti_sdo_utils_MultiProc_Module__id__C)
                  0082152a    00000002     --HOLE-- [fill = 0]
                  0082152c    00000002     vlfft_evmc6670l_pe66.oe66 (.const:ti_sdo_utils_MultiProc_numProcessors__C)
                  0082152e    00000002     --HOLE-- [fill = 0]
                  00821530    00000002     vlfft_evmc6670l_pe66.oe66 (.const:ti_sdo_utils_MultiProc_numProcsInCluster__C)
                  00821532    00000002     --HOLE-- [fill = 0]
                  00821534    00000002     vlfft_evmc6670l_pe66.oe66 (.const:ti_sdo_utils_NameServer_Module__id__C)
                  00821536    00000002     --HOLE-- [fill = 0]
                  00821538    00000002     vlfft_evmc6670l_pe66.oe66 (.const:ti_sdo_utils_NameServer_singleProcessor__C)
                  0082153a    00000002     --HOLE-- [fill = 0]
                  0082153c    00000002     vlfft_evmc6670l_pe66.oe66 (.const:ti_sysbios_BIOS_Module__id__C)
                  0082153e    00000002     --HOLE-- [fill = 0]
                  00821540    00000002     vlfft_evmc6670l_pe66.oe66 (.const:ti_sysbios_family_c64p_EventCombiner_Module__id__C)
                  00821542    00000002     --HOLE-- [fill = 0]
                  00821544    00000002     vlfft_evmc6670l_pe66.oe66 (.const:ti_sysbios_family_c64p_Exception_Module__id__C)
                  00821546    00000002     --HOLE-- [fill = 0]
                  00821548    00000002     vlfft_evmc6670l_pe66.oe66 (.const:ti_sysbios_family_c64p_Hwi_Module__id__C)
                  0082154a    00000002     --HOLE-- [fill = 0]
                  0082154c    00000002     vlfft_evmc6670l_pe66.oe66 (.const:ti_sysbios_family_c64p_Hwi_Module__loggerDefined__C)
                  0082154e    00000002     --HOLE-- [fill = 0]
                  00821550    00000002     vlfft_evmc6670l_pe66.oe66 (.const:ti_sysbios_family_c66_tci66xx_CpIntc_Module__id__C)
                  00821552    00000002     --HOLE-- [fill = 0]
                  00821554    00000002     vlfft_evmc6670l_pe66.oe66 (.const:ti_sysbios_gates_GateMutexPri_Module__id__C)
                  00821556    00000002     --HOLE-- [fill = 0]
                  00821558    00000002     vlfft_evmc6670l_pe66.oe66 (.const:ti_sysbios_gates_GateMutex_Module__id__C)
                  0082155a    00000002     --HOLE-- [fill = 0]
                  0082155c    00000002     vlfft_evmc6670l_pe66.oe66 (.const:ti_sysbios_gates_GateSwi_Module__id__C)
                  0082155e    00000002     --HOLE-- [fill = 0]
                  00821560    00000002     vlfft_evmc6670l_pe66.oe66 (.const:ti_sysbios_hal_Hwi_Module__id__C)
                  00821562    00000002     --HOLE-- [fill = 0]
                  00821564    00000002     vlfft_evmc6670l_pe66.oe66 (.const:ti_sysbios_heaps_HeapMem_Module__id__C)
                  00821566    00000002     --HOLE-- [fill = 0]
                  00821568    00000002     vlfft_evmc6670l_pe66.oe66 (.const:ti_sysbios_knl_Clock_Module__id__C)
                  0082156a    00000002     --HOLE-- [fill = 0]
                  0082156c    00000002     vlfft_evmc6670l_pe66.oe66 (.const:ti_sysbios_knl_Clock_Module__loggerDefined__C)
                  0082156e    00000002     --HOLE-- [fill = 0]
                  00821570    00000002     vlfft_evmc6670l_pe66.oe66 (.const:ti_sysbios_knl_Semaphore_Module__id__C)
                  00821572    00000002     --HOLE-- [fill = 0]
                  00821574    00000002     vlfft_evmc6670l_pe66.oe66 (.const:ti_sysbios_knl_Semaphore_Module__loggerDefined__C)
                  00821576    00000002     --HOLE-- [fill = 0]
                  00821578    00000002     vlfft_evmc6670l_pe66.oe66 (.const:ti_sysbios_knl_Swi_Module__id__C)
                  0082157a    00000002     --HOLE-- [fill = 0]
[...]
822371c0   ti_sdo_ipc_nsremote_NameServerRemoteNotify_Object__first__S
82237200   ti_sdo_ipc_nsremote_NameServerRemoteNotify_Object__next__S
82237240   ti_sdo_ipc_nsremote_NameServerRemoteNotify_Params__init__S
82237280   ti_sdo_ipc_nsremote_NameServerRemoteNotify_get__E
822372c0   ti_sdo_ipc_nsremote_NameServerRemoteNotify_sharedMemReq__E
82237300   ti_sdo_ipc_transports_TransportShmNotify_Handle__label__S
82237340   ti_sdo_ipc_transports_TransportShmNotify_Params__init__S
82237380   ti_sdo_utils_List_Object__destruct__S
822373c0   ti_sdo_utils_NameServer_Module__startupDone__F
82237400   ti_sdo_utils_NameServer_Object__first__S
82237440   ti_sdo_utils_NameServer_Object__next__S
82237480   ti_sysbios_BIOS_startFunc__I
822374c0   ti_sysbios_BIOS_start__E
82237500   ti_sysbios_family_c64p_EventCombiner_disableEvent__F
82237540   ti_sysbios_family_c64p_EventCombiner_dispatchPlug__E
82237580   ti_sysbios_family_c64p_EventCombiner_enableEvent__F
822375c0   ti_sysbios_family_c64p_Hwi_Module__startupDone__F
82237600   ti_sysbios_family_c64p_Hwi_Params__init__S
82237640   ti_sysbios_family_c64p_Hwi_disableInterrupt__E
82237680   ti_sysbios_family_c64p_Hwi_enableInterrupt__E
822376c0   ti_sysbios_family_c66_Cache_wait__E
82237700   ti_sysbios_family_c66_tci66xx_CpIntc_dispatchPlug__E
82237740   ti_sysbios_family_c66_tci66xx_CpIntc_dispatchPlug__F
82237780   ti_sysbios_family_c66_tci66xx_CpIntc_enableAllHostInts__F
822377c0   ti_sysbios_gates_GateAll_Handle__label__S
82237800   ti_sysbios_gates_GateAll_Object__delete__S
82237840   ti_sysbios_gates_GateHwi_Handle__label__S
82237880   ti_sysbios_gates_GateHwi_Object__delete__S
822378c0   ti_sysbios_gates_GateMutexPri_Handle__label__S
82237900   ti_sysbios_gates_GateMutexPri_Instance_finalize__F
82237940   ti_sysbios_gates_GateMutexPri_Instance_init__F
82237980   ti_sysbios_gates_GateMutexPri_Object__destruct__S
822379c0   ti_sysbios_gates_GateMutex_Handle__label__S
82237a00   ti_sysbios_gates_GateMutex_Instance_finalize__F
82237a40   ti_sysbios_gates_GateMutex_leave__E
82237a80   ti_sysbios_gates_GateSwi_Handle__label__S
82237ac0   ti_sysbios_gates_GateSwi_Object__delete__S
82237b00   ti_sysbios_hal_Cache_CacheProxy_inv__E
82237b00   ti_sysbios_hal_Cache_inv__E
82237b40   ti_sysbios_hal_Cache_CacheProxy_wbInv__E
82237b40   ti_sysbios_hal_Cache_wbInv__E
82237b80   ti_sysbios_hal_Cache_CacheProxy_wb__E
82237b80   ti_sysbios_hal_Cache_wb__E
82237bc0   ti_sysbios_hal_Timer_Module__startupDone__F
82237c00   ti_sysbios_heaps_HeapMem_Handle__label__S
82237c40   ti_sysbios_heaps_HeapMem_Object__delete__S
82237c80   ti_sysbios_knl_Clock_Object__destruct__S
82237cc0   ti_sysbios_knl_Clock_Params__init__S
82237d00   ti_sysbios_knl_Queue_Object__destruct__S
82237d40   ti_sysbios_knl_Semaphore_Instance_finalize__F
82237d80   ti_sysbios_knl_Semaphore_Object__destruct__S
82237dc0   ti_sysbios_knl_Semaphore_Params__init__S
82237e00   ti_sysbios_knl_Swi_Object__destruct__S
82237e40   ti_sysbios_knl_Swi_Params__init__S
82237e80   ti_sysbios_knl_Task_Object__first__S
82237ec0   ti_sysbios_knl_Task_Object__next__S
82237f00   ti_sysbios_knl_Task_Params__init__S
82237f40   ti_sysbios_syncs_SyncSem_Handle__label__S
82237f80   ti_sysbios_syncs_SyncSem_Instance_finalize__F
82237fc0   ti_sysbios_timers_timer64_Timer_Module__startupDone__F
82238000   ti_sysbios_xdcruntime_GateThreadSupport_Instance_finalize__F
82238040   ti_sysbios_xdcruntime_GateThreadSupport_Instance_init__F
82238080   ti_sysbios_xdcruntime_GateThreadSupport_enter__F
822380c0   TSC_enable
822380c8   TSC_read
82238100   xdc_runtime_Error_check__F
82238140   xdc_runtime_Error_init__F
82238180   xdc_runtime_Error_raiseX__E
822381c0   xdc_runtime_GateNull_Handle__label__S
82238200   xdc_runtime_GateNull_Object__delete__S
82238240   xdc_runtime_Gate_leaveSystem__F
82238300   xdc_runtime_Memory_free__F
82238340   xdc_runtime_Registry_findById__F
82238380   xdc_runtime_Startup_exec__I
822383c0   xdc_runtime_System_abort__F
82238400   xdc_runtime_System_aprintf__E
82238440   xdc_runtime_System_printf__E
82238480   xdc_runtime_System_sprintf__E
822384c0   xdc_runtime_Text_ropeText__F
82238500   xdc_runtime_Text_visitRope__I
82238540   xdc_runtime_knl_GateThread_Handle__label__S
82238580   xdc_runtime_knl_GateThread_Instance_finalize__F
822385c0   xdc_runtime_knl_GateThread_Instance_init__F
82238600   xdc_runtime_knl_GateThread_Proxy_Object__create__S
82238640   MultiProc_self
82238660   __c6xabi_negll
82238680   __c6xabi_trunc
822386a0   __cxa_atexit
822386c0   __cxa_ia64_exit
822386e0   __xdc__init
82238700   _nop
822387a0   _register_lock
822387c0   _register_unlock
822387e0   ti_sysbios_family_c62_TaskSupport_glue
82238800   ti_sysbios_family_xxx_Hwi_switchToTaskStack
82238820   C$$EXIT
82238820   abort
82238840   atexit
82238860   __TI_decompress_none
82238880   __TI_decompress_rle24
822388a0   determineProcId
822388c0   edma3MemZero
822388e0   edma3ParamCpy
82238900   isGblConfigRequired
82238920   lisrEdma3CCErrHandler0
82238940   lisrEdma3ComplHandler0
82238960   lisrEdma3TC0ErrHandler0
82238980   lisrEdma3TC1ErrHandler0
822389a0   lisrEdma3TC2ErrHandler0
822389c0   lisrEdma3TC3ErrHandler0
822389e0   lisrEdma3TC4ErrHandler0
82238a00   lisrEdma3TC5ErrHandler0
82238a20   lisrEdma3TC6ErrHandler0
82238a40   lisrEdma3TC7ErrHandler0
82238a80   putc
82238aa0   putchar
82238ac0   ti_sdo_ipc_GateMP_RemoteCustom1Proxy_Object__delete__S
82238ae0   ti_sdo_ipc_GateMP_RemoteCustom1Proxy_Params__init__S
82238b00   ti_sdo_ipc_GateMP_RemoteCustom1Proxy_Proxy__abstract__S
82238b20   ti_sdo_ipc_GateMP_RemoteCustom1Proxy_Proxy__delegate__S
82238b40   ti_sdo_ipc_GateMP_RemoteCustom1Proxy_getReservedMask__E
82238b60   ti_sdo_ipc_GateMP_RemoteCustom1Proxy_sharedMemReq__E
82238b80   ti_sdo_ipc_GateMP_RemoteCustom2Proxy_Object__delete__S
82238ba0   ti_sdo_ipc_GateMP_RemoteCustom2Proxy_Params__init__S
82238bc0   ti_sdo_ipc_GateMP_RemoteCustom2Proxy_Proxy__abstract__S
82238be0   ti_sdo_ipc_GateMP_RemoteCustom2Proxy_Proxy__delegate__S
82238c00   ti_sdo_ipc_GateMP_RemoteCustom2Proxy_getReservedMask__E
82238c20   ti_sdo_ipc_GateMP_RemoteCustom2Proxy_sharedMemReq__E
82238c40   ti_sdo_ipc_GateMP_RemoteSystemProxy_Object__delete__S
82238c60   ti_sdo_ipc_GateMP_RemoteSystemProxy_Params__init__S
82238c80   ti_sdo_ipc_GateMP_RemoteSystemProxy_Proxy__abstract__S
82238ca0   ti_sdo_ipc_GateMP_RemoteSystemProxy_Proxy__delegate__S
82238cc0   ti_sdo_ipc_GateMP_RemoteSystemProxy_getReservedMask__E
82238ce0   ti_sdo_ipc_GateMP_RemoteSystemProxy_sharedMemReq__E
82238d00   ti_sdo_ipc_GateMP_attach__E
82238d20   ti_sdo_ipc_GateMP_getRegion0ReservedSize__E
82238d40   ti_sdo_ipc_GateMP_getSharedAddr__E
82238d60   ti_sdo_ipc_GateMP_getSharedAddr__F
82238d80   ti_sdo_ipc_GateMP_start__E
82238da0   ti_sdo_ipc_MessageQ_Module_startup__E
82238dc0   ti_sdo_ipc_MessageQ_SetupTransportProxy_attach__E
82238de0   ti_sdo_ipc_MessageQ_SetupTransportProxy_isRegistered__E
82238e00   ti_sdo_ipc_MessageQ_SetupTransportProxy_sharedMemReq__E
82238e20   ti_sdo_ipc_MessageQ_unregisterTransport__E
82238e40   ti_sdo_ipc_Notify_Module_GateProxy_enter__E
82238e60   ti_sdo_ipc_Notify_Module_GateProxy_leave__E
82238e80   ti_sdo_ipc_Notify_Module_startup__E
82238ea0   ti_sdo_ipc_Notify_SetupProxy_attach__E
82238ec0   ti_sdo_ipc_Notify_SetupProxy_numIntLines__E
82238ee0   ti_sdo_ipc_Notify_SetupProxy_sharedMemReq__E
82238f00   ti_sdo_ipc_Notify_exec__E
82238f20   ti_sdo_ipc_SharedRegion_attach__E
82238f40   ti_sdo_ipc_SharedRegion_clearReservedMemory__E
82238f60   ti_sdo_ipc_SharedRegion_reserveMemory__E
82238f80   ti_sdo_ipc_SharedRegion_start__E
82238fa0   ti_sdo_ipc_family_c647x_Interrupt_Module_startup__E
82238fc0   ti_sdo_ipc_family_c647x_Interrupt_intDisable__E
82238fe0   ti_sdo_ipc_family_c647x_Interrupt_intEnable__E
82239000   ti_sdo_ipc_family_c647x_NotifyCircSetup_numIntLines__E
82239020   ti_sdo_ipc_gates_GateHWSem_Module_startup__E
82239040   ti_sdo_ipc_gates_GateHWSem_getReservedMask__E
82239060   ti_sdo_ipc_gates_GateHWSem_query__E
82239080   ti_sdo_ipc_gates_GateHWSem_query__F
822390a0   ti_sdo_ipc_gates_GateHWSem_sharedMemReq__E
822390c0   ti_sdo_ipc_gates_GateMPSupportNull_Instance_init__F
822390e0   ti_sdo_ipc_gates_GateMPSupportNull_getReservedMask__E
82239100   ti_sdo_ipc_gates_GateMPSupportNull_query__E
82239120   ti_sdo_ipc_gates_GateMPSupportNull_query__F
82239140   ti_sdo_ipc_gates_GateMPSupportNull_sharedMemReq__E
82239160   ti_sdo_ipc_gates_GatePeterson_getReservedMask__E
82239180   ti_sdo_ipc_gates_GatePeterson_query__E
822391a0   ti_sdo_ipc_gates_GatePeterson_query__F
822391c0   ti_sdo_ipc_heaps_HeapBufMP_getStats__E
822391e0   ti_sdo_ipc_heaps_HeapBufMP_isBlocking__E
82239200   ti_sdo_ipc_heaps_HeapBufMP_isBlocking__F
82239220   ti_sdo_ipc_heaps_HeapMemMP_isBlocking__E
82239240   ti_sdo_ipc_heaps_HeapMemMP_isBlocking__F
82239260   ti_sdo_ipc_notifyDrivers_NotifyDriverCirc_InterruptProxy_intClear__E
82239280   ti_sdo_ipc_notifyDrivers_NotifyDriverCirc_InterruptProxy_intDisable__E
822392a0   ti_sdo_ipc_notifyDrivers_NotifyDriverCirc_InterruptProxy_intEnable__E
822392c0   ti_sdo_ipc_notifyDrivers_NotifyDriverCirc_InterruptProxy_intSend__E
822392e0   ti_sdo_ipc_notifyDrivers_NotifyDriverCirc_InterruptProxy_intUnregister__E
82239300   ti_sdo_ipc_notifyDrivers_NotifyDriverCirc_setNotifyHandle__E
82239320   ti_sdo_ipc_notifyDrivers_NotifyDriverCirc_sharedMemReq__E
82239340   ti_sdo_ipc_nsremote_NameServerRemoteNotify_cbFxn__I
82239360   ti_sdo_ipc_transports_TransportShmNotifySetup_isRegistered__E
82239380   ti_sdo_ipc_transports_TransportShmNotifySetup_sharedMemReq__E
822393a0   ti_sdo_ipc_transports_TransportShmNotify_control__E
822393c0   ti_sdo_ipc_transports_TransportShmNotify_getStatus__E
822393e0   ti_sdo_ipc_transports_TransportShmNotify_setErrFxn__E
82239400   ti_sdo_ipc_transports_TransportShmNotify_setErrFxn__F
82239420   ti_sdo_utils_List_Instance_init__F
82239440   ti_sdo_utils_MultiProc_getClusterId__E
82239460   ti_sdo_utils_MultiProc_getClusterId__F
82239480   ti_sdo_utils_NameServer_Module__startupDone__S
822394a0   ti_sdo_utils_NameServer_Module_startup__E
822394c0   ti_sdo_utils_NameServer_SetupProxy_attach__E
822394e0   ti_sdo_utils_NameServer_SetupProxy_sharedMemReq__E
82239500   ti_sysbios_BIOS_RtsGateProxy_enter__E
82239520   ti_sysbios_BIOS_RtsGateProxy_leave__E
82239540   ti_sysbios_BIOS_getThreadType__E
82239560   ti_sysbios_BIOS_setThreadType__E
82239580   ti_sysbios_family_c62_TaskSupport_Module__startupDone__S
822395a0   ti_sysbios_family_c62_TaskSupport_checkStack__E
822395c0   ti_sysbios_family_c62_TaskSupport_getStackAlignment__E
822395e0   ti_sysbios_family_c64p_EventCombiner_Module_startup__E
82239600   ti_sysbios_family_c64p_EventCombiner_disableEvent__E
82239620   ti_sysbios_family_c64p_EventCombiner_dispatch__E
82239640   ti_sysbios_family_c64p_EventCombiner_enableEvent__E
82239660   ti_sysbios_family_c64p_EventCombiner_unused__E
82239680   ti_sysbios_family_c64p_Exception_Module_startup__E
822396a0   ti_sysbios_family_c64p_Hwi_Module__startupDone__S
822396c0   ti_sysbios_family_c64p_Hwi_Module_startup__E
822396e0   ti_sysbios_family_c64p_Hwi_clearInterrupt__E
82239700   ti_sysbios_family_c64p_Hwi_disable__E
82239720   ti_sysbios_family_c64p_Hwi_getHandle__E
82239740   ti_sysbios_family_c64p_Hwi_restore__E
82239760   ti_sysbios_family_c64p_Hwi_startup__E
82239780   ti_sysbios_family_c64p_Hwi_switchFromBootStack__E
822397a0   ti_sysbios_family_c64p_Hwi_unPluggedInterrupt__I
822397c0   ti_sysbios_family_c64p_TimestampProvider_Module_startup__E
822397e0   ti_sysbios_family_c64p_TimestampProvider_Module_startup__F
82239800   ti_sysbios_family_c64p_TimestampProvider_get32__E
82239820   ti_sysbios_family_c64p_tci6488_TimerSupport_enable__E
82239840   ti_sysbios_family_c66_Cache_Module_startup__E
82239860   ti_sysbios_family_c66_Cache_inv__E
82239880   ti_sysbios_family_c66_Cache_wbInv__E
822398a0   ti_sysbios_family_c66_Cache_wb__E
822398c0   ti_sysbios_family_c66_tci66xx_CpIntc_Module_startup__E
822398e0   ti_sysbios_family_c66_tci66xx_CpIntc_dispatch__E
82239900   ti_sysbios_family_c66_tci66xx_CpIntc_enableAllHostInts__E
82239920   ti_sysbios_family_c66_tci66xx_CpIntc_enableHostInt__E
82239940   ti_sysbios_family_c66_tci66xx_CpIntc_enableHostInt__F
82239960   ti_sysbios_family_c66_tci66xx_CpIntc_getEventId__E
82239980   ti_sysbios_family_c66_tci66xx_CpIntc_getEventId__F
822399a0   ti_sysbios_family_c66_tci66xx_CpIntc_mapSysIntToHostInt__E
822399c0   ti_sysbios_family_c66_tci66xx_CpIntc_unused__E
822399e0   ti_sysbios_gates_GateAll_Instance_init__F
82239a00   ti_sysbios_gates_GateAll_query__E
82239a20   ti_sysbios_gates_GateAll_query__F
82239a40   ti_sysbios_gates_GateHwi_Instance_init__F
82239a60   ti_sysbios_gates_GateHwi_enter__E
82239a80   ti_sysbios_gates_GateHwi_leave__E
82239aa0   ti_sysbios_gates_GateHwi_query__E
82239ac0   ti_sysbios_gates_GateHwi_query__F
82239ae0   ti_sysbios_gates_GateMutexPri_query__E
82239ae0   ti_sysbios_xdcruntime_GateProcessSupport_query__F
82239ae0   ti_sysbios_xdcruntime_GateThreadSupport_query__F
82239b00   ti_sysbios_gates_GateMutexPri_query__F
82239b20   ti_sysbios_gates_GateMutex_query__E
82239b40   ti_sysbios_gates_GateMutex_query__F
82239b60   ti_sysbios_gates_GateSwi_Instance_init__F
82239b80   ti_sysbios_gates_GateSwi_query__E
82239ba0   ti_sysbios_gates_GateSwi_query__F
82239bc0   ti_sysbios_hal_Cache_CacheProxy_wait__E
82239bc0   ti_sysbios_hal_Cache_wait__E
82239be0   ti_sysbios_hal_Hwi_HwiProxy_Module__startupDone__S
82239c00   ti_sysbios_hal_Hwi_HwiProxy_clearInterrupt__E
82239c00   ti_sysbios_hal_Hwi_clearInterrupt__E
82239c20   ti_sysbios_hal_Hwi_HwiProxy_disableInterrupt__E
82239c20   ti_sysbios_hal_Hwi_disableInterrupt__E
82239c40   ti_sysbios_hal_Hwi_HwiProxy_enableInterrupt__E
82239c40   ti_sysbios_hal_Hwi_enableInterrupt__E
82239c60   ti_sysbios_hal_Hwi_HwiProxy_startup__E
82239c60   ti_sysbios_hal_Hwi_startup__E
82239c80   ti_sysbios_hal_Hwi_HwiProxy_switchFromBootStack__E
82239c80   ti_sysbios_hal_Hwi_switchFromBootStack__E
82239ca0   ti_sysbios_hal_Hwi_Module_startup__E
82239cc0   ti_sysbios_hal_Hwi_Module_startup__F
82239ce0   ti_sysbios_hal_Timer_Module__startupDone__S
82239d00   ti_sysbios_hal_Timer_Module_startup__E
82239d20   ti_sysbios_hal_Timer_Module_startup__F
82239d40   ti_sysbios_hal_Timer_TimerProxy_Module__startupDone__S
82239d60   ti_sysbios_hal_Timer_TimerProxy_getExpiredCounts__E
82239d80   ti_sysbios_hal_Timer_TimerProxy_getPeriod__E
82239da0   ti_sysbios_hal_Timer_TimerProxy_setNextTick__E
82239dc0   ti_sysbios_hal_Timer_TimerProxy_startup__E
82239dc0   ti_sysbios_hal_Timer_startup__E
82239de0   ti_sysbios_heaps_HeapMem_Module_GateProxy_enter__E
82239e00   ti_sysbios_heaps_HeapMem_Module_GateProxy_leave__E
82239e20   ti_sysbios_heaps_HeapMem_Module_GateProxy_query__E
82239e40   ti_sysbios_heaps_HeapMem_isBlocking__E
82239e80   ti_sysbios_knl_Clock_Module_startup__E
82239ea0   ti_sysbios_knl_Queue_Instance_init__F
82239ec0   ti_sysbios_knl_Queue_empty__E
82239ee0   ti_sysbios_knl_Swi_Module_startup__E
82239f00   ti_sysbios_knl_Swi_disable__E
82239f20   ti_sysbios_knl_Task_Module_startup__E
82239f40   ti_sysbios_knl_Task_SupportProxy_Module__startupDone__S
82239f60   ti_sysbios_knl_Task_SupportProxy_checkStack__E
82239f80   ti_sysbios_knl_Task_SupportProxy_getStackAlignment__E
82239fa0   ti_sysbios_knl_Task_SupportProxy_start__E
82239fc0   ti_sysbios_knl_Task_SupportProxy_swap__E
82239fe0   ti_sysbios_knl_Task_disable__E
8223a000   ti_sysbios_knl_Task_enable__E
8223a020   ti_sysbios_knl_Task_getPri__E
8223a040   ti_sysbios_knl_Task_self__E
8223a060   ti_sysbios_syncs_SyncSem_query__E
8223a080   ti_sysbios_syncs_SyncSem_query__F
8223a0a0   ti_sysbios_syncs_SyncSem_signal__E
8223a0c0   ti_sysbios_syncs_SyncSem_signal__F
8223a0e0   ti_sysbios_syncs_SyncSem_wait__E
8223a100   ti_sysbios_timers_timer64_Timer_Module__startupDone__S
8223a120   ti_sysbios_timers_timer64_Timer_Module_startup__E
8223a140   ti_sysbios_timers_timer64_Timer_TimerSupportProxy_enable__E
8223a160   ti_sysbios_timers_timer64_Timer_setNextTick__E
8223a180   ti_sysbios_xdcruntime_GateThreadSupport_enter__E
8223a1a0   ti_sysbios_xdcruntime_GateThreadSupport_leave__E
8223a1c0   ti_sysbios_xdcruntime_GateThreadSupport_query__E
8223a200   xdc_runtime_Error_check__E
8223a220   xdc_runtime_Error_init__E
8223a240   xdc_runtime_Error_print__E
8223a260   xdc_runtime_GateNull_enter__E
8223a280   xdc_runtime_GateNull_enter__F
8223a2a0   xdc_runtime_GateNull_leave__E
8223a2c0   xdc_runtime_GateNull_leave__F
8223a2e0   xdc_runtime_GateNull_query__E
8223a300   xdc_runtime_GateNull_query__F
8223a320   xdc_runtime_Gate_enterSystem__E
8223a340   xdc_runtime_Gate_enterSystem__F
8223a360   xdc_runtime_Gate_leaveSystem__E
8223a380   xdc_runtime_Memory_HeapProxy_alloc__E
8223a3a0   xdc_runtime_Memory_HeapProxy_free__E
8223a3c0   xdc_runtime_Memory_alloc__E
8223a3e0   xdc_runtime_Memory_calloc__E
8223a400   xdc_runtime_Memory_free__E
8223a420   xdc_runtime_Memory_getMaxDefaultTypeAlign__E
8223a440   xdc_runtime_Memory_getMaxDefaultTypeAlign__F
8223a460   xdc_runtime_Registry_findById__E
8223a480   xdc_runtime_Startup_Module__startupDone__S
8223a4a0   xdc_runtime_Startup_exec__E
8223a4c0   xdc_runtime_Startup_reset__I
8223a4e0   xdc_runtime_Startup_rtsDone__E
8223a500   xdc_runtime_Startup_rtsDone__F
8223a520   xdc_runtime_SysStd_abort__E
8223a540   xdc_runtime_SysStd_exit__E
8223a560   xdc_runtime_SysStd_exit__F
8223a580   xdc_runtime_SysStd_putch__E
8223a5a0   xdc_runtime_SysStd_putch__F
8223a5c0   xdc_runtime_SysStd_ready__E
8223a5e0   xdc_runtime_SysStd_ready__F
8223a600   xdc_runtime_System_Module_GateProxy_enter__E
8223a620   xdc_runtime_System_Module_GateProxy_leave__E
8223a640   xdc_runtime_System_Module_startup__E
8223a660   xdc_runtime_System_Module_startup__F
8223a680   xdc_runtime_System_SupportProxy_abort__E
8223a6a0   xdc_runtime_System_SupportProxy_exit__E
8223a6c0   xdc_runtime_System_SupportProxy_putch__E
8223a6e0   xdc_runtime_System_SupportProxy_ready__E
8223a700   xdc_runtime_System_abort__E
8223a720   xdc_runtime_System_atexit__E
8223a740   xdc_runtime_System_exit__E
8223a760   xdc_runtime_System_exit__F
8223a780   xdc_runtime_System_lastFxn__I
8223a7a0   xdc_runtime_System_vsprintf__E
8223a7c0   xdc_runtime_System_sprintf_va__F
8223a7c0   xdc_runtime_System_vsprintf__F
8223a7e0   xdc_runtime_Text_cordText__E
8223a800   xdc_runtime_Text_putLab__E
8223a820   xdc_runtime_Text_putSite__E
8223a840   xdc_runtime_Text_ropeText__E
8223a860   xdc_runtime_Timestamp_SupportProxy_get32__E
8223a860   xdc_runtime_Timestamp_get32__F
8223a880   xdc_runtime_Timestamp_get32__E
8223a8a0   xdc_runtime_knl_GateThread_Module__startupDone__S
8223a8c0   xdc_runtime_knl_GateThread_Proxy_Object__delete__S
8223a8e0   xdc_runtime_knl_GateThread_Proxy_enter__E
8223a900   xdc_runtime_knl_GateThread_Proxy_leave__E
8223a920   xdc_runtime_knl_GateThread_Proxy_query__E
8223a920   xdc_runtime_knl_GateThread_query__F
8223a940   xdc_runtime_knl_GateThread_enter__E
8223a960   xdc_runtime_knl_GateThread_enter__F
8223a980   xdc_runtime_knl_GateThread_leave__E
8223a9a0   xdc_runtime_knl_GateThread_leave__F
8223a9c0   xdc_runtime_knl_GateThread_query__E
8223ac00   ti_sysbios_family_c64p_Hwi0
8223ac20   ti_sysbios_family_c64p_Hwi1
8223ac40   ti_sysbios_family_c64p_Hwi2
8223ac60   ti_sysbios_family_c64p_Hwi3
8223ac80   ti_sysbios_family_c64p_Hwi4
8223aca0   ti_sysbios_family_c64p_Hwi5
8223acc0   ti_sysbios_family_c64p_Hwi6
8223ace0   ti_sysbios_family_c64p_Hwi7
8223ad00   ti_sysbios_family_c64p_Hwi8
8223ad20   ti_sysbios_family_c64p_Hwi9
8223ad40   ti_sysbios_family_c64p_Hwi10
8223ad60   ti_sysbios_family_c64p_Hwi11
8223ad80   ti_sysbios_family_c64p_Hwi12
8223ada0   ti_sysbios_family_c64p_Hwi13
8223adc0   ti_sysbios_family_c64p_Hwi14
8223ade0   ti_sysbios_family_c64p_Hwi15
ffffffff   __TI_pprof_out_hndl
ffffffff   __TI_prof_data_size
ffffffff   __TI_prof_data_start
ffffffff   __binit__
ffffffff   __c_args__
ffffffff   binit

[1587 symbols]
